In file included from src/slus_006.64/system/animation_scripts.c:3:
include/system/memory.h:10:14: warning: conflicting types for built-in function ‘strlen’; expected ‘long unsigned int(const char *)’ [-Wbuiltin-declaration-mismatch]
   10 | extern u_int strlen(char* pString);
      |              ^~~~~~
include/system/memory.h:5:1: note: ‘strlen’ is declared in header ‘<string.h>’
    4 | #include "main/main.h"
  +++ |+#include <string.h>
    5 | 
src/slus_006.64/system/animation_scripts.c: In function ‘AnimationSoundBankSelector’:
src/slus_006.64/system/animation_scripts.c:136:5: warning: implicit declaration of function ‘memcpy’ [-Wimplicit-function-declaration]
  136 |     memcpy(&bank, PSX_ADDR(0x8005919C), sizeof(bank));
      |     ^~~~~~
src/slus_006.64/system/animation_scripts.c:134:1: note: include ‘<string.h>’ or provide a declaration of ‘memcpy’
  133 | #include "../../../pc_port/src/psx_memory.h"
  +++ |+#include <string.h>
  134 | static u32 AnimationSoundBankSelector(void) {
src/slus_006.64/system/animation_scripts.c:136:5: warning: incompatible implicit declaration of built-in function ‘memcpy’ [-Wbuiltin-declaration-mismatch]
  136 |     memcpy(&bank, PSX_ADDR(0x8005919C), sizeof(bank));
      |     ^~~~~~
src/slus_006.64/system/animation_scripts.c:136:5: note: include ‘<string.h>’ or provide a declaration of ‘memcpy’
src/slus_006.64/system/animation_scripts.c: In function ‘func_8001FBE4’:
src/slus_006.64/system/animation_scripts.c:504:13: warning: implicit declaration of function ‘func_8001F6B0’; did you mean ‘func_8001FB30’? [-Wimplicit-function-declaration]
  504 |             func_8001F6B0(p);
      |             ^~~~~~~~~~~~~
      |             func_8001FB30
src/slus_006.64/system/animation_scripts.c:1301:9: warning: incompatible implicit declaration of built-in function ‘memcpy’ [-Wbuiltin-declaration-mismatch]
 1301 |         memcpy((void*)(uintptr_t)*(u32*)(pBase + 0x30),
      |         ^~~~~~
src/slus_006.64/system/animation_scripts.c:1301:9: note: include ‘<string.h>’ or provide a declaration of ‘memcpy’
src/slus_006.64/system/animation_scripts.c: In function ‘func_80022038’:
src/slus_006.64/system/animation_scripts.c:1664:9: warning: implicit declaration of function ‘SpriteComputeTransformMatrix’ [-Wimplicit-function-declaration]
 1664 |         SpriteComputeTransformMatrix(pSpriteData);
      |         ^~~~~~~~~~~~~~~~~~~~~~~~~~~~
src/slus_006.64/system/animation_scripts.c: At top level:
src/slus_006.64/system/animation_scripts.c:1671:6: warning: conflicting types for ‘SpriteComputeTransformMatrix’; have ‘void(SpriteData *)’
 1671 | void SpriteComputeTransformMatrix(SpriteData* pSpriteData) {
      |      ^~~~~~~~~~~~~~~~~~~~~~~~~~~~
src/slus_006.64/system/animation_scripts.c:1664:9: note: previous implicit declaration of ‘SpriteComputeTransformMatrix’ with type ‘void(SpriteData *)’
 1664 |         SpriteComputeTransformMatrix(pSpriteData);
      |         ^~~~~~~~~~~~~~~~~~~~~~~~~~~~
src/slus_006.64/system/animation_scripts.c: In function ‘SpriteComputeTransformMatrix’:
src/slus_006.64/system/animation_scripts.c:1684:9: warning: implicit declaration of function ‘ScaleMatrixL’; did you mean ‘ScaleMatrix’? [-Wimplicit-function-declaration]
 1684 |         ScaleMatrixL((MATRIX*)(pBase + 0xC), &scale);
      |         ^~~~~~~~~~~~
      |         ScaleMatrix
SPRITE A7 PASS 1075456 cases
In file included from src/slus_006.64/system/animation_scripts.c:3:
include/system/memory.h:10:14: warning: conflicting types for built-in function ‘strlen’; expected ‘long unsigned int(const char *)’ [-Wbuiltin-declaration-mismatch]
   10 | extern u_int strlen(char* pString);
      |              ^~~~~~
include/system/memory.h:5:1: note: ‘strlen’ is declared in header ‘<string.h>’
    4 | #include "main/main.h"
  +++ |+#include <string.h>
    5 | 
src/slus_006.64/system/animation_scripts.c: In function ‘AnimationSoundBankSelector’:
src/slus_006.64/system/animation_scripts.c:136:5: warning: implicit declaration of function ‘memcpy’ [-Wimplicit-function-declaration]
  136 |     memcpy(&bank, PSX_ADDR(0x8005919C), sizeof(bank));
      |     ^~~~~~
src/slus_006.64/system/animation_scripts.c:134:1: note: include ‘<string.h>’ or provide a declaration of ‘memcpy’
  133 | #include "../../../pc_port/src/psx_memory.h"
  +++ |+#include <string.h>
  134 | static u32 AnimationSoundBankSelector(void) {
src/slus_006.64/system/animation_scripts.c:136:5: warning: incompatible implicit declaration of built-in function ‘memcpy’ [-Wbuiltin-declaration-mismatch]
  136 |     memcpy(&bank, PSX_ADDR(0x8005919C), sizeof(bank));
      |     ^~~~~~
src/slus_006.64/system/animation_scripts.c:136:5: note: include ‘<string.h>’ or provide a declaration of ‘memcpy’
src/slus_006.64/system/animation_scripts.c: In function ‘func_8001FBE4’:
src/slus_006.64/system/animation_scripts.c:504:13: warning: implicit declaration of function ‘func_8001F6B0’; did you mean ‘func_8001FB30’? [-Wimplicit-function-declaration]
  504 |             func_8001F6B0(p);
      |             ^~~~~~~~~~~~~
      |             func_8001FB30
src/slus_006.64/system/animation_scripts.c:1301:9: warning: incompatible implicit declaration of built-in function ‘memcpy’ [-Wbuiltin-declaration-mismatch]
 1301 |         memcpy((void*)(uintptr_t)*(u32*)(pBase + 0x30),
      |         ^~~~~~
src/slus_006.64/system/animation_scripts.c:1301:9: note: include ‘<string.h>’ or provide a declaration of ‘memcpy’
src/slus_006.64/system/animation_scripts.c: In function ‘func_80022038’:
src/slus_006.64/system/animation_scripts.c:1664:9: warning: implicit declaration of function ‘SpriteComputeTransformMatrix’ [-Wimplicit-function-declaration]
 1664 |         SpriteComputeTransformMatrix(pSpriteData);
      |         ^~~~~~~~~~~~~~~~~~~~~~~~~~~~
src/slus_006.64/system/animation_scripts.c: At top level:
src/slus_006.64/system/animation_scripts.c:1671:6: warning: conflicting types for ‘SpriteComputeTransformMatrix’; have ‘void(SpriteData *)’
 1671 | void SpriteComputeTransformMatrix(SpriteData* pSpriteData) {
      |      ^~~~~~~~~~~~~~~~~~~~~~~~~~~~
src/slus_006.64/system/animation_scripts.c:1664:9: note: previous implicit declaration of ‘SpriteComputeTransformMatrix’ with type ‘void(SpriteData *)’
 1664 |         SpriteComputeTransformMatrix(pSpriteData);
      |         ^~~~~~~~~~~~~~~~~~~~~~~~~~~~
src/slus_006.64/system/animation_scripts.c: In function ‘SpriteComputeTransformMatrix’:
src/slus_006.64/system/animation_scripts.c:1684:9: warning: implicit declaration of function ‘ScaleMatrixL’; did you mean ‘ScaleMatrix’? [-Wimplicit-function-declaration]
 1684 |         ScaleMatrixL((MATRIX*)(pBase + 0xC), &scale);
      |         ^~~~~~~~~~~~
      |         ScaleMatrix
SPRITE A7 PASS 1075456 cases
In file included from src/slus_006.64/system/animation_scripts.c:3:
include/system/memory.h:10:14: warning: conflicting types for built-in function ‘strlen’; expected ‘long unsigned int(const char *)’ [-Wbuiltin-declaration-mismatch]
   10 | extern u_int strlen(char* pString);
      |              ^~~~~~
include/system/memory.h:5:1: note: ‘strlen’ is declared in header ‘<string.h>’
    4 | #include "main/main.h"
  +++ |+#include <string.h>
    5 | 
src/slus_006.64/system/animation_scripts.c: In function ‘AnimationSoundBankSelector’:
src/slus_006.64/system/animation_scripts.c:136:5: warning: implicit declaration of function ‘memcpy’ [-Wimplicit-function-declaration]
  136 |     memcpy(&bank, PSX_ADDR(0x8005919C), sizeof(bank));
      |     ^~~~~~
src/slus_006.64/system/animation_scripts.c:134:1: note: include ‘<string.h>’ or provide a declaration of ‘memcpy’
  133 | #include "../../../pc_port/src/psx_memory.h"
  +++ |+#include <string.h>
  134 | static u32 AnimationSoundBankSelector(void) {
src/slus_006.64/system/animation_scripts.c:136:5: warning: incompatible implicit declaration of built-in function ‘memcpy’ [-Wbuiltin-declaration-mismatch]
  136 |     memcpy(&bank, PSX_ADDR(0x8005919C), sizeof(bank));
      |     ^~~~~~
src/slus_006.64/system/animation_scripts.c:136:5: note: include ‘<string.h>’ or provide a declaration of ‘memcpy’
src/slus_006.64/system/animation_scripts.c: In function ‘func_8001FBE4’:
src/slus_006.64/system/animation_scripts.c:504:13: warning: implicit declaration of function ‘func_8001F6B0’; did you mean ‘func_8001FB30’? [-Wimplicit-function-declaration]
  504 |             func_8001F6B0(p);
      |             ^~~~~~~~~~~~~
      |             func_8001FB30
src/slus_006.64/system/animation_scripts.c:1301:9: warning: incompatible implicit declaration of built-in function ‘memcpy’ [-Wbuiltin-declaration-mismatch]
 1301 |         memcpy((void*)(uintptr_t)*(u32*)(pBase + 0x30),
      |         ^~~~~~
src/slus_006.64/system/animation_scripts.c:1301:9: note: include ‘<string.h>’ or provide a declaration of ‘memcpy’
src/slus_006.64/system/animation_scripts.c: In function ‘func_80022038’:
src/slus_006.64/system/animation_scripts.c:1664:9: warning: implicit declaration of function ‘SpriteComputeTransformMatrix’ [-Wimplicit-function-declaration]
 1664 |         SpriteComputeTransformMatrix(pSpriteData);
      |         ^~~~~~~~~~~~~~~~~~~~~~~~~~~~
src/slus_006.64/system/animation_scripts.c: At top level:
src/slus_006.64/system/animation_scripts.c:1671:6: warning: conflicting types for ‘SpriteComputeTransformMatrix’; have ‘void(SpriteData *)’
 1671 | void SpriteComputeTransformMatrix(SpriteData* pSpriteData) {
      |      ^~~~~~~~~~~~~~~~~~~~~~~~~~~~
src/slus_006.64/system/animation_scripts.c:1664:9: note: previous implicit declaration of ‘SpriteComputeTransformMatrix’ with type ‘void(SpriteData *)’
 1664 |         SpriteComputeTransformMatrix(pSpriteData);
      |         ^~~~~~~~~~~~~~~~~~~~~~~~~~~~
src/slus_006.64/system/animation_scripts.c: In function ‘SpriteComputeTransformMatrix’:
src/slus_006.64/system/animation_scripts.c:1684:9: warning: implicit declaration of function ‘ScaleMatrixL’; did you mean ‘ScaleMatrix’? [-Wimplicit-function-declaration]
 1684 |         ScaleMatrixL((MATRIX*)(pBase + 0xC), &scale);
      |         ^~~~~~~~~~~~
      |         ScaleMatrix
SPRITE A7 PASS 1075456 cases
SPRITE A7 O0/O2/UBSAN PASS
In file included from pc_port/build_native/sprite_dispatch_a7_retail_test/zero_delay.c:3:
include/system/memory.h:10:14: warning: conflicting types for built-in function ‘strlen’; expected ‘long unsigned int(const char *)’ [-Wbuiltin-declaration-mismatch]
   10 | extern u_int strlen(char* pString);
      |              ^~~~~~
include/system/memory.h:5:1: note: ‘strlen’ is declared in header ‘<string.h>’
    4 | #include "main/main.h"
  +++ |+#include <string.h>
    5 | 
pc_port/build_native/sprite_dispatch_a7_retail_test/zero_delay.c: In function ‘AnimationSoundBankSelector’:
pc_port/build_native/sprite_dispatch_a7_retail_test/zero_delay.c:136:5: warning: implicit declaration of function ‘memcpy’ [-Wimplicit-function-declaration]
  136 |     memcpy(&bank, PSX_ADDR(0x8005919C), sizeof(bank));
      |     ^~~~~~
pc_port/build_native/sprite_dispatch_a7_retail_test/zero_delay.c:134:1: note: include ‘<string.h>’ or provide a declaration of ‘memcpy’
  133 | #include "../../../pc_port/src/psx_memory.h"
  +++ |+#include <string.h>
  134 | static u32 AnimationSoundBankSelector(void) {
pc_port/build_native/sprite_dispatch_a7_retail_test/zero_delay.c:136:5: warning: incompatible implicit declaration of built-in function ‘memcpy’ [-Wbuiltin-declaration-mismatch]
  136 |     memcpy(&bank, PSX_ADDR(0x8005919C), sizeof(bank));
      |     ^~~~~~
pc_port/build_native/sprite_dispatch_a7_retail_test/zero_delay.c:136:5: note: include ‘<string.h>’ or provide a declaration of ‘memcpy’
pc_port/build_native/sprite_dispatch_a7_retail_test/zero_delay.c: In function ‘func_8001FBE4’:
pc_port/build_native/sprite_dispatch_a7_retail_test/zero_delay.c:504:13: warning: implicit declaration of function ‘func_8001F6B0’; did you mean ‘func_8001FB30’? [-Wimplicit-function-declaration]
  504 |             func_8001F6B0(p);
      |             ^~~~~~~~~~~~~
      |             func_8001FB30
pc_port/build_native/sprite_dispatch_a7_retail_test/zero_delay.c:1301:9: warning: incompatible implicit declaration of built-in function ‘memcpy’ [-Wbuiltin-declaration-mismatch]
 1301 |         memcpy((void*)(uintptr_t)*(u32*)(pBase + 0x30),
      |         ^~~~~~
pc_port/build_native/sprite_dispatch_a7_retail_test/zero_delay.c:1301:9: note: include ‘<string.h>’ or provide a declaration of ‘memcpy’
pc_port/build_native/sprite_dispatch_a7_retail_test/zero_delay.c: In function ‘func_80022038’:
pc_port/build_native/sprite_dispatch_a7_retail_test/zero_delay.c:1664:9: warning: implicit declaration of function ‘SpriteComputeTransformMatrix’ [-Wimplicit-function-declaration]
 1664 |         SpriteComputeTransformMatrix(pSpriteData);
      |         ^~~~~~~~~~~~~~~~~~~~~~~~~~~~
pc_port/build_native/sprite_dispatch_a7_retail_test/zero_delay.c: At top level:
pc_port/build_native/sprite_dispatch_a7_retail_test/zero_delay.c:1671:6: warning: conflicting types for ‘SpriteComputeTransformMatrix’; have ‘void(SpriteData *)’
 1671 | void SpriteComputeTransformMatrix(SpriteData* pSpriteData) {
      |      ^~~~~~~~~~~~~~~~~~~~~~~~~~~~
pc_port/build_native/sprite_dispatch_a7_retail_test/zero_delay.c:1664:9: note: previous implicit declaration of ‘SpriteComputeTransformMatrix’ with type ‘void(SpriteData *)’
 1664 |         SpriteComputeTransformMatrix(pSpriteData);
      |         ^~~~~~~~~~~~~~~~~~~~~~~~~~~~
pc_port/build_native/sprite_dispatch_a7_retail_test/zero_delay.c: In function ‘SpriteComputeTransformMatrix’:
pc_port/build_native/sprite_dispatch_a7_retail_test/zero_delay.c:1684:9: warning: implicit declaration of function ‘ScaleMatrixL’; did you mean ‘ScaleMatrix’? [-Wimplicit-function-declaration]
 1684 |         ScaleMatrixL((MATRIX*)(pBase + 0xC), &scale);
      |         ^~~~~~~~~~~~
      |         ScaleMatrix
A7 MUTANT REJECTED zero_delay
In file included from pc_port/build_native/sprite_dispatch_a7_retail_test/timer_add.c:3:
include/system/memory.h:10:14: warning: conflicting types for built-in function ‘strlen’; expected ‘long unsigned int(const char *)’ [-Wbuiltin-declaration-mismatch]
   10 | extern u_int strlen(char* pString);
      |              ^~~~~~
include/system/memory.h:5:1: note: ‘strlen’ is declared in header ‘<string.h>’
    4 | #include "main/main.h"
  +++ |+#include <string.h>
    5 | 
pc_port/build_native/sprite_dispatch_a7_retail_test/timer_add.c: In function ‘AnimationSoundBankSelector’:
pc_port/build_native/sprite_dispatch_a7_retail_test/timer_add.c:136:5: warning: implicit declaration of function ‘memcpy’ [-Wimplicit-function-declaration]
  136 |     memcpy(&bank, PSX_ADDR(0x8005919C), sizeof(bank));
      |     ^~~~~~
pc_port/build_native/sprite_dispatch_a7_retail_test/timer_add.c:134:1: note: include ‘<string.h>’ or provide a declaration of ‘memcpy’
  133 | #include "../../../pc_port/src/psx_memory.h"
  +++ |+#include <string.h>
  134 | static u32 AnimationSoundBankSelector(void) {
pc_port/build_native/sprite_dispatch_a7_retail_test/timer_add.c:136:5: warning: incompatible implicit declaration of built-in function ‘memcpy’ [-Wbuiltin-declaration-mismatch]
  136 |     memcpy(&bank, PSX_ADDR(0x8005919C), sizeof(bank));
      |     ^~~~~~
pc_port/build_native/sprite_dispatch_a7_retail_test/timer_add.c:136:5: note: include ‘<string.h>’ or provide a declaration of ‘memcpy’
pc_port/build_native/sprite_dispatch_a7_retail_test/timer_add.c: In function ‘func_8001FBE4’:
pc_port/build_native/sprite_dispatch_a7_retail_test/timer_add.c:504:13: warning: implicit declaration of function ‘func_8001F6B0’; did you mean ‘func_8001FB30’? [-Wimplicit-function-declaration]
  504 |             func_8001F6B0(p);
      |             ^~~~~~~~~~~~~
      |             func_8001FB30
pc_port/build_native/sprite_dispatch_a7_retail_test/timer_add.c:1301:9: warning: incompatible implicit declaration of built-in function ‘memcpy’ [-Wbuiltin-declaration-mismatch]
 1301 |         memcpy((void*)(uintptr_t)*(u32*)(pBase + 0x30),
      |         ^~~~~~
pc_port/build_native/sprite_dispatch_a7_retail_test/timer_add.c:1301:9: note: include ‘<string.h>’ or provide a declaration of ‘memcpy’
pc_port/build_native/sprite_dispatch_a7_retail_test/timer_add.c: In function ‘func_80022038’:
pc_port/build_native/sprite_dispatch_a7_retail_test/timer_add.c:1664:9: warning: implicit declaration of function ‘SpriteComputeTransformMatrix’ [-Wimplicit-function-declaration]
 1664 |         SpriteComputeTransformMatrix(pSpriteData);
      |         ^~~~~~~~~~~~~~~~~~~~~~~~~~~~
pc_port/build_native/sprite_dispatch_a7_retail_test/timer_add.c: At top level:
pc_port/build_native/sprite_dispatch_a7_retail_test/timer_add.c:1671:6: warning: conflicting types for ‘SpriteComputeTransformMatrix’; have ‘void(SpriteData *)’
 1671 | void SpriteComputeTransformMatrix(SpriteData* pSpriteData) {
      |      ^~~~~~~~~~~~~~~~~~~~~~~~~~~~
pc_port/build_native/sprite_dispatch_a7_retail_test/timer_add.c:1664:9: note: previous implicit declaration of ‘SpriteComputeTransformMatrix’ with type ‘void(SpriteData *)’
 1664 |         SpriteComputeTransformMatrix(pSpriteData);
      |         ^~~~~~~~~~~~~~~~~~~~~~~~~~~~
pc_port/build_native/sprite_dispatch_a7_retail_test/timer_add.c: In function ‘SpriteComputeTransformMatrix’:
pc_port/build_native/sprite_dispatch_a7_retail_test/timer_add.c:1684:9: warning: implicit declaration of function ‘ScaleMatrixL’; did you mean ‘ScaleMatrix’? [-Wimplicit-function-declaration]
 1684 |         ScaleMatrixL((MATRIX*)(pBase + 0xC), &scale);
      |         ^~~~~~~~~~~~
      |         ScaleMatrix
A7 MUTANT REJECTED timer_add
In file included from pc_port/build_native/sprite_dispatch_a7_retail_test/scale_mask.c:3:
include/system/memory.h:10:14: warning: conflicting types for built-in function ‘strlen’; expected ‘long unsigned int(const char *)’ [-Wbuiltin-declaration-mismatch]
   10 | extern u_int strlen(char* pString);
      |              ^~~~~~
include/system/memory.h:5:1: note: ‘strlen’ is declared in header ‘<string.h>’
    4 | #include "main/main.h"
  +++ |+#include <string.h>
    5 | 
pc_port/build_native/sprite_dispatch_a7_retail_test/scale_mask.c: In function ‘AnimationSoundBankSelector’:
pc_port/build_native/sprite_dispatch_a7_retail_test/scale_mask.c:136:5: warning: implicit declaration of function ‘memcpy’ [-Wimplicit-function-declaration]
  136 |     memcpy(&bank, PSX_ADDR(0x8005919C), sizeof(bank));
      |     ^~~~~~
pc_port/build_native/sprite_dispatch_a7_retail_test/scale_mask.c:134:1: note: include ‘<string.h>’ or provide a declaration of ‘memcpy’
  133 | #include "../../../pc_port/src/psx_memory.h"
  +++ |+#include <string.h>
  134 | static u32 AnimationSoundBankSelector(void) {
pc_port/build_native/sprite_dispatch_a7_retail_test/scale_mask.c:136:5: warning: incompatible implicit declaration of built-in function ‘memcpy’ [-Wbuiltin-declaration-mismatch]
  136 |     memcpy(&bank, PSX_ADDR(0x8005919C), sizeof(bank));
      |     ^~~~~~
pc_port/build_native/sprite_dispatch_a7_retail_test/scale_mask.c:136:5: note: include ‘<string.h>’ or provide a declaration of ‘memcpy’
pc_port/build_native/sprite_dispatch_a7_retail_test/scale_mask.c: In function ‘func_8001FBE4’:
pc_port/build_native/sprite_dispatch_a7_retail_test/scale_mask.c:504:13: warning: implicit declaration of function ‘func_8001F6B0’; did you mean ‘func_8001FB30’? [-Wimplicit-function-declaration]
  504 |             func_8001F6B0(p);
      |             ^~~~~~~~~~~~~
      |             func_8001FB30
pc_port/build_native/sprite_dispatch_a7_retail_test/scale_mask.c:1301:9: warning: incompatible implicit declaration of built-in function ‘memcpy’ [-Wbuiltin-declaration-mismatch]
 1301 |         memcpy((void*)(uintptr_t)*(u32*)(pBase + 0x30),
      |         ^~~~~~
pc_port/build_native/sprite_dispatch_a7_retail_test/scale_mask.c:1301:9: note: include ‘<string.h>’ or provide a declaration of ‘memcpy’
pc_port/build_native/sprite_dispatch_a7_retail_test/scale_mask.c: In function ‘func_80022038’:
pc_port/build_native/sprite_dispatch_a7_retail_test/scale_mask.c:1664:9: warning: implicit declaration of function ‘SpriteComputeTransformMatrix’ [-Wimplicit-function-declaration]
 1664 |         SpriteComputeTransformMatrix(pSpriteData);
      |         ^~~~~~~~~~~~~~~~~~~~~~~~~~~~
pc_port/build_native/sprite_dispatch_a7_retail_test/scale_mask.c: At top level:
pc_port/build_native/sprite_dispatch_a7_retail_test/scale_mask.c:1671:6: warning: conflicting types for ‘SpriteComputeTransformMatrix’; have ‘void(SpriteData *)’
 1671 | void SpriteComputeTransformMatrix(SpriteData* pSpriteData) {
      |      ^~~~~~~~~~~~~~~~~~~~~~~~~~~~
pc_port/build_native/sprite_dispatch_a7_retail_test/scale_mask.c:1664:9: note: previous implicit declaration of ‘SpriteComputeTransformMatrix’ with type ‘void(SpriteData *)’
 1664 |         SpriteComputeTransformMatrix(pSpriteData);
      |         ^~~~~~~~~~~~~~~~~~~~~~~~~~~~
pc_port/build_native/sprite_dispatch_a7_retail_test/scale_mask.c: In function ‘SpriteComputeTransformMatrix’:
pc_port/build_native/sprite_dispatch_a7_retail_test/scale_mask.c:1684:9: warning: implicit declaration of function ‘ScaleMatrixL’; did you mean ‘ScaleMatrix’? [-Wimplicit-function-declaration]
 1684 |         ScaleMatrixL((MATRIX*)(pBase + 0xC), &scale);
      |         ^~~~~~~~~~~~
      |         ScaleMatrix
A7 MUTANT REJECTED scale_mask
In file included from pc_port/build_native/sprite_dispatch_a7_retail_test/timer_missing_one.c:3:
include/system/memory.h:10:14: warning: conflicting types for built-in function ‘strlen’; expected ‘long unsigned int(const char *)’ [-Wbuiltin-declaration-mismatch]
   10 | extern u_int strlen(char* pString);
      |              ^~~~~~
include/system/memory.h:5:1: note: ‘strlen’ is declared in header ‘<string.h>’
    4 | #include "main/main.h"
  +++ |+#include <string.h>
    5 | 
pc_port/build_native/sprite_dispatch_a7_retail_test/timer_missing_one.c: In function ‘AnimationSoundBankSelector’:
pc_port/build_native/sprite_dispatch_a7_retail_test/timer_missing_one.c:136:5: warning: implicit declaration of function ‘memcpy’ [-Wimplicit-function-declaration]
  136 |     memcpy(&bank, PSX_ADDR(0x8005919C), sizeof(bank));
      |     ^~~~~~
pc_port/build_native/sprite_dispatch_a7_retail_test/timer_missing_one.c:134:1: note: include ‘<string.h>’ or provide a declaration of ‘memcpy’
  133 | #include "../../../pc_port/src/psx_memory.h"
  +++ |+#include <string.h>
  134 | static u32 AnimationSoundBankSelector(void) {
pc_port/build_native/sprite_dispatch_a7_retail_test/timer_missing_one.c:136:5: warning: incompatible implicit declaration of built-in function ‘memcpy’ [-Wbuiltin-declaration-mismatch]
  136 |     memcpy(&bank, PSX_ADDR(0x8005919C), sizeof(bank));
      |     ^~~~~~
pc_port/build_native/sprite_dispatch_a7_retail_test/timer_missing_one.c:136:5: note: include ‘<string.h>’ or provide a declaration of ‘memcpy’
pc_port/build_native/sprite_dispatch_a7_retail_test/timer_missing_one.c: In function ‘func_8001FBE4’:
pc_port/build_native/sprite_dispatch_a7_retail_test/timer_missing_one.c:504:13: warning: implicit declaration of function ‘func_8001F6B0’; did you mean ‘func_8001FB30’? [-Wimplicit-function-declaration]
  504 |             func_8001F6B0(p);
      |             ^~~~~~~~~~~~~
      |             func_8001FB30
pc_port/build_native/sprite_dispatch_a7_retail_test/timer_missing_one.c:1301:9: warning: incompatible implicit declaration of built-in function ‘memcpy’ [-Wbuiltin-declaration-mismatch]
 1301 |         memcpy((void*)(uintptr_t)*(u32*)(pBase + 0x30),
      |         ^~~~~~
pc_port/build_native/sprite_dispatch_a7_retail_test/timer_missing_one.c:1301:9: note: include ‘<string.h>’ or provide a declaration of ‘memcpy’
pc_port/build_native/sprite_dispatch_a7_retail_test/timer_missing_one.c: In function ‘func_80022038’:
pc_port/build_native/sprite_dispatch_a7_retail_test/timer_missing_one.c:1664:9: warning: implicit declaration of function ‘SpriteComputeTransformMatrix’ [-Wimplicit-function-declaration]
 1664 |         SpriteComputeTransformMatrix(pSpriteData);
      |         ^~~~~~~~~~~~~~~~~~~~~~~~~~~~
pc_port/build_native/sprite_dispatch_a7_retail_test/timer_missing_one.c: At top level:
pc_port/build_native/sprite_dispatch_a7_retail_test/timer_missing_one.c:1671:6: warning: conflicting types for ‘SpriteComputeTransformMatrix’; have ‘void(SpriteData *)’
 1671 | void SpriteComputeTransformMatrix(SpriteData* pSpriteData) {
      |      ^~~~~~~~~~~~~~~~~~~~~~~~~~~~
pc_port/build_native/sprite_dispatch_a7_retail_test/timer_missing_one.c:1664:9: note: previous implicit declaration of ‘SpriteComputeTransformMatrix’ with type ‘void(SpriteData *)’
 1664 |         SpriteComputeTransformMatrix(pSpriteData);
      |         ^~~~~~~~~~~~~~~~~~~~~~~~~~~~
pc_port/build_native/sprite_dispatch_a7_retail_test/timer_missing_one.c: In function ‘SpriteComputeTransformMatrix’:
pc_port/build_native/sprite_dispatch_a7_retail_test/timer_missing_one.c:1684:9: warning: implicit declaration of function ‘ScaleMatrixL’; did you mean ‘ScaleMatrix’? [-Wimplicit-function-declaration]
 1684 |         ScaleMatrixL((MATRIX*)(pBase + 0xC), &scale);
      |         ^~~~~~~~~~~~
      |         ScaleMatrix
A7 MUTANT REJECTED timer_missing_one
