2026-09-07 23:13:34 painting-close-0 z 0.15 seconds
2026-09-07 23:13:36 painting-close-1 z 0.15 seconds
2026-09-07 23:13:39 painting-close-2 z 0.15 seconds
2026-09-07 23:13:41 painting-close-3 z 0.15 seconds
2026-09-07 23:13:44 easel-backoff Down+Right 0.7 seconds
2026-09-07 23:13:46 easel-side Up+Right 1.0 seconds
2026-09-07 23:13:52 stair-approach Up+Left 4.8 seconds
2026-09-07 23:13:53 stair-foot-adjust Down+Left 0.15 seconds
2026-09-07 23:13:56 stair-foot Up+Left 1.4 seconds
2026-09-07 23:13:59 stairs Up+Right 1.8 seconds
2026-09-07 23:14:45 painting-extra-0 z 0.15 seconds
2026-09-07 23:14:48 painting-extra-1 z 0.15 seconds
2026-09-07 23:14:50 painting-extra-2 z 0.15 seconds
2026-09-07 23:14:53 painting-extra-3 z 0.15 seconds
2026-09-07 23:15:09 easel-backoff Down+Right 0.7 seconds
2026-09-07 23:15:11 easel-side Up+Right 1.0 seconds
2026-09-07 23:15:17 stair-approach Up+Left 4.8 seconds
2026-09-07 23:15:19 stair-foot-adjust Down+Left 0.15 seconds
2026-09-07 23:15:21 stair-foot Up+Left 1.4 seconds
2026-09-07 23:15:24 stairs Up+Right 1.8 seconds
2026-09-07 23:15:27 house-story-trigger Up+Right 1.6 seconds
2026-09-07 23:15:28 dan-0 z 0.15 seconds
2026-09-07 23:15:31 dan-1 z 0.15 seconds
2026-09-07 23:15:34 dan-2 z 0.15 seconds
2026-09-07 23:15:36 dan-3 z 0.15 seconds
2026-09-07 23:15:39 dan-4 z 0.15 seconds
2026-09-07 23:15:41 dan-5 z 0.15 seconds
2026-09-07 23:15:44 dan-6 z 0.15 seconds
2026-09-07 23:15:47 dan-7 z 0.15 seconds
2026-09-07 23:15:49 dan-8 z 0.15 seconds
2026-09-07 23:15:52 dan-9 z 0.15 seconds
2026-09-07 23:15:55 dan-10 z 0.15 seconds
2026-09-07 23:15:57 dan-11 z 0.15 seconds
2026-09-07 23:16:00 dan-12 z 0.15 seconds
2026-09-07 23:16:03 dan-13 z 0.15 seconds
2026-09-07 23:16:05 dan-14 z 0.15 seconds
2026-09-07 23:16:08 dan-15 z 0.15 seconds
2026-09-07 23:16:11 dan-16 z 0.15 seconds
2026-09-07 23:16:13 dan-17 z 0.15 seconds
2026-09-07 23:16:16 dan-18 z 0.15 seconds
2026-09-07 23:16:18 dan-19 z 0.15 seconds
2026-09-07 23:16:21 dan-20 z 0.15 seconds
2026-09-07 23:16:24 dan-21 z 0.15 seconds
2026-09-07 23:16:26 dan-22 z 0.15 seconds
2026-09-07 23:16:29 dan-23 z 0.15 seconds
2026-09-07 23:16:32 dan-24 z 0.15 seconds
2026-09-07 23:16:34 dan-25 z 0.15 seconds
2026-09-07 23:16:37 dan-26 z 0.15 seconds
2026-09-07 23:16:40 dan-27 z 0.15 seconds
2026-09-07 23:16:42 dan-28 z 0.15 seconds
2026-09-07 23:16:45 dan-29 z 0.15 seconds
2026-09-07 23:16:48 door-approach Up+Right 0.85 seconds
2026-09-07 23:16:50 door-align Down+Right 0.2 seconds
2026-09-07 23:16:51 door-use z 0.15 seconds
2026-09-07 23:16:54 village-out Up+Right 2.0 seconds
2026-09-07 23:17:00 village-north Up+Left 5.0 seconds
2026-09-07 23:17:02 village-backoff Down+Right 1.0 seconds
2026-09-07 23:17:08 village-east Up+Right 4.0 seconds
2026-09-07 23:17:14 village-path Up+Left 5.0 seconds
2026-09-07 23:17:16 village-rock Down+Left 1.0 seconds
2026-09-07 23:17:26 village-exit Up+Left 9.0 seconds
2026-09-07 23:17:39 mountain-encounter Up+Left 12.0 seconds
2026-09-07 23:18:06 battle-command z 0.3 seconds
2026-09-07 23:18:07 battle-target z 0.3 seconds
2026-09-07 23:18:09 battle-light v 0.3 seconds
2026-09-07 23:18:30 battle-advance z 0.3 seconds
2026-09-07 23:18:31 battle-strong c 0.3 seconds
2026-09-07 23:18:41 battle-confirm-again z 0.3 seconds
2026-09-07 23:18:42 battle-light-again v 0.3 seconds
