W34B36 natural scheduler/prologue diagnostic
Command: timeout -s INT --foreground 420 gdb -batch -x scratchpad/w34b5hs_natural_scheduler_verify/scheduler_capture_prologue_diag.gdb pc_port/build_native/xeno-port

W34B5HS_SCH_FRAME 1
W34B5HS_SCH_FRAME 600
W34B5HS_DIAG_PROLOGUE_ENTER frame=916 sched_entry=1 (retail 0x8007106C continuation)
W34B5HS_DIAG_712D0_ENTER frame=916 fp_entry_before=0
[worldmap-upload-pump] entry count=2 array=0x800f2c58
[worldmap-upload-pump] exit transfers=2 unknowns=0
[worldmap-upload-pump-b] entry count=3 array=0x800f2c78
[worldmap-upload-pump-b] exit transfers=3 unknowns=0
[worldmap-frame-tail] unknown ot=0x005f1068 at 0x800719b0 count=1
[worldmap-frame-tail] BACKEDGE 0x800719C8 d554=0x00000001 held=1 hit=1
[worldmap-frame-prologue] HARD CUT before 0x800719c8 cd_work_calls=1 vsync_retries=0 pad_iters=1 scheduler_calls=1
[worldmap-ready-consume] world_DrawOTag: ZERO VERIFIED
[worldmap-mode-audio] world_DrawOTag: ZERO VERIFIED
W34B5HS_DIAG_SCHED_DUMP frame=916 entry=2 executed=29 missing=0 frontier=0x8007106c
W34B5HS_DIAG_PROLOGUE_DUMP frame=916
W34B5HS_DIAG fp_cd_work_calls=1
W34B5HS_DIAG fp_cut_pc=0x800719c8
W34B5HS_DIAG fp_entry=1
W34B5HS_DIAG fp_pad_iters=1
W34B5HS_DIAG fp_scheduler_calls=1
W34B5HS_DIAG fp_vsync_retries=0
W34B5HS_DIAG sched_callbacks_executed=29
W34B5HS_DIAG sched_entry=2
W34B5HS_DIAG sched_frontier_pc=0x8007106c
W34B5HS_DIAG sched_last_callback=0x80087734
W34B5HS_DIAG sched_last_slot=15
W34B5HS_DIAG sched_missing_hits=0
W34B5HS_DIAG sched_outcome=0
W34B5HS_DIAG_SAVED
W34B5HS_DIAG_PLACEHOLDER_ENTER frame=916 (progress stops here: hollow UI idle)
DIAG_GDB_RC=0
