W34B53 command: corrected W34B50 GDB census with BD00/list dump
binary: pc_port/build_native/xeno-port
result: rc=0

[worldmap-second-wave] decompressed_psx=0x800b6674
[worldmap-second-wave] D73C[0]=0x800d4f2c D73C[1]=0x800d518c D308=0x800ba184 BD00=0x800b66fc
[worldmap-scheduler] pass complete slots=64 occupied=16 dispatched=16 executed=16
W34B53_94238_POS x=0 y=-16384 z=0 list0_r0=(x=30095 z=10342 w=253 h=169 sentinel=15 id=2 type=0) list0_r1=(x=29792 z=10572 w=365 h=354 sentinel=1 id=1 type=0)
W34B53_94238_TABLE guest=0x800b66fc entries:
  0x800b670c 0x800b673c 0x800b674c 0x800b675c
  raw list data includes:
  0x2866758f 0x00a900fd 0x0002000f 0x00000002
  0x294c7460 0x0162016d 0x00090001 0x00000001
  terminator record field+8 = 0x0000ffff
W34B50_94238_MISS frame=916 rec=0xffffffff idA=-1 idB=-1
[worldmap-scheduler] pass complete slots=128 occupied=32 dispatched=29 executed=29
[worldmap-frame-tail] BACKEDGE 0x800719C8 d554=0x00000001 held=1 hit=1
[worldmap-scheduler] pass complete slots=192 occupied=48 dispatched=41 executed=41
[worldmap-frame-tail] BACKEDGE 0x800719C8 d554=0x00000001 held=1 hit=2
[worldmap-scheduler] pass complete slots=256 occupied=64 dispatched=53 executed=53
[worldmap-frame-tail] BACKEDGE 0x800719C8 d554=0x00000001 held=1 hit=3
W34B50_DONE frame=916 rc=0

Conclusion: list 0 is valid and populated; (0,0) is outside its records.
The miss is expected for this fixture. No production change was made.
