W34B45 third-tail read-only callback census
Command: timeout -s INT --foreground 300 gdb -batch -ex 'set environment XENO_WORLD_FRAME_REENTRY_TWICE 1' -x scratchpad/w34_overnight_20260823/w34b37_slot_census.gdb pc_port/build_native/xeno-port
Result: gdb exit 0; W34B37_CENSUS_DONE frame=916 rc=0

Third held-tail entry:
W34B37_CENSUS_ENTRY frame=916 sched_entry=4
W34B37_CENSUS_POOL 0x800d7538
W34B37_SLOT 00 state=1 state_raw=0x0001 timer=0x0000 flag=0x0000 cb0=0x800923a8 cb1=0x800925a0 payload=0x00000000
W34B37_SLOT 01 state=1 state_raw=0x0001 timer=0x0000 flag=0x0000 cb0=0x8008a2c8 cb1=0x8008a72c payload=0x0064c4f4
W34B37_SLOT 02 state=1 state_raw=0x0001 timer=0x0000 flag=0x0000 cb0=0x8008b2bc cb1=0x8008b644 payload=0x0064c728
W34B37_SLOT 03 state=3 state_raw=0x0003 timer=0x0000 flag=0x0000 cb0=0x8008bb40 cb1=0x8008b644 payload=0x00000000
W34B37_SLOT 04 state=1 state_raw=0x0001 timer=0x0000 flag=0x0000 cb0=0x8008c530 cb1=0x8008c844 payload=0x0064c95c
W34B37_SLOT 05 state=1 state_raw=0x0001 timer=0x0000 flag=0x0000 cb0=0x8008d3f0 cb1=0x8008d678 payload=0x0064cbc0
W34B37_SLOT 06 state=3 state_raw=0x0003 timer=0x0000 flag=0x0000 cb0=0x8008dd6c cb1=0x8008d678 payload=0x00000000
W34B37_SLOT 07 state=3 state_raw=0x0003 timer=0x0000 flag=0x0000 cb0=0x8008e190 cb1=0x8008e76c payload=0x00000000
W34B37_SLOT 08 state=1 state_raw=0x0001 timer=0x0000 flag=0x0000 cb0=0x800906e0 cb1=0x800907f4 payload=0x00000000
W34B37_SLOT 09 state=1 state_raw=0x0001 timer=0x0000 flag=0x0000 cb0=0x80091430 cb1=0x800914d0 payload=0x00000000
W34B37_SLOT 10 state=1 state_raw=0x0001 timer=0x0000 flag=0x0000 cb0=0x80091b54 cb1=0x80091c18 payload=0x00000000
W34B37_SLOT 11 state=3 state_raw=0x0003 timer=0x0000 flag=0x0000 cb0=0x80092234 cb1=0x800922ac payload=0x00000000
W34B37_SLOT 12 state=1 state_raw=0x0001 timer=0x0000 flag=0x0000 cb0=0x80092be4 cb1=0x80092c70 payload=0x00000000
W34B37_SLOT 13 state=1 state_raw=0x0001 timer=0x0000 flag=0x0000 cb0=0x80092df8 cb1=0x80092fd8 payload=0x00000000
W34B37_SLOT 14 state=1 state_raw=0x0001 timer=0x0000 flag=0x0000 cb0=0x80071a50 cb1=0x80071a58 payload=0x00000000
W34B37_SLOT 15 state=1 state_raw=0x0001 timer=0x0000 flag=0x0000 cb0=0x80087710 cb1=0x80087734 payload=0x00000000
W34B37_CENSUS_BACKEDGE target=0x8007130C (retail 0x800719C8 bnez)
[worldmap-frame-tail] BACKEDGE 0x800719C8 d554=0x00000001 held=1 hit=3

Post-census counters:
[worldmap-967e4] counters: entry=4 dbg_nz=0 dispatch:idle=2 busy=2 tail=0 invalid=0 d788:null=1 process=1 c624:null=0 process=0 tail_advance=0 route=1 d788_proc=1 c624_proc=0 pcopen_fail=0 pcread_fail=0 pcclose_fail=0
[worldmap-scheduler] counters: entry=4 slots=256 occupied=64 state0=16 state1=37 state2=0 state3=11 state4=0 state_invalid=0 dispatch=53 executed=53 missing=0 invalid=0 destructor_calls=0 destructor_boundary=0 completed=4 last_slot=15 last_cb=0x80087734 last_cb_state=1 outcome=0 frontier=0x8007106c
W34B37_CENSUS_DONE frame=916 rc=0

Comparison: the third-tail table is identical to W34B41 and W34B43; the
repeated frame has not changed any scheduler state or exposed a callback.
