W34B50 D554 callback branch census
Command: timeout -s INT --foreground 300 gdb -batch -x
  scratchpad/w34_overnight_20260823/w34b50_d554_callback_census.gdb
  pc_port/build_native/xeno-port
Result: gdb exit 0; W34B50_DONE frame=916 rc=0

Live callback entries and helper returns, repeated on all three bounded
re-entries:

  W34B50_A72_ENTRY frame=916 slot=1 resync=0 d554=0x00000000
  W34B50_A72_HELPER_RETURN result=0 d554=0x00000000
  W34B50_C844_ENTRY frame=916 slot=4 resync=0 d554=0x00000000

The A72C helper returned 0 on all three passes.  The C844 helper return
breakpoints were not reached because its clear-capable path requires
resync==1 and the live entry value was 0.  The callback source-line
breakpoints were also zero-hit due to compiler line-table coalescing; helper
entry/return breakpoints above are the authoritative observation.

The same pair of entry records and A72C result repeated for re-entry counts
1, 2, and 3.  Tail records:

  [worldmap-frame-tail] BACKEDGE 0x800719C8 d554=0x00000001 held=1 hit=1
  [worldmap-frame-tail] BACKEDGE 0x800719C8 d554=0x00000001 held=1 hit=2
  [worldmap-frame-tail] BACKEDGE 0x800719C8 d554=0x00000001 held=1 hit=3

Final counters: scheduler entry=4, dispatch=53, executed=53, missing=0,
invalid=0; upload pumps 2 and 3 transfers with unknowns=0; mode-loop and
renderer tripwires zero-hit; world DrawOTag zero-hit; rc=0.

Conclusion: no live callback predicate clears D554 in this fixture. The A72C
clear branch is not selected (helper result 0, not class 1), while C844's
clear branch is gated off by resync=0. No production implementation was
justified; the frame-local clear lane and external retail writers remain a
class-(e) review item.
