    DR_MOVE ordering patches OK
    texture-window patches OK
    isbg background-clear patch OK
    MoveImage fb-materialize patch OK
==> [1/5] Building PsyCross (libpsycross.a) via CMake
In file included from /home/blizz/dev/xenogears-decomp/pc_port/extern/PsyCross/src/psx/LIBGTE.C:2:
/home/blizz/dev/xenogears-decomp/pc_port/extern/PsyCross/src/psx/LIBGTE.C: In function ‘void NormalColorDpq(SVECTOR*, CVECTOR*, int, CVECTOR*)’:
/home/blizz/dev/xenogears-decomp/pc_port/extern/PsyCross/include/psx/inline_c.h:114:23: warning: cast to pointer from integer of different size [-Wint-to-pointer-cast]
  114 |         {       MTC2(*(uint*)(r0), 8);  }
      |                       ^~~~~~~~~~~
/home/blizz/dev/xenogears-decomp/pc_port/extern/PsyCross/include/psx/gtemac.h:88:41: note: in expansion of macro ‘gte_lddp’
   88 |                                         gte_lddp(r3);           \
      |                                         ^~~~~~~~
/home/blizz/dev/xenogears-decomp/pc_port/extern/PsyCross/src/psx/LIBGTE.C:191:9: note: in expansion of macro ‘gte_NormalColorDpq’
  191 |         gte_NormalColorDpq(v0, v1, p, v2);
      |         ^~~~~~~~~~~~~~~~~~
/home/blizz/dev/xenogears-decomp/pc_port/extern/PsyCross/src/psx/LIBGTE.C: In function ‘void ColorDpq(VECTOR*, CVECTOR*, int, CVECTOR*)’:
/home/blizz/dev/xenogears-decomp/pc_port/extern/PsyCross/include/psx/inline_c.h:114:23: warning: cast to pointer from integer of different size [-Wint-to-pointer-cast]
  114 |         {       MTC2(*(uint*)(r0), 8);  }
      |                       ^~~~~~~~~~~
/home/blizz/dev/xenogears-decomp/pc_port/extern/PsyCross/include/psx/gtemac.h:114:41: note: in expansion of macro ‘gte_lddp’
  114 |                                         gte_lddp(r3);           \
      |                                         ^~~~~~~~
/home/blizz/dev/xenogears-decomp/pc_port/extern/PsyCross/src/psx/LIBGTE.C:211:9: note: in expansion of macro ‘gte_ColorDpq’
  211 |         gte_ColorDpq(v0, v1, p, v2);
      |         ^~~~~~~~~~~~
/home/blizz/dev/xenogears-decomp/pc_port/extern/PsyCross/src/gpu/PsyX_GPU.cpp:21:34: warning: conversion from ‘unsigned int’ to ‘unsigned int:24’ changes value from ‘4294967295’ to ‘16777215’ [-Woverflow]
   21 | OT_TAG prim_terminator = { -1, 0 }; // P_TAG with zero primLength
      |                                  ^
In file included from /home/blizz/dev/xenogears-decomp/pc_port/extern/PsyCross/src/gpu/PsyX_GPU.h:5,
                 from /home/blizz/dev/xenogears-decomp/pc_port/extern/PsyCross/src/gpu/PsyX_GPU.cpp:1:
/home/blizz/dev/xenogears-decomp/pc_port/extern/PsyCross/src/gpu/PsyX_GPU.cpp: In function ‘void ParsePrimitivesLinkedList(u_long*, int)’:
/home/blizz/dev/xenogears-decomp/pc_port/extern/PsyCross/include/psx/libgpu.h:194:33: warning: cast to pointer from integer of different size [-Wint-to-pointer-cast]
  194 | #define nextPrim(p)             (void *)((((P_TAG *)(p))->addr))
      |                                 ^~~~~~~~~~~~~~~~~~~~~~~~~~~~~~~~
/home/blizz/dev/xenogears-decomp/pc_port/extern/PsyCross/src/gpu/PsyX_GPU.cpp:904:119: note: in expansion of macro ‘nextPrim’
  904 |                 for (uintptr_t basePacket = reinterpret_cast<uintptr_t>(p);; basePacket = reinterpret_cast<uintptr_t>(nextPrim(basePacket)))
      |                                                                                                                       ^~~~~~~~
In file included from /home/blizz/dev/xenogears-decomp/pc_port/extern/PsyCross/src/psx/LIBGPU.C:2:
/home/blizz/dev/xenogears-decomp/pc_port/extern/PsyCross/src/psx/LIBGPU.C: In function ‘u_long* ClearOTag(u_long*, int)’:
/home/blizz/dev/xenogears-decomp/pc_port/extern/PsyCross/include/psx/libgpu.h:196:57: warning: cast from ‘u_int*’ {aka ‘unsigned int*’} to ‘u_int’ {aka ‘unsigned int’} loses precision [-fpermissive]
  196 | #define setaddr(p, _addr)       (((P_TAG *)(p))->addr = (u_int)((u_int*)_addr))
      |                                                         ^~~~~~~~~~~~~~~~~~~~~~
/home/blizz/dev/xenogears-decomp/pc_port/extern/PsyCross/include/psx/libgpu.h:221:41: note: in expansion of macro ‘setaddr’
  221 | #define termPrim(p)                     setaddr(p, 0xffffffff)
      |                                         ^~~~~~~
/home/blizz/dev/xenogears-decomp/pc_port/extern/PsyCross/src/psx/LIBGPU.C:206:9: note: in expansion of macro ‘termPrim’
  206 |         termPrim(&ptag_list[n-1]);
      |         ^~~~~~~~
/home/blizz/dev/xenogears-decomp/pc_port/extern/PsyCross/include/psx/libgpu.h:196:57: warning: conversion from ‘u_int’ {aka ‘unsigned int’} to ‘unsigned int:24’ changes value from ‘4294967295’ to ‘16777215’ [-Woverflow]
  196 | #define setaddr(p, _addr)       (((P_TAG *)(p))->addr = (u_int)((u_int*)_addr))
      |                                                         ^~~~~~~~~~~~~~~~~~~~~~
/home/blizz/dev/xenogears-decomp/pc_port/extern/PsyCross/include/psx/libgpu.h:221:41: note: in expansion of macro ‘setaddr’
  221 | #define termPrim(p)                     setaddr(p, 0xffffffff)
      |                                         ^~~~~~~
/home/blizz/dev/xenogears-decomp/pc_port/extern/PsyCross/src/psx/LIBGPU.C:206:9: note: in expansion of macro ‘termPrim’
  206 |         termPrim(&ptag_list[n-1]);
      |         ^~~~~~~~
/home/blizz/dev/xenogears-decomp/pc_port/extern/PsyCross/include/psx/libgpu.h:196:57: warning: cast from ‘u_int*’ {aka ‘unsigned int*’} to ‘u_int’ {aka ‘unsigned int’} loses precision [-fpermissive]
  196 | #define setaddr(p, _addr)       (((P_TAG *)(p))->addr = (u_int)((u_int*)_addr))
      |                                                         ^~~~~~~~~~~~~~~~~~~~~~
/home/blizz/dev/xenogears-decomp/pc_port/extern/PsyCross/src/psx/LIBGPU.C:212:17: note: in expansion of macro ‘setaddr’
  212 |                 setaddr(&ptag_list[i], &ptag_list[i+1]);
      |                 ^~~~~~~
/home/blizz/dev/xenogears-decomp/pc_port/extern/PsyCross/src/psx/LIBGPU.C: In function ‘u_long* ClearOTagR(u_long*, int)’:
/home/blizz/dev/xenogears-decomp/pc_port/extern/PsyCross/include/psx/libgpu.h:196:57: warning: cast from ‘u_int*’ {aka ‘unsigned int*’} to ‘u_int’ {aka ‘unsigned int’} loses precision [-fpermissive]
  196 | #define setaddr(p, _addr)       (((P_TAG *)(p))->addr = (u_int)((u_int*)_addr))
      |                                                         ^~~~~~~~~~~~~~~~~~~~~~
/home/blizz/dev/xenogears-decomp/pc_port/extern/PsyCross/include/psx/libgpu.h:221:41: note: in expansion of macro ‘setaddr’
  221 | #define termPrim(p)                     setaddr(p, 0xffffffff)
      |                                         ^~~~~~~
/home/blizz/dev/xenogears-decomp/pc_port/extern/PsyCross/src/psx/LIBGPU.C:228:9: note: in expansion of macro ‘termPrim’
  228 |         termPrim(ptag_list);
      |         ^~~~~~~~
/home/blizz/dev/xenogears-decomp/pc_port/extern/PsyCross/include/psx/libgpu.h:196:57: warning: conversion from ‘u_int’ {aka ‘unsigned int’} to ‘unsigned int:24’ changes value from ‘4294967295’ to ‘16777215’ [-Woverflow]
  196 | #define setaddr(p, _addr)       (((P_TAG *)(p))->addr = (u_int)((u_int*)_addr))
      |                                                         ^~~~~~~~~~~~~~~~~~~~~~
/home/blizz/dev/xenogears-decomp/pc_port/extern/PsyCross/include/psx/libgpu.h:221:41: note: in expansion of macro ‘setaddr’
  221 | #define termPrim(p)                     setaddr(p, 0xffffffff)
      |                                         ^~~~~~~
/home/blizz/dev/xenogears-decomp/pc_port/extern/PsyCross/src/psx/LIBGPU.C:228:9: note: in expansion of macro ‘termPrim’
  228 |         termPrim(ptag_list);
      |         ^~~~~~~~
/home/blizz/dev/xenogears-decomp/pc_port/extern/PsyCross/include/psx/libgpu.h:196:57: warning: cast from ‘u_int*’ {aka ‘unsigned int*’} to ‘u_int’ {aka ‘unsigned int’} loses precision [-fpermissive]
  196 | #define setaddr(p, _addr)       (((P_TAG *)(p))->addr = (u_int)((u_int*)_addr))
      |                                                         ^~~~~~~~~~~~~~~~~~~~~~
/home/blizz/dev/xenogears-decomp/pc_port/extern/PsyCross/src/psx/LIBGPU.C:234:17: note: in expansion of macro ‘setaddr’
  234 |                 setaddr(&ptag_list[i], &ptag_list[i-1]);
      |                 ^~~~~~~
/home/blizz/dev/xenogears-decomp/pc_port/extern/PsyCross/src/psx/LIBGPU.C: In function ‘void AddPrim(void*, void*)’:
/home/blizz/dev/xenogears-decomp/pc_port/extern/PsyCross/include/psx/libgpu.h:196:65: warning: cast to pointer from integer of different size [-Wint-to-pointer-cast]
  196 | #define setaddr(p, _addr)       (((P_TAG *)(p))->addr = (u_int)((u_int*)_addr))
      |                                                                 ^
/home/blizz/dev/xenogears-decomp/pc_port/extern/PsyCross/include/psx/libgpu.h:211:33: note: in expansion of macro ‘setaddr’
  211 | #define addPrim(ot, p)          setaddr(p, getaddr(ot)), setaddr(ot, p)
      |                                 ^~~~~~~
/home/blizz/dev/xenogears-decomp/pc_port/extern/PsyCross/src/psx/LIBGPU.C:570:9: note: in expansion of macro ‘addPrim’
  570 |         addPrim(ot, p);
      |         ^~~~~~~
/home/blizz/dev/xenogears-decomp/pc_port/extern/PsyCross/include/psx/libgpu.h:196:57: warning: cast from ‘u_int*’ {aka ‘unsigned int*’} to ‘u_int’ {aka ‘unsigned int’} loses precision [-fpermissive]
  196 | #define setaddr(p, _addr)       (((P_TAG *)(p))->addr = (u_int)((u_int*)_addr))
      |                                                         ^~~~~~~~~~~~~~~~~~~~~~
/home/blizz/dev/xenogears-decomp/pc_port/extern/PsyCross/include/psx/libgpu.h:211:33: note: in expansion of macro ‘setaddr’
  211 | #define addPrim(ot, p)          setaddr(p, getaddr(ot)), setaddr(ot, p)
      |                                 ^~~~~~~
/home/blizz/dev/xenogears-decomp/pc_port/extern/PsyCross/src/psx/LIBGPU.C:570:9: note: in expansion of macro ‘addPrim’
  570 |         addPrim(ot, p);
      |         ^~~~~~~
/home/blizz/dev/xenogears-decomp/pc_port/extern/PsyCross/include/psx/libgpu.h:196:57: warning: cast from ‘u_int*’ {aka ‘unsigned int*’} to ‘u_int’ {aka ‘unsigned int’} loses precision [-fpermissive]
  196 | #define setaddr(p, _addr)       (((P_TAG *)(p))->addr = (u_int)((u_int*)_addr))
      |                                                         ^~~~~~~~~~~~~~~~~~~~~~
/home/blizz/dev/xenogears-decomp/pc_port/extern/PsyCross/include/psx/libgpu.h:211:58: note: in expansion of macro ‘setaddr’
  211 | #define addPrim(ot, p)          setaddr(p, getaddr(ot)), setaddr(ot, p)
      |                                                          ^~~~~~~
/home/blizz/dev/xenogears-decomp/pc_port/extern/PsyCross/src/psx/LIBGPU.C:570:9: note: in expansion of macro ‘addPrim’
  570 |         addPrim(ot, p);
      |         ^~~~~~~
/home/blizz/dev/xenogears-decomp/pc_port/extern/PsyCross/src/psx/LIBGPU.C: In function ‘void AddPrims(void*, void*, void*)’:
/home/blizz/dev/xenogears-decomp/pc_port/extern/PsyCross/include/psx/libgpu.h:196:65: warning: cast to pointer from integer of different size [-Wint-to-pointer-cast]
  196 | #define setaddr(p, _addr)       (((P_TAG *)(p))->addr = (u_int)((u_int*)_addr))
      |                                                                 ^
/home/blizz/dev/xenogears-decomp/pc_port/extern/PsyCross/include/psx/libgpu.h:214:33: note: in expansion of macro ‘setaddr’
  214 | #define addPrims(ot, p0, p1)    setaddr(p1, getaddr(ot)),setaddr(ot, p0)
      |                                 ^~~~~~~
/home/blizz/dev/xenogears-decomp/pc_port/extern/PsyCross/src/psx/LIBGPU.C:575:9: note: in expansion of macro ‘addPrims’
  575 |         addPrims(ot, p0, p1);
      |         ^~~~~~~~
/home/blizz/dev/xenogears-decomp/pc_port/extern/PsyCross/include/psx/libgpu.h:196:57: warning: cast from ‘u_int*’ {aka ‘unsigned int*’} to ‘u_int’ {aka ‘unsigned int’} loses precision [-fpermissive]
  196 | #define setaddr(p, _addr)       (((P_TAG *)(p))->addr = (u_int)((u_int*)_addr))
      |                                                         ^~~~~~~~~~~~~~~~~~~~~~
/home/blizz/dev/xenogears-decomp/pc_port/extern/PsyCross/include/psx/libgpu.h:214:33: note: in expansion of macro ‘setaddr’
  214 | #define addPrims(ot, p0, p1)    setaddr(p1, getaddr(ot)),setaddr(ot, p0)
      |                                 ^~~~~~~
/home/blizz/dev/xenogears-decomp/pc_port/extern/PsyCross/src/psx/LIBGPU.C:575:9: note: in expansion of macro ‘addPrims’
  575 |         addPrims(ot, p0, p1);
      |         ^~~~~~~~
/home/blizz/dev/xenogears-decomp/pc_port/extern/PsyCross/include/psx/libgpu.h:196:57: warning: cast from ‘u_int*’ {aka ‘unsigned int*’} to ‘u_int’ {aka ‘unsigned int’} loses precision [-fpermissive]
  196 | #define setaddr(p, _addr)       (((P_TAG *)(p))->addr = (u_int)((u_int*)_addr))
      |                                                         ^~~~~~~~~~~~~~~~~~~~~~
/home/blizz/dev/xenogears-decomp/pc_port/extern/PsyCross/include/psx/libgpu.h:214:58: note: in expansion of macro ‘setaddr’
  214 | #define addPrims(ot, p0, p1)    setaddr(p1, getaddr(ot)),setaddr(ot, p0)
      |                                                          ^~~~~~~
/home/blizz/dev/xenogears-decomp/pc_port/extern/PsyCross/src/psx/LIBGPU.C:575:9: note: in expansion of macro ‘addPrims’
  575 |         addPrims(ot, p0, p1);
      |         ^~~~~~~~
/home/blizz/dev/xenogears-decomp/pc_port/extern/PsyCross/src/psx/LIBGPU.C: In function ‘void CatPrim(void*, void*)’:
/home/blizz/dev/xenogears-decomp/pc_port/extern/PsyCross/include/psx/libgpu.h:196:57: warning: cast from ‘u_int*’ {aka ‘unsigned int*’} to ‘u_int’ {aka ‘unsigned int’} loses precision [-fpermissive]
  196 | #define setaddr(p, _addr)       (((P_TAG *)(p))->addr = (u_int)((u_int*)_addr))
      |                                                         ^~~~~~~~~~~~~~~~~~~~~~
/home/blizz/dev/xenogears-decomp/pc_port/extern/PsyCross/include/psx/libgpu.h:216:33: note: in expansion of macro ‘setaddr’
  216 | #define catPrim(p0, p1)         setaddr(p0, p1)
      |                                 ^~~~~~~
/home/blizz/dev/xenogears-decomp/pc_port/extern/PsyCross/src/psx/LIBGPU.C:580:9: note: in expansion of macro ‘catPrim’
  580 |         catPrim(p0, p1);
      |         ^~~~~~~
/home/blizz/dev/xenogears-decomp/pc_port/extern/PsyCross/src/psx/LIBGPU.C: In function ‘u_long* FntFlush()’:
/home/blizz/dev/xenogears-decomp/pc_port/extern/PsyCross/include/psx/libgpu.h:196:57: warning: cast from ‘u_int*’ {aka ‘unsigned int*’} to ‘u_int’ {aka ‘unsigned int’} loses precision [-fpermissive]
  196 | #define setaddr(p, _addr)       (((P_TAG *)(p))->addr = (u_int)((u_int*)_addr))
      |                                                         ^~~~~~~~~~~~~~~~~~~~~~
/home/blizz/dev/xenogears-decomp/pc_port/extern/PsyCross/src/psx/LIBGPU.C:699:17: note: in expansion of macro ‘setaddr’
  699 |                 setaddr(opri, tile);
      |                 ^~~~~~~
/home/blizz/dev/xenogears-decomp/pc_port/extern/PsyCross/include/psx/libgpu.h:196:57: warning: cast from ‘u_int*’ {aka ‘unsigned int*’} to ‘u_int’ {aka ‘unsigned int’} loses precision [-fpermissive]
  196 | #define setaddr(p, _addr)       (((P_TAG *)(p))->addr = (u_int)((u_int*)_addr))
      |                                                         ^~~~~~~~~~~~~~~~~~~~~~
/home/blizz/dev/xenogears-decomp/pc_port/extern/PsyCross/src/psx/LIBGPU.C:739:25: note: in expansion of macro ‘setaddr’
  739 |                         setaddr(opri, sprt);
      |                         ^~~~~~~
/home/blizz/dev/xenogears-decomp/pc_port/extern/PsyCross/include/psx/libgpu.h:196:57: warning: cast from ‘u_int*’ {aka ‘unsigned int*’} to ‘u_int’ {aka ‘unsigned int’} loses precision [-fpermissive]
  196 | #define setaddr(p, _addr)       (((P_TAG *)(p))->addr = (u_int)((u_int*)_addr))
      |                                                         ^~~~~~~~~~~~~~~~~~~~~~
/home/blizz/dev/xenogears-decomp/pc_port/extern/PsyCross/include/psx/libgpu.h:221:41: note: in expansion of macro ‘setaddr’
  221 | #define termPrim(p)                     setaddr(p, 0xffffffff)
      |                                         ^~~~~~~
/home/blizz/dev/xenogears-decomp/pc_port/extern/PsyCross/src/psx/LIBGPU.C:750:9: note: in expansion of macro ‘termPrim’
  750 |         termPrim(opri);
      |         ^~~~~~~~
/home/blizz/dev/xenogears-decomp/pc_port/extern/PsyCross/include/psx/libgpu.h:196:57: warning: conversion from ‘u_int’ {aka ‘unsigned int’} to ‘unsigned int:24’ changes value from ‘4294967295’ to ‘16777215’ [-Woverflow]
  196 | #define setaddr(p, _addr)       (((P_TAG *)(p))->addr = (u_int)((u_int*)_addr))
      |                                                         ^~~~~~~~~~~~~~~~~~~~~~
/home/blizz/dev/xenogears-decomp/pc_port/extern/PsyCross/include/psx/libgpu.h:221:41: note: in expansion of macro ‘setaddr’
  221 | #define termPrim(p)                     setaddr(p, 0xffffffff)
      |                                         ^~~~~~~
/home/blizz/dev/xenogears-decomp/pc_port/extern/PsyCross/src/psx/LIBGPU.C:750:9: note: in expansion of macro ‘termPrim’
  750 |         termPrim(opri);
      |         ^~~~~~~~
/home/blizz/dev/xenogears-decomp/pc_port/extern/PsyCross/src/psx/LIBGPU.C: In function ‘void TermPrim(void*)’:
/home/blizz/dev/xenogears-decomp/pc_port/extern/PsyCross/include/psx/libgpu.h:196:57: warning: cast from ‘u_int*’ {aka ‘unsigned int*’} to ‘u_int’ {aka ‘unsigned int’} loses precision [-fpermissive]
  196 | #define setaddr(p, _addr)       (((P_TAG *)(p))->addr = (u_int)((u_int*)_addr))
      |                                                         ^~~~~~~~~~~~~~~~~~~~~~
/home/blizz/dev/xenogears-decomp/pc_port/extern/PsyCross/include/psx/libgpu.h:221:41: note: in expansion of macro ‘setaddr’
  221 | #define termPrim(p)                     setaddr(p, 0xffffffff)
      |                                         ^~~~~~~
/home/blizz/dev/xenogears-decomp/pc_port/extern/PsyCross/src/psx/LIBGPU.C:816:9: note: in expansion of macro ‘termPrim’
  816 |         termPrim(p);
      |         ^~~~~~~~
/home/blizz/dev/xenogears-decomp/pc_port/extern/PsyCross/include/psx/libgpu.h:196:57: warning: conversion from ‘u_int’ {aka ‘unsigned int’} to ‘unsigned int:24’ changes value from ‘4294967295’ to ‘16777215’ [-Woverflow]
  196 | #define setaddr(p, _addr)       (((P_TAG *)(p))->addr = (u_int)((u_int*)_addr))
      |                                                         ^~~~~~~~~~~~~~~~~~~~~~
/home/blizz/dev/xenogears-decomp/pc_port/extern/PsyCross/include/psx/libgpu.h:221:41: note: in expansion of macro ‘setaddr’
  221 | #define termPrim(p)                     setaddr(p, 0xffffffff)
      |                                         ^~~~~~~
/home/blizz/dev/xenogears-decomp/pc_port/extern/PsyCross/src/psx/LIBGPU.C:816:9: note: in expansion of macro ‘termPrim’
  816 |         termPrim(p);
      |         ^~~~~~~~
    libpsycross.a: pc_port/build/libpsycross.a
==> [2/5] Compiling game translation units in port mode
    Intentionally excluded game TUs (not compiled or linked):
      src/slus_006.64/system/archive.c — replaced by pc_port/src/archive_port.c
      */psyq/* — PsyQ originals are replaced at runtime by PsyCross
    Reference-only game TUs (matching source; replaced in the port link):
      src/slus_006.64/system/work_list.c — runtime replaced by pc_port/src/work_list_port.c (packed 0x1C entry layout)
    Allowlisted broken game TUs (compile failures tolerated): none
    compiled=47  skipped=0
==> [2b/5] Compiling port-only sources (PSX RAM emu, overrides/dispatch table)
    psx_memory.c ok
    game_overrides.c ok
    world_map_init.c ok
    world_map_frame_driver.c ok
    world_map_frame_driver_712d0.c ok
    world_map_main_loop_71034.c ok
    world_map_gamestate_alias.c ok
    world_map_selector.c ok
    psyq_compat.c ok
    archive_port.c ok
    work_list_port.c ok
    sound_transfer_callbacks.c ok
    data_published_logo.c ok
    data_font.c ok
    data_kernel_menu.c ok
    data_field.c ok
    data_member_change_menu.c ok
    data_main_menu.c ok
    world_map_convergence.c ok
    world_map_framebuffer_init.c ok
    world_map_terrain_init.c ok
    world_map_terrain_cell.c ok
    world_map_plane_solver.c ok
    world_map_terrain_normal.c ok
    world_map_terrain_sampler.c ok
    world_map_common_tail.c ok
    world_map_scheduler.c ok
    world_map_callback_923a8.c ok
    world_map_callback_925a0.c ok
    world_map_callback_8a2c8.c ok
    world_map_callback_8b2bc.c ok
    world_map_callback_8bb40.c ok
    world_map_callback_8c530.c ok
    world_map_callback_8d3f0.c ok
    world_map_callback_8dd6c.c ok
    world_map_callback_8e190.c ok
    world_map_callback_906e0.c ok
    world_map_callback_91430.c ok
    world_map_callback_91b54.c ok
    world_map_callback_92234.c ok
    world_map_callback_92be4.c ok
    world_map_callback_92df8.c ok
    world_map_callback_71a50.c ok
    world_map_callback_87710.c ok
    world_map_callback_87734.c ok
    world_map_callback_8a72c.c ok
    world_map_callback_8b644.c ok
    world_map_callback_8c844.c ok
    world_map_callback_8d678.c ok
    world_map_callback_8e76c.c ok
    world_map_callback_914d0.c ok
    world_map_callback_91c18.c ok
    world_map_callback_922ac.c ok
    world_map_callback_92c70.c ok
    world_map_callback_92fd8.c ok
    world_map_r4world_71a58.c ok
    world_map_helper_8bfd4.c ok
    world_map_helper_8e078.c ok
    world_map_helper_8e0f0.c ok
    world_map_helper_90c68.c ok
    world_map_helper_90e14.c ok
    world_map_helper_907f4.c ok
    world_map_helper_90fb4.c ok
    world_map_helper_91ff8.c ok
    world_map_helper_93484.c ok
    world_map_helper_96f18.c ok
    world_map_helper_93a5c.c ok
    world_map_helper_95cd4.c ok
    world_map_helper_9623c.c ok
    world_map_helper_983a0.c ok
    world_map_helper_987ac.c ok
    world_map_helper_9980c.c ok
    world_map_helper_96328.c ok
    world_map_helper_97dc0.c ok
    world_map_helper_96130.c ok
    world_map_helper_966cc.c ok
    world_map_helper_737ec.c ok
    world_map_helper_747dc.c ok
    world_map_helper_740b8.c ok
    world_map_helper_97244.c ok
    world_map_helper_965a4.c ok
    world_map_helper_89580.c ok
    world_map_helper_89748.c ok
    world_map_helper_98cc0.c ok
    world_map_helper_9932c.c ok
    world_map_helper_99bfc.c ok
    world_map_helper_99708.c ok
    world_map_helper_981c8.c ok
    world_map_helper_848b4.c ok
    world_map_helper_848f4.c ok
    world_map_helper_85cdc.c ok
    world_map_helper_89c78.c ok
    world_map_helper_8615c.c ok
    world_map_helper_86798.c ok
    world_map_helper_c28c.c ok
    world_map_helper_c364.c ok
    world_map_helper_8dff4.c ok
    world_map_helper_7528c.c ok
    world_map_helper_8e034.c ok
    world_map_helper_73b04.c ok
    world_map_helper_90a84.c ok
    world_map_helper_74794.c ok
    world_map_helper_85760.c ok
    world_map_helper_85418.c ok
    world_map_helper_93354.c ok
    world_map_helper_952b0.c ok
    world_map_helper_95324.c ok
    world_map_helper_93fe4.c ok
    world_map_helper_94088.c ok
    world_map_helper_951a8.c ok
    world_map_helper_85158.c ok
    world_map_helper_84db8.c ok
    world_map_helper_84d00.c ok
    world_map_helper_97770.c ok
    world_map_helper_941c4.c ok
    world_map_helper_94238.c ok
    world_map_helper_8bec8.c ok
    world_map_helper_8c1dc.c ok
    world_map_helper_93534.c ok
    world_map_helper_93e8c.c ok
    world_map_helper_93f18.c ok
    world_map_helper_94060.c ok
    world_map_helper_8c040.c ok
    world_map_private_collision.c ok
    world_map_func_94a5c.c ok
    world_map_func_95414.c ok
==> [3/5] Compiling port entry point
==> [4/5] Trial link to discover undefined references
    undefined symbols to stub: 777
Wrote pc_port/build_native/stubs.c: 146 function stubs, 630 data symbols (13 sized from symbol_addrs)
  (warning: 1 symbols not found in ELF, assumed functions: func_80033728)
==> [5/5] Final link
    LINK OK -> pc_port/build_native/xeno-port
