W34B44 natural run with two reviewed re-entries
Command: timeout -s INT --foreground 300 gdb -batch -ex 'set environment XENO_WORLD_FRAME_REENTRY_TWICE 1' -x scratchpad/w34_overnight_20260823/w34b39_natural_capture.gdb pc_port/build_native/xeno-port
Result: gdb exit 0; placeholder rc=0

[worldmap] enabled slices: ... W34B18B,W34B42,W34B44
W34B39_NATURAL_TAIL frame=916 last_ot=0x800a3224 draw_calls=1 packets=2 steps=1025 abort_range=0 abort_align=0 abort_len=0 abort_steps=0 multi=0 last_addr=0x8009ce6c last_tag=0x08ffffff
[worldmap-frame-tail] BACKEDGE 0x800719C8 d554=0x00000001 held=1 hit=1
[worldmap-frame-prologue] HARD CUT before 0x800719c8 cd_work_calls=1 vsync_retries=0 pad_iters=1 scheduler_calls=1
[worldmap-frame-reentry] reviewed re-entry 0x800719C8 -> 0x8007130C count=1
W34B39_NATURAL_TAIL frame=916 last_ot=0x800a3224 draw_calls=2 packets=4 steps=2050 abort_range=0 abort_align=0 abort_len=0 abort_steps=0 multi=0 last_addr=0x8009ce6c last_tag=0x08ffffff
[worldmap-frame-tail] BACKEDGE 0x800719C8 d554=0x00000001 held=1 hit=2
[worldmap-frame-prologue] HARD CUT before 0x800719c8 cd_work_calls=2 vsync_retries=0 pad_iters=2 scheduler_calls=2
[worldmap-frame-reentry] reviewed re-entry 0x800719C8 -> 0x8007130C count=2
W34B39_NATURAL_TAIL frame=916 last_ot=0x800a3224 draw_calls=3 packets=6 steps=3075 abort_range=0 abort_align=0 abort_len=0 abort_steps=0 multi=0 last_addr=0x8009ce6c last_tag=0x08ffffff
[worldmap-frame-tail] BACKEDGE 0x800719C8 d554=0x00000001 held=1 hit=3
[worldmap-frame-prologue] HARD CUT before 0x800719c8 cd_work_calls=3 vsync_retries=0 pad_iters=3 scheduler_calls=3
[worldmap-scheduler] counters: entry=4 slots=256 occupied=64 state0=16 state1=37 state2=0 state3=11 state4=0 state_invalid=0 dispatch=53 executed=53 missing=0 invalid=0 destructor_calls=0 destructor_boundary=0 completed=4 last_slot=15 last_cb=0x80087734 last_cb_state=1 outcome=0 frontier=0x8007106c
[worldmap-frame-prologue] world_driver_800712D0: EXECUTED entry=3 cut=0x800719c8 scheduler_entry=4
[worldmap-scheduler] slot2_8007299C: ZERO VERIFIED
[worldmap-scheduler] world_DrawOTag: ZERO VERIFIED
W34B39_NATURAL_PLACEHOLDER frame=916 rc=0

Interpretation: two additional natural frames execute cleanly. D554 remains
1 after the third frame; no mode-loop/renderer tripwire fired.
