W34B37 read-only census at frame 916, entry to tail, scheduler entry=2
Pool: 0x800d7538; slot stride 0x80; state +0x00; cb0 +0x18; cb1 +0x1c

slot=00 state=1 timer=0x0000 cb0=0x800923a8 cb1=0x800925a0 payload=0x00000000 -> cb1
slot=01 state=1 timer=0x0000 cb0=0x8008a2c8 cb1=0x8008a72c payload=0x0064b4f4 -> cb1
slot=02 state=1 timer=0x0000 cb0=0x8008b2bc cb1=0x8008b644 payload=0x0064b728 -> cb1
slot=03 state=3 timer=0x0000 cb0=0x8008bb40 cb1=0x8008b644 payload=0x00000000 -> dormant
slot=04 state=1 timer=0x0000 cb0=0x8008c530 cb1=0x8008c844 payload=0x0064b95c -> cb1
slot=05 state=1 timer=0x0000 cb0=0x8008d3f0 cb1=0x8008d678 payload=0x0064bbc0 -> cb1
slot=06 state=3 timer=0x0000 cb0=0x8008dd6c cb1=0x8008d678 payload=0x00000000 -> dormant
slot=07 state=3 timer=0x0000 cb0=0x8008e190 cb1=0x8008e76c payload=0x00000000 -> dormant
slot=08 state=1 timer=0x0000 cb0=0x800906e0 cb1=0x800907f4 payload=0x00000000 -> cb1
slot=09 state=1 timer=0x0000 cb0=0x80091430 cb1=0x800914d0 payload=0x00000000 -> cb1
slot=10 state=1 timer=0x0000 cb0=0x80091b54 cb1=0x80091c18 payload=0x00000000 -> cb1
slot=11 state=3 timer=0x0000 cb0=0x80092234 cb1=0x800922ac payload=0x00000000 -> dormant
slot=12 state=1 timer=0x0000 cb0=0x80092be4 cb1=0x80092c70 payload=0x00000000 -> cb1
slot=13 state=1 timer=0x0000 cb0=0x80092df8 cb1=0x80092fd8 payload=0x00000000 -> cb1
slot=14 state=1 timer=0x0000 cb0=0x80071a50 cb1=0x80071a58 payload=0x00000000 -> cb1
slot=15 state=1 timer=0x0000 cb0=0x80087710 cb1=0x80087734 payload=0x00000000 -> cb1

Retail backedge: 0x800719C8 bnez D554 -> 0x8007130C; next scheduler entry is
the normal frame-head scheduler call path. Resolver inspection found all 12
predicted cb1 bodies implemented.
