In file included from src/slus_006.64/system/animation_scripts.c:3:
include/system/memory.h:10:14: warning: conflicting types for built-in function ‘strlen’; expected ‘long unsigned int(const char *)’ [-Wbuiltin-declaration-mismatch]
   10 | extern u_int strlen(char* pString);
      |              ^~~~~~
include/system/memory.h:5:1: note: ‘strlen’ is declared in header ‘<string.h>’
    4 | #include "main/main.h"
  +++ |+#include <string.h>
    5 | 
src/slus_006.64/system/animation_scripts.c: In function ‘AnimationSoundBankSelector’:
src/slus_006.64/system/animation_scripts.c:136:5: warning: implicit declaration of function ‘memcpy’ [-Wimplicit-function-declaration]
  136 |     memcpy(&bank, PSX_ADDR(0x8005919C), sizeof(bank));
      |     ^~~~~~
src/slus_006.64/system/animation_scripts.c:134:1: note: include ‘<string.h>’ or provide a declaration of ‘memcpy’
  133 | #include "../../../pc_port/src/psx_memory.h"
  +++ |+#include <string.h>
  134 | static u32 AnimationSoundBankSelector(void) {
src/slus_006.64/system/animation_scripts.c:136:5: warning: incompatible implicit declaration of built-in function ‘memcpy’ [-Wbuiltin-declaration-mismatch]
  136 |     memcpy(&bank, PSX_ADDR(0x8005919C), sizeof(bank));
      |     ^~~~~~
src/slus_006.64/system/animation_scripts.c:136:5: note: include ‘<string.h>’ or provide a declaration of ‘memcpy’
src/slus_006.64/system/animation_scripts.c: In function ‘func_8001FBE4’:
src/slus_006.64/system/animation_scripts.c:468:13: warning: implicit declaration of function ‘func_8001F6B0’; did you mean ‘func_8001FB30’? [-Wimplicit-function-declaration]
  468 |             func_8001F6B0(p);
      |             ^~~~~~~~~~~~~
      |             func_8001FB30
src/slus_006.64/system/animation_scripts.c:1265:9: warning: incompatible implicit declaration of built-in function ‘memcpy’ [-Wbuiltin-declaration-mismatch]
 1265 |         memcpy((void*)(uintptr_t)*(u32*)(pBase + 0x30),
      |         ^~~~~~
src/slus_006.64/system/animation_scripts.c:1265:9: note: include ‘<string.h>’ or provide a declaration of ‘memcpy’
src/slus_006.64/system/animation_scripts.c: In function ‘func_80022038’:
src/slus_006.64/system/animation_scripts.c:1628:9: warning: implicit declaration of function ‘SpriteComputeTransformMatrix’ [-Wimplicit-function-declaration]
 1628 |         SpriteComputeTransformMatrix(pSpriteData);
      |         ^~~~~~~~~~~~~~~~~~~~~~~~~~~~
src/slus_006.64/system/animation_scripts.c: At top level:
src/slus_006.64/system/animation_scripts.c:1635:6: warning: conflicting types for ‘SpriteComputeTransformMatrix’; have ‘void(SpriteData *)’
 1635 | void SpriteComputeTransformMatrix(SpriteData* pSpriteData) {
      |      ^~~~~~~~~~~~~~~~~~~~~~~~~~~~
src/slus_006.64/system/animation_scripts.c:1628:9: note: previous implicit declaration of ‘SpriteComputeTransformMatrix’ with type ‘void(SpriteData *)’
 1628 |         SpriteComputeTransformMatrix(pSpriteData);
      |         ^~~~~~~~~~~~~~~~~~~~~~~~~~~~
src/slus_006.64/system/animation_scripts.c: In function ‘SpriteComputeTransformMatrix’:
src/slus_006.64/system/animation_scripts.c:1648:9: warning: implicit declaration of function ‘ScaleMatrixL’; did you mean ‘ScaleMatrix’? [-Wimplicit-function-declaration]
 1648 |         ScaleMatrixL((MATRIX*)(pBase + 0xC), &scale);
      |         ^~~~~~~~~~~~
      |         ScaleMatrix
SPRITE NOOP PASS 1024 classifications, 144 native and actual retail no-op executions
In file included from src/slus_006.64/system/animation_scripts.c:3:
include/system/memory.h:10:14: warning: conflicting types for built-in function ‘strlen’; expected ‘long unsigned int(const char *)’ [-Wbuiltin-declaration-mismatch]
   10 | extern u_int strlen(char* pString);
      |              ^~~~~~
include/system/memory.h:5:1: note: ‘strlen’ is declared in header ‘<string.h>’
    4 | #include "main/main.h"
  +++ |+#include <string.h>
    5 | 
src/slus_006.64/system/animation_scripts.c: In function ‘AnimationSoundBankSelector’:
src/slus_006.64/system/animation_scripts.c:136:5: warning: implicit declaration of function ‘memcpy’ [-Wimplicit-function-declaration]
  136 |     memcpy(&bank, PSX_ADDR(0x8005919C), sizeof(bank));
      |     ^~~~~~
src/slus_006.64/system/animation_scripts.c:134:1: note: include ‘<string.h>’ or provide a declaration of ‘memcpy’
  133 | #include "../../../pc_port/src/psx_memory.h"
  +++ |+#include <string.h>
  134 | static u32 AnimationSoundBankSelector(void) {
src/slus_006.64/system/animation_scripts.c:136:5: warning: incompatible implicit declaration of built-in function ‘memcpy’ [-Wbuiltin-declaration-mismatch]
  136 |     memcpy(&bank, PSX_ADDR(0x8005919C), sizeof(bank));
      |     ^~~~~~
src/slus_006.64/system/animation_scripts.c:136:5: note: include ‘<string.h>’ or provide a declaration of ‘memcpy’
src/slus_006.64/system/animation_scripts.c: In function ‘func_8001FBE4’:
src/slus_006.64/system/animation_scripts.c:468:13: warning: implicit declaration of function ‘func_8001F6B0’; did you mean ‘func_8001FB30’? [-Wimplicit-function-declaration]
  468 |             func_8001F6B0(p);
      |             ^~~~~~~~~~~~~
      |             func_8001FB30
src/slus_006.64/system/animation_scripts.c:1265:9: warning: incompatible implicit declaration of built-in function ‘memcpy’ [-Wbuiltin-declaration-mismatch]
 1265 |         memcpy((void*)(uintptr_t)*(u32*)(pBase + 0x30),
      |         ^~~~~~
src/slus_006.64/system/animation_scripts.c:1265:9: note: include ‘<string.h>’ or provide a declaration of ‘memcpy’
src/slus_006.64/system/animation_scripts.c: In function ‘func_80022038’:
src/slus_006.64/system/animation_scripts.c:1628:9: warning: implicit declaration of function ‘SpriteComputeTransformMatrix’ [-Wimplicit-function-declaration]
 1628 |         SpriteComputeTransformMatrix(pSpriteData);
      |         ^~~~~~~~~~~~~~~~~~~~~~~~~~~~
src/slus_006.64/system/animation_scripts.c: At top level:
src/slus_006.64/system/animation_scripts.c:1635:6: warning: conflicting types for ‘SpriteComputeTransformMatrix’; have ‘void(SpriteData *)’
 1635 | void SpriteComputeTransformMatrix(SpriteData* pSpriteData) {
      |      ^~~~~~~~~~~~~~~~~~~~~~~~~~~~
src/slus_006.64/system/animation_scripts.c:1628:9: note: previous implicit declaration of ‘SpriteComputeTransformMatrix’ with type ‘void(SpriteData *)’
 1628 |         SpriteComputeTransformMatrix(pSpriteData);
      |         ^~~~~~~~~~~~~~~~~~~~~~~~~~~~
src/slus_006.64/system/animation_scripts.c: In function ‘SpriteComputeTransformMatrix’:
src/slus_006.64/system/animation_scripts.c:1648:9: warning: implicit declaration of function ‘ScaleMatrixL’; did you mean ‘ScaleMatrix’? [-Wimplicit-function-declaration]
 1648 |         ScaleMatrixL((MATRIX*)(pBase + 0xC), &scale);
      |         ^~~~~~~~~~~~
      |         ScaleMatrix
SPRITE NOOP PASS 1024 classifications, 144 native and actual retail no-op executions
In file included from src/slus_006.64/system/animation_scripts.c:3:
include/system/memory.h:10:14: warning: conflicting types for built-in function ‘strlen’; expected ‘long unsigned int(const char *)’ [-Wbuiltin-declaration-mismatch]
   10 | extern u_int strlen(char* pString);
      |              ^~~~~~
include/system/memory.h:5:1: note: ‘strlen’ is declared in header ‘<string.h>’
    4 | #include "main/main.h"
  +++ |+#include <string.h>
    5 | 
src/slus_006.64/system/animation_scripts.c: In function ‘AnimationSoundBankSelector’:
src/slus_006.64/system/animation_scripts.c:136:5: warning: implicit declaration of function ‘memcpy’ [-Wimplicit-function-declaration]
  136 |     memcpy(&bank, PSX_ADDR(0x8005919C), sizeof(bank));
      |     ^~~~~~
src/slus_006.64/system/animation_scripts.c:134:1: note: include ‘<string.h>’ or provide a declaration of ‘memcpy’
  133 | #include "../../../pc_port/src/psx_memory.h"
  +++ |+#include <string.h>
  134 | static u32 AnimationSoundBankSelector(void) {
src/slus_006.64/system/animation_scripts.c:136:5: warning: incompatible implicit declaration of built-in function ‘memcpy’ [-Wbuiltin-declaration-mismatch]
  136 |     memcpy(&bank, PSX_ADDR(0x8005919C), sizeof(bank));
      |     ^~~~~~
src/slus_006.64/system/animation_scripts.c:136:5: note: include ‘<string.h>’ or provide a declaration of ‘memcpy’
src/slus_006.64/system/animation_scripts.c: In function ‘func_8001FBE4’:
src/slus_006.64/system/animation_scripts.c:468:13: warning: implicit declaration of function ‘func_8001F6B0’; did you mean ‘func_8001FB30’? [-Wimplicit-function-declaration]
  468 |             func_8001F6B0(p);
      |             ^~~~~~~~~~~~~
      |             func_8001FB30
src/slus_006.64/system/animation_scripts.c:1265:9: warning: incompatible implicit declaration of built-in function ‘memcpy’ [-Wbuiltin-declaration-mismatch]
 1265 |         memcpy((void*)(uintptr_t)*(u32*)(pBase + 0x30),
      |         ^~~~~~
src/slus_006.64/system/animation_scripts.c:1265:9: note: include ‘<string.h>’ or provide a declaration of ‘memcpy’
src/slus_006.64/system/animation_scripts.c: In function ‘func_80022038’:
src/slus_006.64/system/animation_scripts.c:1628:9: warning: implicit declaration of function ‘SpriteComputeTransformMatrix’ [-Wimplicit-function-declaration]
 1628 |         SpriteComputeTransformMatrix(pSpriteData);
      |         ^~~~~~~~~~~~~~~~~~~~~~~~~~~~
src/slus_006.64/system/animation_scripts.c: At top level:
src/slus_006.64/system/animation_scripts.c:1635:6: warning: conflicting types for ‘SpriteComputeTransformMatrix’; have ‘void(SpriteData *)’
 1635 | void SpriteComputeTransformMatrix(SpriteData* pSpriteData) {
      |      ^~~~~~~~~~~~~~~~~~~~~~~~~~~~
src/slus_006.64/system/animation_scripts.c:1628:9: note: previous implicit declaration of ‘SpriteComputeTransformMatrix’ with type ‘void(SpriteData *)’
 1628 |         SpriteComputeTransformMatrix(pSpriteData);
      |         ^~~~~~~~~~~~~~~~~~~~~~~~~~~~
src/slus_006.64/system/animation_scripts.c: In function ‘SpriteComputeTransformMatrix’:
src/slus_006.64/system/animation_scripts.c:1648:9: warning: implicit declaration of function ‘ScaleMatrixL’; did you mean ‘ScaleMatrix’? [-Wimplicit-function-declaration]
 1648 |         ScaleMatrixL((MATRIX*)(pBase + 0xC), &scale);
      |         ^~~~~~~~~~~~
      |         ScaleMatrix
SPRITE NOOP PASS 1024 classifications, 144 native and actual retail no-op executions
In file included from pc_port/build_native/sprite_dispatch_noop_retail_test/missing.c:3:
include/system/memory.h:10:14: warning: conflicting types for built-in function ‘strlen’; expected ‘long unsigned int(const char *)’ [-Wbuiltin-declaration-mismatch]
   10 | extern u_int strlen(char* pString);
      |              ^~~~~~
include/system/memory.h:5:1: note: ‘strlen’ is declared in header ‘<string.h>’
    4 | #include "main/main.h"
  +++ |+#include <string.h>
    5 | 
pc_port/build_native/sprite_dispatch_noop_retail_test/missing.c: In function ‘AnimationSoundBankSelector’:
pc_port/build_native/sprite_dispatch_noop_retail_test/missing.c:136:5: warning: implicit declaration of function ‘memcpy’ [-Wimplicit-function-declaration]
  136 |     memcpy(&bank, PSX_ADDR(0x8005919C), sizeof(bank));
      |     ^~~~~~
pc_port/build_native/sprite_dispatch_noop_retail_test/missing.c:134:1: note: include ‘<string.h>’ or provide a declaration of ‘memcpy’
  133 | #include "../../../pc_port/src/psx_memory.h"
  +++ |+#include <string.h>
  134 | static u32 AnimationSoundBankSelector(void) {
pc_port/build_native/sprite_dispatch_noop_retail_test/missing.c:136:5: warning: incompatible implicit declaration of built-in function ‘memcpy’ [-Wbuiltin-declaration-mismatch]
  136 |     memcpy(&bank, PSX_ADDR(0x8005919C), sizeof(bank));
      |     ^~~~~~
pc_port/build_native/sprite_dispatch_noop_retail_test/missing.c:136:5: note: include ‘<string.h>’ or provide a declaration of ‘memcpy’
pc_port/build_native/sprite_dispatch_noop_retail_test/missing.c: In function ‘func_8001FBE4’:
pc_port/build_native/sprite_dispatch_noop_retail_test/missing.c:468:13: warning: implicit declaration of function ‘func_8001F6B0’; did you mean ‘func_8001FB30’? [-Wimplicit-function-declaration]
  468 |             func_8001F6B0(p);
      |             ^~~~~~~~~~~~~
      |             func_8001FB30
pc_port/build_native/sprite_dispatch_noop_retail_test/missing.c:1265:9: warning: incompatible implicit declaration of built-in function ‘memcpy’ [-Wbuiltin-declaration-mismatch]
 1265 |         memcpy((void*)(uintptr_t)*(u32*)(pBase + 0x30),
      |         ^~~~~~
pc_port/build_native/sprite_dispatch_noop_retail_test/missing.c:1265:9: note: include ‘<string.h>’ or provide a declaration of ‘memcpy’
pc_port/build_native/sprite_dispatch_noop_retail_test/missing.c: In function ‘func_80022038’:
pc_port/build_native/sprite_dispatch_noop_retail_test/missing.c:1628:9: warning: implicit declaration of function ‘SpriteComputeTransformMatrix’ [-Wimplicit-function-declaration]
 1628 |         SpriteComputeTransformMatrix(pSpriteData);
      |         ^~~~~~~~~~~~~~~~~~~~~~~~~~~~
pc_port/build_native/sprite_dispatch_noop_retail_test/missing.c: At top level:
pc_port/build_native/sprite_dispatch_noop_retail_test/missing.c:1635:6: warning: conflicting types for ‘SpriteComputeTransformMatrix’; have ‘void(SpriteData *)’
 1635 | void SpriteComputeTransformMatrix(SpriteData* pSpriteData) {
      |      ^~~~~~~~~~~~~~~~~~~~~~~~~~~~
pc_port/build_native/sprite_dispatch_noop_retail_test/missing.c:1628:9: note: previous implicit declaration of ‘SpriteComputeTransformMatrix’ with type ‘void(SpriteData *)’
 1628 |         SpriteComputeTransformMatrix(pSpriteData);
      |         ^~~~~~~~~~~~~~~~~~~~~~~~~~~~
pc_port/build_native/sprite_dispatch_noop_retail_test/missing.c: In function ‘SpriteComputeTransformMatrix’:
pc_port/build_native/sprite_dispatch_noop_retail_test/missing.c:1648:9: warning: implicit declaration of function ‘ScaleMatrixL’; did you mean ‘ScaleMatrix’? [-Wimplicit-function-declaration]
 1648 |         ScaleMatrixL((MATRIX*)(pBase + 0xC), &scale);
      |         ^~~~~~~~~~~~
      |         ScaleMatrix
In file included from pc_port/build_native/sprite_dispatch_noop_retail_test/invented.c:3:
include/system/memory.h:10:14: warning: conflicting types for built-in function ‘strlen’; expected ‘long unsigned int(const char *)’ [-Wbuiltin-declaration-mismatch]
   10 | extern u_int strlen(char* pString);
      |              ^~~~~~
include/system/memory.h:5:1: note: ‘strlen’ is declared in header ‘<string.h>’
    4 | #include "main/main.h"
  +++ |+#include <string.h>
    5 | 
pc_port/build_native/sprite_dispatch_noop_retail_test/invented.c: In function ‘AnimationSoundBankSelector’:
pc_port/build_native/sprite_dispatch_noop_retail_test/invented.c:136:5: warning: implicit declaration of function ‘memcpy’ [-Wimplicit-function-declaration]
  136 |     memcpy(&bank, PSX_ADDR(0x8005919C), sizeof(bank));
      |     ^~~~~~
pc_port/build_native/sprite_dispatch_noop_retail_test/invented.c:134:1: note: include ‘<string.h>’ or provide a declaration of ‘memcpy’
  133 | #include "../../../pc_port/src/psx_memory.h"
  +++ |+#include <string.h>
  134 | static u32 AnimationSoundBankSelector(void) {
pc_port/build_native/sprite_dispatch_noop_retail_test/invented.c:136:5: warning: incompatible implicit declaration of built-in function ‘memcpy’ [-Wbuiltin-declaration-mismatch]
  136 |     memcpy(&bank, PSX_ADDR(0x8005919C), sizeof(bank));
      |     ^~~~~~
pc_port/build_native/sprite_dispatch_noop_retail_test/invented.c:136:5: note: include ‘<string.h>’ or provide a declaration of ‘memcpy’
pc_port/build_native/sprite_dispatch_noop_retail_test/invented.c: In function ‘func_8001FBE4’:
pc_port/build_native/sprite_dispatch_noop_retail_test/invented.c:468:13: warning: implicit declaration of function ‘func_8001F6B0’; did you mean ‘func_8001FB30’? [-Wimplicit-function-declaration]
  468 |             func_8001F6B0(p);
      |             ^~~~~~~~~~~~~
      |             func_8001FB30
pc_port/build_native/sprite_dispatch_noop_retail_test/invented.c:1265:9: warning: incompatible implicit declaration of built-in function ‘memcpy’ [-Wbuiltin-declaration-mismatch]
 1265 |         memcpy((void*)(uintptr_t)*(u32*)(pBase + 0x30),
      |         ^~~~~~
pc_port/build_native/sprite_dispatch_noop_retail_test/invented.c:1265:9: note: include ‘<string.h>’ or provide a declaration of ‘memcpy’
pc_port/build_native/sprite_dispatch_noop_retail_test/invented.c: In function ‘func_80022038’:
pc_port/build_native/sprite_dispatch_noop_retail_test/invented.c:1628:9: warning: implicit declaration of function ‘SpriteComputeTransformMatrix’ [-Wimplicit-function-declaration]
 1628 |         SpriteComputeTransformMatrix(pSpriteData);
      |         ^~~~~~~~~~~~~~~~~~~~~~~~~~~~
pc_port/build_native/sprite_dispatch_noop_retail_test/invented.c: At top level:
pc_port/build_native/sprite_dispatch_noop_retail_test/invented.c:1635:6: warning: conflicting types for ‘SpriteComputeTransformMatrix’; have ‘void(SpriteData *)’
 1635 | void SpriteComputeTransformMatrix(SpriteData* pSpriteData) {
      |      ^~~~~~~~~~~~~~~~~~~~~~~~~~~~
pc_port/build_native/sprite_dispatch_noop_retail_test/invented.c:1628:9: note: previous implicit declaration of ‘SpriteComputeTransformMatrix’ with type ‘void(SpriteData *)’
 1628 |         SpriteComputeTransformMatrix(pSpriteData);
      |         ^~~~~~~~~~~~~~~~~~~~~~~~~~~~
pc_port/build_native/sprite_dispatch_noop_retail_test/invented.c: In function ‘SpriteComputeTransformMatrix’:
pc_port/build_native/sprite_dispatch_noop_retail_test/invented.c:1648:9: warning: implicit declaration of function ‘ScaleMatrixL’; did you mean ‘ScaleMatrix’? [-Wimplicit-function-declaration]
 1648 |         ScaleMatrixL((MATRIX*)(pBase + 0xC), &scale);
      |         ^~~~~~~~~~~~
      |         ScaleMatrix
In file included from pc_port/build_native/sprite_dispatch_noop_retail_test/width.c:3:
include/system/memory.h:10:14: warning: conflicting types for built-in function ‘strlen’; expected ‘long unsigned int(const char *)’ [-Wbuiltin-declaration-mismatch]
   10 | extern u_int strlen(char* pString);
      |              ^~~~~~
include/system/memory.h:5:1: note: ‘strlen’ is declared in header ‘<string.h>’
    4 | #include "main/main.h"
  +++ |+#include <string.h>
    5 | 
pc_port/build_native/sprite_dispatch_noop_retail_test/width.c: In function ‘AnimationSoundBankSelector’:
pc_port/build_native/sprite_dispatch_noop_retail_test/width.c:136:5: warning: implicit declaration of function ‘memcpy’ [-Wimplicit-function-declaration]
  136 |     memcpy(&bank, PSX_ADDR(0x8005919C), sizeof(bank));
      |     ^~~~~~
pc_port/build_native/sprite_dispatch_noop_retail_test/width.c:134:1: note: include ‘<string.h>’ or provide a declaration of ‘memcpy’
  133 | #include "../../../pc_port/src/psx_memory.h"
  +++ |+#include <string.h>
  134 | static u32 AnimationSoundBankSelector(void) {
pc_port/build_native/sprite_dispatch_noop_retail_test/width.c:136:5: warning: incompatible implicit declaration of built-in function ‘memcpy’ [-Wbuiltin-declaration-mismatch]
  136 |     memcpy(&bank, PSX_ADDR(0x8005919C), sizeof(bank));
      |     ^~~~~~
pc_port/build_native/sprite_dispatch_noop_retail_test/width.c:136:5: note: include ‘<string.h>’ or provide a declaration of ‘memcpy’
pc_port/build_native/sprite_dispatch_noop_retail_test/width.c: In function ‘func_8001FBE4’:
pc_port/build_native/sprite_dispatch_noop_retail_test/width.c:468:13: warning: implicit declaration of function ‘func_8001F6B0’; did you mean ‘func_8001FB30’? [-Wimplicit-function-declaration]
  468 |             func_8001F6B0(p);
      |             ^~~~~~~~~~~~~
      |             func_8001FB30
pc_port/build_native/sprite_dispatch_noop_retail_test/width.c:1265:9: warning: incompatible implicit declaration of built-in function ‘memcpy’ [-Wbuiltin-declaration-mismatch]
 1265 |         memcpy((void*)(uintptr_t)*(u32*)(pBase + 0x30),
      |         ^~~~~~
pc_port/build_native/sprite_dispatch_noop_retail_test/width.c:1265:9: note: include ‘<string.h>’ or provide a declaration of ‘memcpy’
pc_port/build_native/sprite_dispatch_noop_retail_test/width.c: In function ‘func_80022038’:
pc_port/build_native/sprite_dispatch_noop_retail_test/width.c:1628:9: warning: implicit declaration of function ‘SpriteComputeTransformMatrix’ [-Wimplicit-function-declaration]
 1628 |         SpriteComputeTransformMatrix(pSpriteData);
      |         ^~~~~~~~~~~~~~~~~~~~~~~~~~~~
pc_port/build_native/sprite_dispatch_noop_retail_test/width.c: At top level:
pc_port/build_native/sprite_dispatch_noop_retail_test/width.c:1635:6: warning: conflicting types for ‘SpriteComputeTransformMatrix’; have ‘void(SpriteData *)’
 1635 | void SpriteComputeTransformMatrix(SpriteData* pSpriteData) {
      |      ^~~~~~~~~~~~~~~~~~~~~~~~~~~~
pc_port/build_native/sprite_dispatch_noop_retail_test/width.c:1628:9: note: previous implicit declaration of ‘SpriteComputeTransformMatrix’ with type ‘void(SpriteData *)’
 1628 |         SpriteComputeTransformMatrix(pSpriteData);
      |         ^~~~~~~~~~~~~~~~~~~~~~~~~~~~
pc_port/build_native/sprite_dispatch_noop_retail_test/width.c: In function ‘SpriteComputeTransformMatrix’:
pc_port/build_native/sprite_dispatch_noop_retail_test/width.c:1648:9: warning: implicit declaration of function ‘ScaleMatrixL’; did you mean ‘ScaleMatrix’? [-Wimplicit-function-declaration]
 1648 |         ScaleMatrixL((MATRIX*)(pBase + 0xC), &scale);
      |         ^~~~~~~~~~~~
      |         ScaleMatrix
In file included from pc_port/build_native/sprite_dispatch_noop_retail_test/route.c:3:
include/system/memory.h:10:14: warning: conflicting types for built-in function ‘strlen’; expected ‘long unsigned int(const char *)’ [-Wbuiltin-declaration-mismatch]
   10 | extern u_int strlen(char* pString);
      |              ^~~~~~
include/system/memory.h:5:1: note: ‘strlen’ is declared in header ‘<string.h>’
    4 | #include "main/main.h"
  +++ |+#include <string.h>
    5 | 
pc_port/build_native/sprite_dispatch_noop_retail_test/route.c: In function ‘AnimationSoundBankSelector’:
pc_port/build_native/sprite_dispatch_noop_retail_test/route.c:136:5: warning: implicit declaration of function ‘memcpy’ [-Wimplicit-function-declaration]
  136 |     memcpy(&bank, PSX_ADDR(0x8005919C), sizeof(bank));
      |     ^~~~~~
pc_port/build_native/sprite_dispatch_noop_retail_test/route.c:134:1: note: include ‘<string.h>’ or provide a declaration of ‘memcpy’
  133 | #include "../../../pc_port/src/psx_memory.h"
  +++ |+#include <string.h>
  134 | static u32 AnimationSoundBankSelector(void) {
pc_port/build_native/sprite_dispatch_noop_retail_test/route.c:136:5: warning: incompatible implicit declaration of built-in function ‘memcpy’ [-Wbuiltin-declaration-mismatch]
  136 |     memcpy(&bank, PSX_ADDR(0x8005919C), sizeof(bank));
      |     ^~~~~~
pc_port/build_native/sprite_dispatch_noop_retail_test/route.c:136:5: note: include ‘<string.h>’ or provide a declaration of ‘memcpy’
pc_port/build_native/sprite_dispatch_noop_retail_test/route.c: In function ‘func_8001FBE4’:
pc_port/build_native/sprite_dispatch_noop_retail_test/route.c:468:13: warning: implicit declaration of function ‘func_8001F6B0’; did you mean ‘func_8001FB30’? [-Wimplicit-function-declaration]
  468 |             func_8001F6B0(p);
      |             ^~~~~~~~~~~~~
      |             func_8001FB30
pc_port/build_native/sprite_dispatch_noop_retail_test/route.c:1265:9: warning: incompatible implicit declaration of built-in function ‘memcpy’ [-Wbuiltin-declaration-mismatch]
 1265 |         memcpy((void*)(uintptr_t)*(u32*)(pBase + 0x30),
      |         ^~~~~~
pc_port/build_native/sprite_dispatch_noop_retail_test/route.c:1265:9: note: include ‘<string.h>’ or provide a declaration of ‘memcpy’
pc_port/build_native/sprite_dispatch_noop_retail_test/route.c: In function ‘func_80022038’:
pc_port/build_native/sprite_dispatch_noop_retail_test/route.c:1628:9: warning: implicit declaration of function ‘SpriteComputeTransformMatrix’ [-Wimplicit-function-declaration]
 1628 |         SpriteComputeTransformMatrix(pSpriteData);
      |         ^~~~~~~~~~~~~~~~~~~~~~~~~~~~
pc_port/build_native/sprite_dispatch_noop_retail_test/route.c: At top level:
pc_port/build_native/sprite_dispatch_noop_retail_test/route.c:1635:6: warning: conflicting types for ‘SpriteComputeTransformMatrix’; have ‘void(SpriteData *)’
 1635 | void SpriteComputeTransformMatrix(SpriteData* pSpriteData) {
      |      ^~~~~~~~~~~~~~~~~~~~~~~~~~~~
pc_port/build_native/sprite_dispatch_noop_retail_test/route.c:1628:9: note: previous implicit declaration of ‘SpriteComputeTransformMatrix’ with type ‘void(SpriteData *)’
 1628 |         SpriteComputeTransformMatrix(pSpriteData);
      |         ^~~~~~~~~~~~~~~~~~~~~~~~~~~~
pc_port/build_native/sprite_dispatch_noop_retail_test/route.c: In function ‘SpriteComputeTransformMatrix’:
pc_port/build_native/sprite_dispatch_noop_retail_test/route.c:1648:9: warning: implicit declaration of function ‘ScaleMatrixL’; did you mean ‘ScaleMatrix’? [-Wimplicit-function-declaration]
 1648 |         ScaleMatrixL((MATRIX*)(pBase + 0xC), &scale);
      |         ^~~~~~~~~~~~
      |         ScaleMatrix
pc_port/tests/run_sprite_dispatch_noop_retail_test.sh: line 24: 457087 Aborted                    (core dumped) "$OUT/$mutant.test" > "$OUT/$mutant.log" 2>&1
SPRITE NOOP negative controls PASS: missing invented width route
