21:53:05 four Z/Circle pulses at painting-room dialogue
21:53:22 Left held 0.8 seconds from painting
21:53:45 Up held 1.3 seconds
21:53:46 Left held 1.3 seconds
21:54:10 Down held 1.5 seconds
21:54:12 Left held 2 seconds
21:55:29 Right held 2 seconds
21:55:52 Up held 1.5 seconds
21:55:55 Left held 3 seconds
21:56:21 Up held 2 seconds at stairs
21:56:52 Up held 2 more seconds in stair passage
21:57:31 Right held 1.2 seconds in stair passage
22:02:26 Down held 0.8 seconds; read-only position/exit actor snapshot
22:02:51 Up held 0.8 seconds toward retail exit trigger
22:02:52 Left held 0.7 seconds toward retail exit trigger
22:04:58 Up held 0.5 seconds; position read
22:06:20 Left held 0.4 seconds; held-state inspection
22:06:40 Right held 0.5 seconds; position read
22:07:11 ['Up'] held 0.35 seconds
22:07:12 ['Up', 'Left'] held 0.65 seconds
22:08:07 ['Down', 'Left'] held 0.75 seconds toward stair foot
22:08:07 ['Up', 'Left'] held 0.45 seconds toward stair foot
22:08:34 ['Down', 'Left'] held 0.3 seconds toward stair foot
22:08:35 ['Up', 'Left'] held 0.55 seconds toward stair foot
22:09:06 Up+Right held 1.2 seconds along tread corridor
22:09:30 Up+Right held 0.6 more seconds along tread corridor
22:11:13 field13 Up+Right held 0.9 seconds toward exit zone1
22:12:08 field13 exit dialogue: eight Circle pulses, 2.5-second gaps, screenshots retained
22:15:33 field13 conversation: twelve more Circle pulses with screenshots
22:16:19 field13 conversation: eight additional Circle pulses with screenshots
22:17:38 after conversation Up+Right held 0.75 seconds toward outside door
22:20:22 Circle at house outside door; actor17 interaction script owns opcode47 map1 entrance7
22:21:16 door approach ['Up', 'Right'] held 0.3 seconds
22:21:16 door approach ['Down', 'Right'] held 0.25 seconds
22:21:16 door approach ['z'] held 0.15 seconds
2026-09-07 22:26:41 village Up+Right 2 seconds
2026-09-07 22:28:48 village-north1 Up+Left 5.0 seconds
2026-09-07 22:29:23 village-north2 Up+Left 6.0 seconds
2026-09-07 22:29:39 village-east Up+Right 3.0 seconds
2026-09-07 22:29:59 village-backoff Down+Right 1.0 seconds
2026-09-07 22:30:05 village-around Up+Right 4.0 seconds
2026-09-07 22:30:20 village-path Up+Left 5.0 seconds
2026-09-07 22:30:31 village-rock-around Down+Left 1.0 seconds
2026-09-07 22:30:38 village-boundary Up+Left 6.0 seconds
2026-09-07 22:30:49 village-exit Up+Left 3.0 seconds
2026-09-07 22:31:28 mountain-climb1 Up+Left 6.0 seconds
2026-09-07 22:32:02 mountain-climb2 Up+Left 6.0 seconds
2026-09-07 22:32:12 mountain-battle-select z 0.15 seconds
