[xeno-port][vram-probe] pre-backup  page[0] (0,224) fnv=74ab4403 nonzero=75/2048
[xeno-port][vram-probe] pre-backup  page[1] (64,224) fnv=8d7ac46d nonzero=60/2048
[xeno-port][vram-probe] pre-backup  page[2] (128,224) fnv=9c1379e5 nonzero=31/2048
[xeno-port][vram-probe] pre-backup  page[3] (192,224) fnv=d2063dc5 nonzero=0/2048
[xeno-port][vram-probe] pre-backup  page[4] (256,224) fnv=f88aa37b nonzero=149/2048
[xeno-port][vram-probe] pre-backup  page[5] (256,480) fnv=03a0e741 nonzero=60/2048
[xeno-port][vram-diag] pre-backup  field[0] (0,0) fnv=d2063dc5 nonzero=0/2048
[xeno-port][vram-diag] pre-backup  backup[0] (0,0) fnv=d2063dc5 nonzero=0/2048
[xeno-port][vram-diag] pre-backup  field[1] (0,0) fnv=d2063dc5 nonzero=0/2048
[xeno-port][vram-diag] pre-backup  backup[1] (0,0) fnv=d2063dc5 nonzero=0/2048
[xeno-port][vram-diag] pre-backup  field[2] (0,0) fnv=d2063dc5 nonzero=0/2048
[xeno-port][vram-diag] pre-backup  backup[2] (0,0) fnv=d2063dc5 nonzero=0/2048
[xeno-port][vram-diag] pre-backup  field[3] (0,0) fnv=d2063dc5 nonzero=0/2048
[xeno-port][vram-diag] pre-backup  backup[3] (0,0) fnv=d2063dc5 nonzero=0/2048
[xeno-port][vram-diag] pre-backup  field[4] (0,0) fnv=d2063dc5 nonzero=0/2048
[xeno-port][vram-diag] pre-backup  backup[4] (0,0) fnv=d2063dc5 nonzero=0/2048
[xeno-port][vram-diag] pre-backup  field[5] (0,0) fnv=d2063dc5 nonzero=0/2048
[xeno-port][vram-diag] pre-backup  backup[5] (0,0) fnv=d2063dc5 nonzero=0/2048
[xeno-port][vram-probe] post-backup page[0] (0,224) fnv=74ab4403 nonzero=75/2048
[xeno-port][vram-probe] post-backup page[1] (64,224) fnv=8d7ac46d nonzero=60/2048
[xeno-port][vram-probe] post-backup page[2] (128,224) fnv=9c1379e5 nonzero=31/2048
[xeno-port][vram-probe] post-backup page[3] (192,224) fnv=d2063dc5 nonzero=0/2048
[xeno-port][vram-probe] post-backup page[4] (256,224) fnv=f88aa37b nonzero=149/2048
[xeno-port][vram-probe] post-backup page[5] (256,480) fnv=03a0e741 nonzero=60/2048
[xeno-port][vram-diag] post-backup field[0] (0,0) fnv=d2063dc5 nonzero=0/2048
[xeno-port][vram-diag] post-backup backup[0] (0,0) fnv=d2063dc5 nonzero=0/2048
[xeno-port][vram-diag] post-backup field[1] (0,0) fnv=d2063dc5 nonzero=0/2048
[xeno-port][vram-diag] post-backup backup[1] (0,0) fnv=d2063dc5 nonzero=0/2048
[xeno-port][vram-diag] post-backup field[2] (0,0) fnv=d2063dc5 nonzero=0/2048
[xeno-port][vram-diag] post-backup backup[2] (0,0) fnv=d2063dc5 nonzero=0/2048
[xeno-port][vram-diag] post-backup field[3] (0,0) fnv=d2063dc5 nonzero=0/2048
[xeno-port][vram-diag] post-backup backup[3] (0,0) fnv=d2063dc5 nonzero=0/2048
[xeno-port][vram-diag] post-backup field[4] (0,0) fnv=d2063dc5 nonzero=0/2048
[xeno-port][vram-diag] post-backup backup[4] (0,0) fnv=d2063dc5 nonzero=0/2048
[xeno-port][vram-diag] post-backup field[5] (0,0) fnv=d2063dc5 nonzero=0/2048
[xeno-port][vram-diag] post-backup backup[5] (0,0) fnv=d2063dc5 nonzero=0/2048
[xeno-port][vram-probe] pre-restore page[0] (0,224) fnv=d2063dc5 nonzero=0/2048
[xeno-port][vram-probe] pre-restore page[1] (64,224) fnv=d2063dc5 nonzero=0/2048
[xeno-port][vram-probe] pre-restore page[2] (128,224) fnv=d2063dc5 nonzero=0/2048
[xeno-port][vram-probe] pre-restore page[3] (192,224) fnv=d2063dc5 nonzero=0/2048
[xeno-port][vram-probe] pre-restore page[4] (256,224) fnv=d2063dc5 nonzero=0/2048
[xeno-port][vram-probe] pre-restore page[5] (256,480) fnv=41a2b1a3 nonzero=271/2048
[xeno-port][vram-diag] pre-restore field[0] (0,0) fnv=dafabf95 nonzero=1859/2048
[xeno-port][vram-diag] pre-restore backup[0] (0,0) fnv=dafabf95 nonzero=1859/2048
[xeno-port][vram-diag] pre-restore field[1] (0,0) fnv=dafabf95 nonzero=1859/2048
[xeno-port][vram-diag] pre-restore backup[1] (0,0) fnv=dafabf95 nonzero=1859/2048
[xeno-port][vram-diag] pre-restore field[2] (0,0) fnv=dafabf95 nonzero=1859/2048
[xeno-port][vram-diag] pre-restore backup[2] (0,0) fnv=dafabf95 nonzero=1859/2048
[xeno-port][vram-diag] pre-restore field[3] (0,0) fnv=dafabf95 nonzero=1859/2048
[xeno-port][vram-diag] pre-restore backup[3] (0,0) fnv=dafabf95 nonzero=1859/2048
[xeno-port][vram-diag] pre-restore field[4] (0,0) fnv=dafabf95 nonzero=1859/2048
[xeno-port][vram-diag] pre-restore backup[4] (0,0) fnv=dafabf95 nonzero=1859/2048
[xeno-port][vram-diag] pre-restore field[5] (0,0) fnv=dafabf95 nonzero=1859/2048
[xeno-port][vram-diag] pre-restore backup[5] (0,0) fnv=dafabf95 nonzero=1859/2048
[xeno-port][vram-probe] post-restore page[0] (0,224) fnv=d2063dc5 nonzero=0/2048
[xeno-port][vram-probe] post-restore page[1] (64,224) fnv=d2063dc5 nonzero=0/2048
[xeno-port][vram-probe] post-restore page[2] (128,224) fnv=d2063dc5 nonzero=0/2048
[xeno-port][vram-probe] post-restore page[3] (192,224) fnv=d2063dc5 nonzero=0/2048
[xeno-port][vram-probe] post-restore page[4] (256,224) fnv=d2063dc5 nonzero=0/2048
[xeno-port][vram-probe] post-restore page[5] (256,480) fnv=41a2b1a3 nonzero=271/2048
[xeno-port][vram-diag] post-restore field[0] (0,0) fnv=dafabf95 nonzero=1859/2048
[xeno-port][vram-diag] post-restore backup[0] (0,0) fnv=dafabf95 nonzero=1859/2048
[xeno-port][vram-diag] post-restore field[1] (0,0) fnv=dafabf95 nonzero=1859/2048
[xeno-port][vram-diag] post-restore backup[1] (0,0) fnv=dafabf95 nonzero=1859/2048
[xeno-port][vram-diag] post-restore field[2] (0,0) fnv=dafabf95 nonzero=1859/2048
[xeno-port][vram-diag] post-restore backup[2] (0,0) fnv=dafabf95 nonzero=1859/2048
[xeno-port][vram-diag] post-restore field[3] (0,0) fnv=dafabf95 nonzero=1859/2048
[xeno-port][vram-diag] post-restore backup[3] (0,0) fnv=dafabf95 nonzero=1859/2048
[xeno-port][vram-diag] post-restore field[4] (0,0) fnv=dafabf95 nonzero=1859/2048
[xeno-port][vram-diag] post-restore backup[4] (0,0) fnv=dafabf95 nonzero=1859/2048
[xeno-port][vram-diag] post-restore field[5] (0,0) fnv=dafabf95 nonzero=1859/2048
[xeno-port][vram-diag] post-restore backup[5] (0,0) fnv=dafabf95 nonzero=1859/2048
