== M1 stderr:
ASSERTION fe60.keeps.circle.interrupt.bit
TITLE NEWGAME CHAIN certificate FAIL (1)
== M2 stderr:
ASSERTION fe61.releases.on.flag
TITLE NEWGAME CHAIN certificate FAIL (1)
== M3 stderr:
ASSERTION fe57.requests.title.menu.2
TITLE NEWGAME CHAIN certificate FAIL (1)
== M4 stderr:
ASSERTION menu.confirm.not.on.circle.press
ASSERTION menu.confirm.on.circle.release
TITLE NEWGAME CHAIN certificate FAIL (2)
== M5 stderr:
ASSERTION title.up.moves.continue.to.newgame
ASSERTION title.confirm.choice2.starts.new.game
ASSERTION title.confirm.does.not.open.other.entries
ASSERTION title.exits.by.new.game.not.timeout
ASSERTION title.loop.exits.after.new.game
ASSERTION title.cursor.left.on.new.game
TITLE NEWGAME CHAIN certificate FAIL (6)
