src/slus_006.64/system/animation_scripts.c: In function ‘AnimationSoundBankSelector’:
src/slus_006.64/system/animation_scripts.c:137:5: warning: implicit declaration of function ‘memcpy’ [-Wimplicit-function-declaration]
  137 |     memcpy(&bank, PSX_ADDR(0x8005919C), sizeof(bank));
      |     ^~~~~~
src/slus_006.64/system/animation_scripts.c:135:1: note: include ‘<string.h>’ or provide a declaration of ‘memcpy’
  134 | #include "../../../pc_port/src/psx_memory.h"
  +++ |+#include <string.h>
  135 | static u32 AnimationSoundBankSelector(void) {
src/slus_006.64/system/animation_scripts.c:137:5: warning: incompatible implicit declaration of built-in function ‘memcpy’ [-Wbuiltin-declaration-mismatch]
  137 |     memcpy(&bank, PSX_ADDR(0x8005919C), sizeof(bank));
      |     ^~~~~~
src/slus_006.64/system/animation_scripts.c:137:5: note: include ‘<string.h>’ or provide a declaration of ‘memcpy’
src/slus_006.64/system/animation_scripts.c: In function ‘func_8001FBE4’:
src/slus_006.64/system/animation_scripts.c:591:13: warning: implicit declaration of function ‘func_8001F6B0’; did you mean ‘func_8001FB30’? [-Wimplicit-function-declaration]
  591 |             func_8001F6B0(p);
      |             ^~~~~~~~~~~~~
      |             func_8001FB30
src/slus_006.64/system/animation_scripts.c:1412:9: warning: incompatible implicit declaration of built-in function ‘memcpy’ [-Wbuiltin-declaration-mismatch]
 1412 |         memcpy((void*)(uintptr_t)*(u32*)(pBase + 0x30),
      |         ^~~~~~
src/slus_006.64/system/animation_scripts.c:1412:9: note: include ‘<string.h>’ or provide a declaration of ‘memcpy’
src/slus_006.64/system/animation_scripts.c: In function ‘func_80022038’:
src/slus_006.64/system/animation_scripts.c:1775:9: warning: implicit declaration of function ‘SpriteComputeTransformMatrix’ [-Wimplicit-function-declaration]
 1775 |         SpriteComputeTransformMatrix(pSpriteData);
      |         ^~~~~~~~~~~~~~~~~~~~~~~~~~~~
src/slus_006.64/system/animation_scripts.c: At top level:
src/slus_006.64/system/animation_scripts.c:1782:6: warning: conflicting types for ‘SpriteComputeTransformMatrix’; have ‘void(SpriteData *)’
 1782 | void SpriteComputeTransformMatrix(SpriteData* pSpriteData) {
      |      ^~~~~~~~~~~~~~~~~~~~~~~~~~~~
src/slus_006.64/system/animation_scripts.c:1775:9: note: previous implicit declaration of ‘SpriteComputeTransformMatrix’ with type ‘void(SpriteData *)’
 1775 |         SpriteComputeTransformMatrix(pSpriteData);
      |         ^~~~~~~~~~~~~~~~~~~~~~~~~~~~
src/slus_006.64/system/animation_scripts.c: In function ‘SpriteComputeTransformMatrix’:
src/slus_006.64/system/animation_scripts.c:1795:9: warning: implicit declaration of function ‘ScaleMatrixL’; did you mean ‘ScaleMatrix’? [-Wimplicit-function-declaration]
 1795 |         ScaleMatrixL((MATRIX*)(pBase + 0xC), &scale);
      |         ^~~~~~~~~~~~
      |         ScaleMatrix
SPRITE BD PASS cases=262656 child-helper boundary only
src/slus_006.64/system/animation_scripts.c: In function ‘AnimationSoundBankSelector’:
src/slus_006.64/system/animation_scripts.c:137:5: warning: implicit declaration of function ‘memcpy’ [-Wimplicit-function-declaration]
  137 |     memcpy(&bank, PSX_ADDR(0x8005919C), sizeof(bank));
      |     ^~~~~~
src/slus_006.64/system/animation_scripts.c:135:1: note: include ‘<string.h>’ or provide a declaration of ‘memcpy’
  134 | #include "../../../pc_port/src/psx_memory.h"
  +++ |+#include <string.h>
  135 | static u32 AnimationSoundBankSelector(void) {
src/slus_006.64/system/animation_scripts.c:137:5: warning: incompatible implicit declaration of built-in function ‘memcpy’ [-Wbuiltin-declaration-mismatch]
  137 |     memcpy(&bank, PSX_ADDR(0x8005919C), sizeof(bank));
      |     ^~~~~~
src/slus_006.64/system/animation_scripts.c:137:5: note: include ‘<string.h>’ or provide a declaration of ‘memcpy’
src/slus_006.64/system/animation_scripts.c: In function ‘func_8001FBE4’:
src/slus_006.64/system/animation_scripts.c:591:13: warning: implicit declaration of function ‘func_8001F6B0’; did you mean ‘func_8001FB30’? [-Wimplicit-function-declaration]
  591 |             func_8001F6B0(p);
      |             ^~~~~~~~~~~~~
      |             func_8001FB30
src/slus_006.64/system/animation_scripts.c:1412:9: warning: incompatible implicit declaration of built-in function ‘memcpy’ [-Wbuiltin-declaration-mismatch]
 1412 |         memcpy((void*)(uintptr_t)*(u32*)(pBase + 0x30),
      |         ^~~~~~
src/slus_006.64/system/animation_scripts.c:1412:9: note: include ‘<string.h>’ or provide a declaration of ‘memcpy’
src/slus_006.64/system/animation_scripts.c: In function ‘func_80022038’:
src/slus_006.64/system/animation_scripts.c:1775:9: warning: implicit declaration of function ‘SpriteComputeTransformMatrix’ [-Wimplicit-function-declaration]
 1775 |         SpriteComputeTransformMatrix(pSpriteData);
      |         ^~~~~~~~~~~~~~~~~~~~~~~~~~~~
src/slus_006.64/system/animation_scripts.c: At top level:
src/slus_006.64/system/animation_scripts.c:1782:6: warning: conflicting types for ‘SpriteComputeTransformMatrix’; have ‘void(SpriteData *)’
 1782 | void SpriteComputeTransformMatrix(SpriteData* pSpriteData) {
      |      ^~~~~~~~~~~~~~~~~~~~~~~~~~~~
src/slus_006.64/system/animation_scripts.c:1775:9: note: previous implicit declaration of ‘SpriteComputeTransformMatrix’ with type ‘void(SpriteData *)’
 1775 |         SpriteComputeTransformMatrix(pSpriteData);
      |         ^~~~~~~~~~~~~~~~~~~~~~~~~~~~
src/slus_006.64/system/animation_scripts.c: In function ‘SpriteComputeTransformMatrix’:
src/slus_006.64/system/animation_scripts.c:1795:9: warning: implicit declaration of function ‘ScaleMatrixL’; did you mean ‘ScaleMatrix’? [-Wimplicit-function-declaration]
 1795 |         ScaleMatrixL((MATRIX*)(pBase + 0xC), &scale);
      |         ^~~~~~~~~~~~
      |         ScaleMatrix
SPRITE BD PASS cases=262656 child-helper boundary only
src/slus_006.64/system/animation_scripts.c: In function ‘AnimationSoundBankSelector’:
src/slus_006.64/system/animation_scripts.c:137:5: warning: implicit declaration of function ‘memcpy’ [-Wimplicit-function-declaration]
  137 |     memcpy(&bank, PSX_ADDR(0x8005919C), sizeof(bank));
      |     ^~~~~~
src/slus_006.64/system/animation_scripts.c:135:1: note: include ‘<string.h>’ or provide a declaration of ‘memcpy’
  134 | #include "../../../pc_port/src/psx_memory.h"
  +++ |+#include <string.h>
  135 | static u32 AnimationSoundBankSelector(void) {
src/slus_006.64/system/animation_scripts.c:137:5: warning: incompatible implicit declaration of built-in function ‘memcpy’ [-Wbuiltin-declaration-mismatch]
  137 |     memcpy(&bank, PSX_ADDR(0x8005919C), sizeof(bank));
      |     ^~~~~~
src/slus_006.64/system/animation_scripts.c:137:5: note: include ‘<string.h>’ or provide a declaration of ‘memcpy’
src/slus_006.64/system/animation_scripts.c: In function ‘func_8001FBE4’:
src/slus_006.64/system/animation_scripts.c:591:13: warning: implicit declaration of function ‘func_8001F6B0’; did you mean ‘func_8001FB30’? [-Wimplicit-function-declaration]
  591 |             func_8001F6B0(p);
      |             ^~~~~~~~~~~~~
      |             func_8001FB30
src/slus_006.64/system/animation_scripts.c:1412:9: warning: incompatible implicit declaration of built-in function ‘memcpy’ [-Wbuiltin-declaration-mismatch]
 1412 |         memcpy((void*)(uintptr_t)*(u32*)(pBase + 0x30),
      |         ^~~~~~
src/slus_006.64/system/animation_scripts.c:1412:9: note: include ‘<string.h>’ or provide a declaration of ‘memcpy’
src/slus_006.64/system/animation_scripts.c: In function ‘func_80022038’:
src/slus_006.64/system/animation_scripts.c:1775:9: warning: implicit declaration of function ‘SpriteComputeTransformMatrix’ [-Wimplicit-function-declaration]
 1775 |         SpriteComputeTransformMatrix(pSpriteData);
      |         ^~~~~~~~~~~~~~~~~~~~~~~~~~~~
src/slus_006.64/system/animation_scripts.c: At top level:
src/slus_006.64/system/animation_scripts.c:1782:6: warning: conflicting types for ‘SpriteComputeTransformMatrix’; have ‘void(SpriteData *)’
 1782 | void SpriteComputeTransformMatrix(SpriteData* pSpriteData) {
      |      ^~~~~~~~~~~~~~~~~~~~~~~~~~~~
src/slus_006.64/system/animation_scripts.c:1775:9: note: previous implicit declaration of ‘SpriteComputeTransformMatrix’ with type ‘void(SpriteData *)’
 1775 |         SpriteComputeTransformMatrix(pSpriteData);
      |         ^~~~~~~~~~~~~~~~~~~~~~~~~~~~
src/slus_006.64/system/animation_scripts.c: In function ‘SpriteComputeTransformMatrix’:
src/slus_006.64/system/animation_scripts.c:1795:9: warning: implicit declaration of function ‘ScaleMatrixL’; did you mean ‘ScaleMatrix’? [-Wimplicit-function-declaration]
 1795 |         ScaleMatrixL((MATRIX*)(pBase + 0xC), &scale);
      |         ^~~~~~~~~~~~
      |         ScaleMatrix
SPRITE BD PASS cases=262656 child-helper boundary only
SPRITE BD O0/O2/UBSAN PASS
pc_port/build_native/sprite_dispatch_bd_retail_test/index-stride.c: In function ‘AnimationSoundBankSelector’:
pc_port/build_native/sprite_dispatch_bd_retail_test/index-stride.c:137:5: warning: implicit declaration of function ‘memcpy’ [-Wimplicit-function-declaration]
  137 |     memcpy(&bank, PSX_ADDR(0x8005919C), sizeof(bank));
      |     ^~~~~~
pc_port/build_native/sprite_dispatch_bd_retail_test/index-stride.c:135:1: note: include ‘<string.h>’ or provide a declaration of ‘memcpy’
  134 | #include "../../../pc_port/src/psx_memory.h"
  +++ |+#include <string.h>
  135 | static u32 AnimationSoundBankSelector(void) {
pc_port/build_native/sprite_dispatch_bd_retail_test/index-stride.c:137:5: warning: incompatible implicit declaration of built-in function ‘memcpy’ [-Wbuiltin-declaration-mismatch]
  137 |     memcpy(&bank, PSX_ADDR(0x8005919C), sizeof(bank));
      |     ^~~~~~
pc_port/build_native/sprite_dispatch_bd_retail_test/index-stride.c:137:5: note: include ‘<string.h>’ or provide a declaration of ‘memcpy’
pc_port/build_native/sprite_dispatch_bd_retail_test/index-stride.c: In function ‘func_8001FBE4’:
pc_port/build_native/sprite_dispatch_bd_retail_test/index-stride.c:591:13: warning: implicit declaration of function ‘func_8001F6B0’; did you mean ‘func_8001FB30’? [-Wimplicit-function-declaration]
  591 |             func_8001F6B0(p);
      |             ^~~~~~~~~~~~~
      |             func_8001FB30
pc_port/build_native/sprite_dispatch_bd_retail_test/index-stride.c:1412:9: warning: incompatible implicit declaration of built-in function ‘memcpy’ [-Wbuiltin-declaration-mismatch]
 1412 |         memcpy((void*)(uintptr_t)*(u32*)(pBase + 0x30),
      |         ^~~~~~
pc_port/build_native/sprite_dispatch_bd_retail_test/index-stride.c:1412:9: note: include ‘<string.h>’ or provide a declaration of ‘memcpy’
pc_port/build_native/sprite_dispatch_bd_retail_test/index-stride.c: In function ‘func_80022038’:
pc_port/build_native/sprite_dispatch_bd_retail_test/index-stride.c:1775:9: warning: implicit declaration of function ‘SpriteComputeTransformMatrix’ [-Wimplicit-function-declaration]
 1775 |         SpriteComputeTransformMatrix(pSpriteData);
      |         ^~~~~~~~~~~~~~~~~~~~~~~~~~~~
pc_port/build_native/sprite_dispatch_bd_retail_test/index-stride.c: At top level:
pc_port/build_native/sprite_dispatch_bd_retail_test/index-stride.c:1782:6: warning: conflicting types for ‘SpriteComputeTransformMatrix’; have ‘void(SpriteData *)’
 1782 | void SpriteComputeTransformMatrix(SpriteData* pSpriteData) {
      |      ^~~~~~~~~~~~~~~~~~~~~~~~~~~~
pc_port/build_native/sprite_dispatch_bd_retail_test/index-stride.c:1775:9: note: previous implicit declaration of ‘SpriteComputeTransformMatrix’ with type ‘void(SpriteData *)’
 1775 |         SpriteComputeTransformMatrix(pSpriteData);
      |         ^~~~~~~~~~~~~~~~~~~~~~~~~~~~
pc_port/build_native/sprite_dispatch_bd_retail_test/index-stride.c: In function ‘SpriteComputeTransformMatrix’:
pc_port/build_native/sprite_dispatch_bd_retail_test/index-stride.c:1795:9: warning: implicit declaration of function ‘ScaleMatrixL’; did you mean ‘ScaleMatrix’? [-Wimplicit-function-declaration]
 1795 |         ScaleMatrixL((MATRIX*)(pBase + 0xC), &scale);
      |         ^~~~~~~~~~~~
      |         ScaleMatrix
BD MUTANT REJECTED index-stride
pc_port/build_native/sprite_dispatch_bd_retail_test/table-header.c: In function ‘AnimationSoundBankSelector’:
pc_port/build_native/sprite_dispatch_bd_retail_test/table-header.c:137:5: warning: implicit declaration of function ‘memcpy’ [-Wimplicit-function-declaration]
  137 |     memcpy(&bank, PSX_ADDR(0x8005919C), sizeof(bank));
      |     ^~~~~~
pc_port/build_native/sprite_dispatch_bd_retail_test/table-header.c:135:1: note: include ‘<string.h>’ or provide a declaration of ‘memcpy’
  134 | #include "../../../pc_port/src/psx_memory.h"
  +++ |+#include <string.h>
  135 | static u32 AnimationSoundBankSelector(void) {
pc_port/build_native/sprite_dispatch_bd_retail_test/table-header.c:137:5: warning: incompatible implicit declaration of built-in function ‘memcpy’ [-Wbuiltin-declaration-mismatch]
  137 |     memcpy(&bank, PSX_ADDR(0x8005919C), sizeof(bank));
      |     ^~~~~~
pc_port/build_native/sprite_dispatch_bd_retail_test/table-header.c:137:5: note: include ‘<string.h>’ or provide a declaration of ‘memcpy’
pc_port/build_native/sprite_dispatch_bd_retail_test/table-header.c: In function ‘func_8001FBE4’:
pc_port/build_native/sprite_dispatch_bd_retail_test/table-header.c:591:13: warning: implicit declaration of function ‘func_8001F6B0’; did you mean ‘func_8001FB30’? [-Wimplicit-function-declaration]
  591 |             func_8001F6B0(p);
      |             ^~~~~~~~~~~~~
      |             func_8001FB30
pc_port/build_native/sprite_dispatch_bd_retail_test/table-header.c:1412:9: warning: incompatible implicit declaration of built-in function ‘memcpy’ [-Wbuiltin-declaration-mismatch]
 1412 |         memcpy((void*)(uintptr_t)*(u32*)(pBase + 0x30),
      |         ^~~~~~
pc_port/build_native/sprite_dispatch_bd_retail_test/table-header.c:1412:9: note: include ‘<string.h>’ or provide a declaration of ‘memcpy’
pc_port/build_native/sprite_dispatch_bd_retail_test/table-header.c: In function ‘func_80022038’:
pc_port/build_native/sprite_dispatch_bd_retail_test/table-header.c:1775:9: warning: implicit declaration of function ‘SpriteComputeTransformMatrix’ [-Wimplicit-function-declaration]
 1775 |         SpriteComputeTransformMatrix(pSpriteData);
      |         ^~~~~~~~~~~~~~~~~~~~~~~~~~~~
pc_port/build_native/sprite_dispatch_bd_retail_test/table-header.c: At top level:
pc_port/build_native/sprite_dispatch_bd_retail_test/table-header.c:1782:6: warning: conflicting types for ‘SpriteComputeTransformMatrix’; have ‘void(SpriteData *)’
 1782 | void SpriteComputeTransformMatrix(SpriteData* pSpriteData) {
      |      ^~~~~~~~~~~~~~~~~~~~~~~~~~~~
pc_port/build_native/sprite_dispatch_bd_retail_test/table-header.c:1775:9: note: previous implicit declaration of ‘SpriteComputeTransformMatrix’ with type ‘void(SpriteData *)’
 1775 |         SpriteComputeTransformMatrix(pSpriteData);
      |         ^~~~~~~~~~~~~~~~~~~~~~~~~~~~
pc_port/build_native/sprite_dispatch_bd_retail_test/table-header.c: In function ‘SpriteComputeTransformMatrix’:
pc_port/build_native/sprite_dispatch_bd_retail_test/table-header.c:1795:9: warning: implicit declaration of function ‘ScaleMatrixL’; did you mean ‘ScaleMatrix’? [-Wimplicit-function-declaration]
 1795 |         ScaleMatrixL((MATRIX*)(pBase + 0xC), &scale);
      |         ^~~~~~~~~~~~
      |         ScaleMatrix
BD MUTANT REJECTED table-header
pc_port/build_native/sprite_dispatch_bd_retail_test/signed-offset.c: In function ‘AnimationSoundBankSelector’:
pc_port/build_native/sprite_dispatch_bd_retail_test/signed-offset.c:137:5: warning: implicit declaration of function ‘memcpy’ [-Wimplicit-function-declaration]
  137 |     memcpy(&bank, PSX_ADDR(0x8005919C), sizeof(bank));
      |     ^~~~~~
pc_port/build_native/sprite_dispatch_bd_retail_test/signed-offset.c:135:1: note: include ‘<string.h>’ or provide a declaration of ‘memcpy’
  134 | #include "../../../pc_port/src/psx_memory.h"
  +++ |+#include <string.h>
  135 | static u32 AnimationSoundBankSelector(void) {
pc_port/build_native/sprite_dispatch_bd_retail_test/signed-offset.c:137:5: warning: incompatible implicit declaration of built-in function ‘memcpy’ [-Wbuiltin-declaration-mismatch]
  137 |     memcpy(&bank, PSX_ADDR(0x8005919C), sizeof(bank));
      |     ^~~~~~
pc_port/build_native/sprite_dispatch_bd_retail_test/signed-offset.c:137:5: note: include ‘<string.h>’ or provide a declaration of ‘memcpy’
pc_port/build_native/sprite_dispatch_bd_retail_test/signed-offset.c: In function ‘func_8001FBE4’:
pc_port/build_native/sprite_dispatch_bd_retail_test/signed-offset.c:591:13: warning: implicit declaration of function ‘func_8001F6B0’; did you mean ‘func_8001FB30’? [-Wimplicit-function-declaration]
  591 |             func_8001F6B0(p);
      |             ^~~~~~~~~~~~~
      |             func_8001FB30
pc_port/build_native/sprite_dispatch_bd_retail_test/signed-offset.c:1412:9: warning: incompatible implicit declaration of built-in function ‘memcpy’ [-Wbuiltin-declaration-mismatch]
 1412 |         memcpy((void*)(uintptr_t)*(u32*)(pBase + 0x30),
      |         ^~~~~~
pc_port/build_native/sprite_dispatch_bd_retail_test/signed-offset.c:1412:9: note: include ‘<string.h>’ or provide a declaration of ‘memcpy’
pc_port/build_native/sprite_dispatch_bd_retail_test/signed-offset.c: In function ‘func_80022038’:
pc_port/build_native/sprite_dispatch_bd_retail_test/signed-offset.c:1775:9: warning: implicit declaration of function ‘SpriteComputeTransformMatrix’ [-Wimplicit-function-declaration]
 1775 |         SpriteComputeTransformMatrix(pSpriteData);
      |         ^~~~~~~~~~~~~~~~~~~~~~~~~~~~
pc_port/build_native/sprite_dispatch_bd_retail_test/signed-offset.c: At top level:
pc_port/build_native/sprite_dispatch_bd_retail_test/signed-offset.c:1782:6: warning: conflicting types for ‘SpriteComputeTransformMatrix’; have ‘void(SpriteData *)’
 1782 | void SpriteComputeTransformMatrix(SpriteData* pSpriteData) {
      |      ^~~~~~~~~~~~~~~~~~~~~~~~~~~~
pc_port/build_native/sprite_dispatch_bd_retail_test/signed-offset.c:1775:9: note: previous implicit declaration of ‘SpriteComputeTransformMatrix’ with type ‘void(SpriteData *)’
 1775 |         SpriteComputeTransformMatrix(pSpriteData);
      |         ^~~~~~~~~~~~~~~~~~~~~~~~~~~~
pc_port/build_native/sprite_dispatch_bd_retail_test/signed-offset.c: In function ‘SpriteComputeTransformMatrix’:
pc_port/build_native/sprite_dispatch_bd_retail_test/signed-offset.c:1795:9: warning: implicit declaration of function ‘ScaleMatrixL’; did you mean ‘ScaleMatrix’? [-Wimplicit-function-declaration]
 1795 |         ScaleMatrixL((MATRIX*)(pBase + 0xC), &scale);
      |         ^~~~~~~~~~~~
      |         ScaleMatrix
BD MUTANT REJECTED signed-offset
pc_port/build_native/sprite_dispatch_bd_retail_test/package.c: In function ‘AnimationSoundBankSelector’:
pc_port/build_native/sprite_dispatch_bd_retail_test/package.c:137:5: warning: implicit declaration of function ‘memcpy’ [-Wimplicit-function-declaration]
  137 |     memcpy(&bank, PSX_ADDR(0x8005919C), sizeof(bank));
      |     ^~~~~~
pc_port/build_native/sprite_dispatch_bd_retail_test/package.c:135:1: note: include ‘<string.h>’ or provide a declaration of ‘memcpy’
  134 | #include "../../../pc_port/src/psx_memory.h"
  +++ |+#include <string.h>
  135 | static u32 AnimationSoundBankSelector(void) {
pc_port/build_native/sprite_dispatch_bd_retail_test/package.c:137:5: warning: incompatible implicit declaration of built-in function ‘memcpy’ [-Wbuiltin-declaration-mismatch]
  137 |     memcpy(&bank, PSX_ADDR(0x8005919C), sizeof(bank));
      |     ^~~~~~
pc_port/build_native/sprite_dispatch_bd_retail_test/package.c:137:5: note: include ‘<string.h>’ or provide a declaration of ‘memcpy’
pc_port/build_native/sprite_dispatch_bd_retail_test/package.c: In function ‘func_8001FBE4’:
pc_port/build_native/sprite_dispatch_bd_retail_test/package.c:591:13: warning: implicit declaration of function ‘func_8001F6B0’; did you mean ‘func_8001FB30’? [-Wimplicit-function-declaration]
  591 |             func_8001F6B0(p);
      |             ^~~~~~~~~~~~~
      |             func_8001FB30
pc_port/build_native/sprite_dispatch_bd_retail_test/package.c:1412:9: warning: incompatible implicit declaration of built-in function ‘memcpy’ [-Wbuiltin-declaration-mismatch]
 1412 |         memcpy((void*)(uintptr_t)*(u32*)(pBase + 0x30),
      |         ^~~~~~
pc_port/build_native/sprite_dispatch_bd_retail_test/package.c:1412:9: note: include ‘<string.h>’ or provide a declaration of ‘memcpy’
pc_port/build_native/sprite_dispatch_bd_retail_test/package.c: In function ‘func_80022038’:
pc_port/build_native/sprite_dispatch_bd_retail_test/package.c:1775:9: warning: implicit declaration of function ‘SpriteComputeTransformMatrix’ [-Wimplicit-function-declaration]
 1775 |         SpriteComputeTransformMatrix(pSpriteData);
      |         ^~~~~~~~~~~~~~~~~~~~~~~~~~~~
pc_port/build_native/sprite_dispatch_bd_retail_test/package.c: At top level:
pc_port/build_native/sprite_dispatch_bd_retail_test/package.c:1782:6: warning: conflicting types for ‘SpriteComputeTransformMatrix’; have ‘void(SpriteData *)’
 1782 | void SpriteComputeTransformMatrix(SpriteData* pSpriteData) {
      |      ^~~~~~~~~~~~~~~~~~~~~~~~~~~~
pc_port/build_native/sprite_dispatch_bd_retail_test/package.c:1775:9: note: previous implicit declaration of ‘SpriteComputeTransformMatrix’ with type ‘void(SpriteData *)’
 1775 |         SpriteComputeTransformMatrix(pSpriteData);
      |         ^~~~~~~~~~~~~~~~~~~~~~~~~~~~
pc_port/build_native/sprite_dispatch_bd_retail_test/package.c: In function ‘SpriteComputeTransformMatrix’:
pc_port/build_native/sprite_dispatch_bd_retail_test/package.c:1795:9: warning: implicit declaration of function ‘ScaleMatrixL’; did you mean ‘ScaleMatrix’? [-Wimplicit-function-declaration]
 1795 |         ScaleMatrixL((MATRIX*)(pBase + 0xC), &scale);
      |         ^~~~~~~~~~~~
      |         ScaleMatrix
BD MUTANT REJECTED package
