[1/6] Assemble asm/menu/data/main/misc.rodata.s (AS)
[2/6] Assemble asm/menu/data/25908.bss.s (AS)
[3/6] Assemble asm/menu/data/246A4.data.s (AS)
[4/6] Assemble asm/menu/main/misc.s (AS)
asm/menu/main/misc.s: Assembler messages:
asm/menu/main/misc.s:14: Warning: missing .end
asm/menu/main/misc.s:187:  Info: macro invoked from here
asm/menu/main/misc.s:14: Warning: missing .end
asm/menu/main/misc.s:330:  Info: macro invoked from here
asm/menu/main/misc.s:14: Warning: missing .end
asm/menu/main/misc.s:420:  Info: macro invoked from here
asm/menu/main/misc.s:14: Warning: missing .end
asm/menu/main/misc.s:587:  Info: macro invoked from here
asm/menu/main/misc.s:14: Warning: missing .end
asm/menu/main/misc.s:617:  Info: macro invoked from here
asm/menu/main/misc.s:14: Warning: missing .end
asm/menu/main/misc.s:647:  Info: macro invoked from here
asm/menu/main/misc.s:14: Warning: missing .end
asm/menu/main/misc.s:677:  Info: macro invoked from here
asm/menu/main/misc.s:14: Warning: missing .end
asm/menu/main/misc.s:707:  Info: macro invoked from here
asm/menu/main/misc.s:14: Warning: missing .end
asm/menu/main/misc.s:737:  Info: macro invoked from here
asm/menu/main/misc.s:14: Warning: missing .end
asm/menu/main/misc.s:767:  Info: macro invoked from here
asm/menu/main/misc.s:14: Warning: missing .end
asm/menu/main/misc.s:797:  Info: macro invoked from here
asm/menu/main/misc.s:14: Warning: missing .end
asm/menu/main/misc.s:827:  Info: macro invoked from here
asm/menu/main/misc.s:14: Warning: missing .end
asm/menu/main/misc.s:873:  Info: macro invoked from here
asm/menu/main/misc.s:14: Warning: missing .end
asm/menu/main/misc.s:933:  Info: macro invoked from here
asm/menu/main/misc.s:14: Warning: missing .end
asm/menu/main/misc.s:1120:  Info: macro invoked from here
asm/menu/main/misc.s:14: Warning: missing .end
asm/menu/main/misc.s:1216:  Info: macro invoked from here
asm/menu/main/misc.s:14: Warning: missing .end
asm/menu/main/misc.s:1351:  Info: macro invoked from here
asm/menu/main/misc.s:14: Warning: missing .end
asm/menu/main/misc.s:1656:  Info: macro invoked from here
asm/menu/main/misc.s:14: Warning: missing .end
asm/menu/main/misc.s:1841:  Info: macro invoked from here
asm/menu/main/misc.s:14: Warning: missing .end
asm/menu/main/misc.s:1848:  Info: macro invoked from here
asm/menu/main/misc.s:14: Warning: missing .end
asm/menu/main/misc.s:1864:  Info: macro invoked from here
asm/menu/main/misc.s:14: Warning: missing .end
asm/menu/main/misc.s:1898:  Info: macro invoked from here
asm/menu/main/misc.s:14: Warning: missing .end
asm/menu/main/misc.s:1924:  Info: macro invoked from here
asm/menu/main/misc.s:14: Warning: missing .end
asm/menu/main/misc.s:1993:  Info: macro invoked from here
asm/menu/main/misc.s:14: Warning: missing .end
asm/menu/main/misc.s:2208:  Info: macro invoked from here
asm/menu/main/misc.s:14: Warning: missing .end
asm/menu/main/misc.s:2776:  Info: macro invoked from here
asm/menu/main/misc.s:14: Warning: missing .end
asm/menu/main/misc.s:2841:  Info: macro invoked from here
asm/menu/main/misc.s:14: Warning: missing .end
asm/menu/main/misc.s:2944:  Info: macro invoked from here
asm/menu/main/misc.s:14: Warning: missing .end
asm/menu/main/misc.s:3075:  Info: macro invoked from here
asm/menu/main/misc.s:14: Warning: missing .end
asm/menu/main/misc.s:3175:  Info: macro invoked from here
asm/menu/main/misc.s:14: Warning: missing .end
asm/menu/main/misc.s:3225:  Info: macro invoked from here
asm/menu/main/misc.s:14: Warning: missing .end
asm/menu/main/misc.s:3259:  Info: macro invoked from here
asm/menu/main/misc.s:14: Warning: missing .end
asm/menu/main/misc.s:3349:  Info: macro invoked from here
asm/menu/main/misc.s:14: Warning: missing .end
asm/menu/main/misc.s:3494:  Info: macro invoked from here
asm/menu/main/misc.s:14: Warning: missing .end
asm/menu/main/misc.s:3519:  Info: macro invoked from here
asm/menu/main/misc.s:14: Warning: missing .end
asm/menu/main/misc.s:3542:  Info: macro invoked from here
asm/menu/main/misc.s:14: Warning: missing .end
asm/menu/main/misc.s:3552:  Info: macro invoked from here
asm/menu/main/misc.s:14: Warning: missing .end
asm/menu/main/misc.s:3562:  Info: macro invoked from here
asm/menu/main/misc.s:14: Warning: missing .end
asm/menu/main/misc.s:3574:  Info: macro invoked from here
asm/menu/main/misc.s:14: Warning: missing .end
asm/menu/main/misc.s:3586:  Info: macro invoked from here
asm/menu/main/misc.s:14: Warning: missing .end
asm/menu/main/misc.s:3596:  Info: macro invoked from here
asm/menu/main/misc.s:14: Warning: missing .end
asm/menu/main/misc.s:3606:  Info: macro invoked from here
asm/menu/main/misc.s:14: Warning: missing .end
asm/menu/main/misc.s:3616:  Info: macro invoked from here
asm/menu/main/misc.s:14: Warning: missing .end
asm/menu/main/misc.s:3703:  Info: macro invoked from here
asm/menu/main/misc.s:14: Warning: missing .end
asm/menu/main/misc.s:3728:  Info: macro invoked from here
asm/menu/main/misc.s:14: Warning: missing .end
asm/menu/main/misc.s:3800:  Info: macro invoked from here
asm/menu/main/misc.s:14: Warning: missing .end
asm/menu/main/misc.s:3821:  Info: macro invoked from here
asm/menu/main/misc.s:14: Warning: missing .end
asm/menu/main/misc.s:3868:  Info: macro invoked from here
asm/menu/main/misc.s:14: Warning: missing .end
asm/menu/main/misc.s:3996:  Info: macro invoked from here
asm/menu/main/misc.s:14: Warning: missing .end
asm/menu/main/misc.s:4047:  Info: macro invoked from here
asm/menu/main/misc.s:14: Warning: missing .end
asm/menu/main/misc.s:4082:  Info: macro invoked from here
asm/menu/main/misc.s:14: Warning: missing .end
asm/menu/main/misc.s:4110:  Info: macro invoked from here
asm/menu/main/misc.s:14: Warning: missing .end
asm/menu/main/misc.s:4211:  Info: macro invoked from here
asm/menu/main/misc.s:14: Warning: missing .end
asm/menu/main/misc.s:4305:  Info: macro invoked from here
asm/menu/main/misc.s:14: Warning: missing .end
asm/menu/main/misc.s:4340:  Info: macro invoked from here
asm/menu/main/misc.s:14: Warning: missing .end
asm/menu/main/misc.s:4462:  Info: macro invoked from here
asm/menu/main/misc.s:14: Warning: missing .end
asm/menu/main/misc.s:4549:  Info: macro invoked from here
asm/menu/main/misc.s:14: Warning: missing .end
asm/menu/main/misc.s:5095:  Info: macro invoked from here
asm/menu/main/misc.s:14: Warning: missing .end
asm/menu/main/misc.s:5199:  Info: macro invoked from here
asm/menu/main/misc.s:14: Warning: missing .end
asm/menu/main/misc.s:5328:  Info: macro invoked from here
asm/menu/main/misc.s:14: Warning: missing .end
asm/menu/main/misc.s:5537:  Info: macro invoked from here
asm/menu/main/misc.s:14: Warning: missing .end
asm/menu/main/misc.s:5733:  Info: macro invoked from here
asm/menu/main/misc.s:14: Warning: missing .end
asm/menu/main/misc.s:5839:  Info: macro invoked from here
asm/menu/main/misc.s:14: Warning: missing .end
asm/menu/main/misc.s:5941:  Info: macro invoked from here
asm/menu/main/misc.s:14: Warning: missing .end
asm/menu/main/misc.s:6044:  Info: macro invoked from here
asm/menu/main/misc.s:14: Warning: missing .end
asm/menu/main/misc.s:6141:  Info: macro invoked from here
asm/menu/main/misc.s:14: Warning: missing .end
asm/menu/main/misc.s:6333:  Info: macro invoked from here
asm/menu/main/misc.s:14: Warning: missing .end
asm/menu/main/misc.s:6384:  Info: macro invoked from here
asm/menu/main/misc.s:14: Warning: missing .end
asm/menu/main/misc.s:6410:  Info: macro invoked from here
asm/menu/main/misc.s:14: Warning: missing .end
asm/menu/main/misc.s:6641:  Info: macro invoked from here
asm/menu/main/misc.s:14: Warning: missing .end
asm/menu/main/misc.s:6715:  Info: macro invoked from here
asm/menu/main/misc.s:14: Warning: missing .end
asm/menu/main/misc.s:6749:  Info: macro invoked from here
asm/menu/main/misc.s:14: Warning: missing .end
asm/menu/main/misc.s:7140:  Info: macro invoked from here
asm/menu/main/misc.s:14: Warning: missing .end
asm/menu/main/misc.s:7227:  Info: macro invoked from here
asm/menu/main/misc.s:14: Warning: missing .end
asm/menu/main/misc.s:7260:  Info: macro invoked from here
asm/menu/main/misc.s:14: Warning: missing .end
asm/menu/main/misc.s:7481:  Info: macro invoked from here
asm/menu/main/misc.s:14: Warning: missing .end
asm/menu/main/misc.s:8123:  Info: macro invoked from here
asm/menu/main/misc.s:14: Warning: missing .end
asm/menu/main/misc.s:8940:  Info: macro invoked from here
asm/menu/main/misc.s:14: Warning: missing .end
asm/menu/main/misc.s:9239:  Info: macro invoked from here
asm/menu/main/misc.s:14: Warning: missing .end
asm/menu/main/misc.s:9316:  Info: macro invoked from here
asm/menu/main/misc.s:14: Warning: missing .end
asm/menu/main/misc.s:9517:  Info: macro invoked from here
asm/menu/main/misc.s:14: Warning: missing .end
asm/menu/main/misc.s:9606:  Info: macro invoked from here
asm/menu/main/misc.s:14: Warning: missing .end
asm/menu/main/misc.s:9904:  Info: macro invoked from here
asm/menu/main/misc.s:14: Warning: missing .end
asm/menu/main/misc.s:9958:  Info: macro invoked from here
asm/menu/main/misc.s:14: Warning: missing .end
asm/menu/main/misc.s:10034:  Info: macro invoked from here
asm/menu/main/misc.s:14: Warning: missing .end
asm/menu/main/misc.s:10072:  Info: macro invoked from here
asm/menu/main/misc.s:14: Warning: missing .end
asm/menu/main/misc.s:10112:  Info: macro invoked from here
asm/menu/main/misc.s:14: Warning: missing .end
asm/menu/main/misc.s:10157:  Info: macro invoked from here
asm/menu/main/misc.s:14: Warning: missing .end
asm/menu/main/misc.s:10217:  Info: macro invoked from here
asm/menu/main/misc.s:14: Warning: missing .end
asm/menu/main/misc.s:10294:  Info: macro invoked from here
asm/menu/main/misc.s:14: Warning: missing .end
asm/menu/main/misc.s:10426:  Info: macro invoked from here
asm/menu/main/misc.s:14: Warning: missing .end
asm/menu/main/misc.s:10623:  Info: macro invoked from here
asm/menu/main/misc.s:14: Warning: missing .end
asm/menu/main/misc.s:10649:  Info: macro invoked from here
asm/menu/main/misc.s:14: Warning: missing .end
asm/menu/main/misc.s:10690:  Info: macro invoked from here
asm/menu/main/misc.s:14: Warning: missing .end
asm/menu/main/misc.s:11137:  Info: macro invoked from here
asm/menu/main/misc.s:14: Warning: missing .end
asm/menu/main/misc.s:11170:  Info: macro invoked from here
asm/menu/main/misc.s:14: Warning: missing .end
asm/menu/main/misc.s:11331:  Info: macro invoked from here
asm/menu/main/misc.s:14: Warning: missing .end
asm/menu/main/misc.s:11528:  Info: macro invoked from here
asm/menu/main/misc.s:14: Warning: missing .end
asm/menu/main/misc.s:11698:  Info: macro invoked from here
asm/menu/main/misc.s:14: Warning: missing .end
asm/menu/main/misc.s:11971:  Info: macro invoked from here
asm/menu/main/misc.s:14: Warning: missing .end
asm/menu/main/misc.s:12132:  Info: macro invoked from here
asm/menu/main/misc.s:14: Warning: missing .end
asm/menu/main/misc.s:12205:  Info: macro invoked from here
asm/menu/main/misc.s:14: Warning: missing .end
asm/menu/main/misc.s:12628:  Info: macro invoked from here
asm/menu/main/misc.s:14: Warning: missing .end
asm/menu/main/misc.s:12670:  Info: macro invoked from here
asm/menu/main/misc.s:14: Warning: missing .end
asm/menu/main/misc.s:12838:  Info: macro invoked from here
asm/menu/main/misc.s:14: Warning: missing .end
asm/menu/main/misc.s:12915:  Info: macro invoked from here
asm/menu/main/misc.s:14: Warning: missing .end
asm/menu/main/misc.s:12956:  Info: macro invoked from here
asm/menu/main/misc.s:14: Warning: missing .end
asm/menu/main/misc.s:12966:  Info: macro invoked from here
asm/menu/main/misc.s:14: Warning: missing .end
asm/menu/main/misc.s:13004:  Info: macro invoked from here
asm/menu/main/misc.s:14: Warning: missing .end
asm/menu/main/misc.s:13014:  Info: macro invoked from here
asm/menu/main/misc.s:14: Warning: missing .end
asm/menu/main/misc.s:13051:  Info: macro invoked from here
asm/menu/main/misc.s:14: Warning: missing .end
asm/menu/main/misc.s:13088:  Info: macro invoked from here
asm/menu/main/misc.s:14: Warning: missing .end
asm/menu/main/misc.s:13115:  Info: macro invoked from here
asm/menu/main/misc.s:14: Warning: missing .end
asm/menu/main/misc.s:13165:  Info: macro invoked from here
asm/menu/main/misc.s:14: Warning: missing .end
asm/menu/main/misc.s:13203:  Info: macro invoked from here
asm/menu/main/misc.s:14: Warning: missing .end
asm/menu/main/misc.s:13244:  Info: macro invoked from here
asm/menu/main/misc.s:14: Warning: missing .end
asm/menu/main/misc.s:13273:  Info: macro invoked from here
asm/menu/main/misc.s:14: Warning: missing .end
asm/menu/main/misc.s:13307:  Info: macro invoked from here
asm/menu/main/misc.s:14: Warning: missing .end
asm/menu/main/misc.s:13384:  Info: macro invoked from here
asm/menu/main/misc.s:14: Warning: missing .end
asm/menu/main/misc.s:13416:  Info: macro invoked from here
asm/menu/main/misc.s:14: Warning: missing .end
asm/menu/main/misc.s:13439:  Info: macro invoked from here
asm/menu/main/misc.s:14: Warning: missing .end
asm/menu/main/misc.s:13462:  Info: macro invoked from here
asm/menu/main/misc.s:14: Warning: missing .end
asm/menu/main/misc.s:13549:  Info: macro invoked from here
asm/menu/main/misc.s:14: Warning: missing .end
asm/menu/main/misc.s:13654:  Info: macro invoked from here
asm/menu/main/misc.s:14: Warning: missing .end
asm/menu/main/misc.s:13745:  Info: macro invoked from here
asm/menu/main/misc.s:14: Warning: missing .end
asm/menu/main/misc.s:13855:  Info: macro invoked from here
asm/menu/main/misc.s:14: Warning: missing .end
asm/menu/main/misc.s:13889:  Info: macro invoked from here
asm/menu/main/misc.s:14: Warning: missing .end
asm/menu/main/misc.s:13942:  Info: macro invoked from here
asm/menu/main/misc.s:14: Warning: missing .end
asm/menu/main/misc.s:13969:  Info: macro invoked from here
asm/menu/main/misc.s:14: Warning: missing .end
asm/menu/main/misc.s:13994:  Info: macro invoked from here
asm/menu/main/misc.s:14: Warning: missing .end
asm/menu/main/misc.s:14042:  Info: macro invoked from here
asm/menu/main/misc.s:14: Warning: missing .end
asm/menu/main/misc.s:14131:  Info: macro invoked from here
asm/menu/main/misc.s:14: Warning: missing .end
asm/menu/main/misc.s:14146:  Info: macro invoked from here
asm/menu/main/misc.s:14: Warning: missing .end
asm/menu/main/misc.s:14161:  Info: macro invoked from here
asm/menu/main/misc.s:14: Warning: missing .end
asm/menu/main/misc.s:14414:  Info: macro invoked from here
asm/menu/main/misc.s:14: Warning: missing .end
asm/menu/main/misc.s:14429:  Info: macro invoked from here
asm/menu/main/misc.s:14: Warning: missing .end
asm/menu/main/misc.s:14538:  Info: macro invoked from here
asm/menu/main/misc.s:14: Warning: missing .end
asm/menu/main/misc.s:14547:  Info: macro invoked from here
asm/menu/main/misc.s:14: Warning: missing .end
asm/menu/main/misc.s:14636:  Info: macro invoked from here
asm/menu/main/misc.s:14: Warning: missing .end
asm/menu/main/misc.s:14654:  Info: macro invoked from here
asm/menu/main/misc.s:14: Warning: missing .end
asm/menu/main/misc.s:14820:  Info: macro invoked from here
asm/menu/main/misc.s:14: Warning: missing .end
asm/menu/main/misc.s:14844:  Info: macro invoked from here
asm/menu/main/misc.s:14: Warning: missing .end
asm/menu/main/misc.s:14874:  Info: macro invoked from here
asm/menu/main/misc.s:14: Warning: missing .end
asm/menu/main/misc.s:14894:  Info: macro invoked from here
asm/menu/main/misc.s:14: Warning: missing .end
asm/menu/main/misc.s:15138:  Info: macro invoked from here
asm/menu/main/misc.s:14: Warning: missing .end
asm/menu/main/misc.s:15245:  Info: macro invoked from here
asm/menu/main/misc.s:14: Warning: missing .end
asm/menu/main/misc.s:15283:  Info: macro invoked from here
asm/menu/main/misc.s:14: Warning: missing .end
asm/menu/main/misc.s:15510:  Info: macro invoked from here
asm/menu/main/misc.s:14: Warning: missing .end
asm/menu/main/misc.s:15551:  Info: macro invoked from here
asm/menu/main/misc.s:14: Warning: missing .end
asm/menu/main/misc.s:15619:  Info: macro invoked from here
asm/menu/main/misc.s:14: Warning: missing .end
asm/menu/main/misc.s:15639:  Info: macro invoked from here
asm/menu/main/misc.s:14: Warning: missing .end
asm/menu/main/misc.s:15771:  Info: macro invoked from here
asm/menu/main/misc.s:14: Warning: missing .end
asm/menu/main/misc.s:15802:  Info: macro invoked from here
asm/menu/main/misc.s:14: Warning: missing .end
asm/menu/main/misc.s:15978:  Info: macro invoked from here
asm/menu/main/misc.s:14: Warning: missing .end
asm/menu/main/misc.s:16081:  Info: macro invoked from here
asm/menu/main/misc.s:14: Warning: missing .end
asm/menu/main/misc.s:16174:  Info: macro invoked from here
asm/menu/main/misc.s:14: Warning: missing .end
asm/menu/main/misc.s:16266:  Info: macro invoked from here
asm/menu/main/misc.s:14: Warning: missing .end
asm/menu/main/misc.s:16416:  Info: macro invoked from here
asm/menu/main/misc.s:14: Warning: missing .end
asm/menu/main/misc.s:16629:  Info: macro invoked from here
asm/menu/main/misc.s:14: Warning: missing .end
asm/menu/main/misc.s:16844:  Info: macro invoked from here
asm/menu/main/misc.s:14: Warning: missing .end
asm/menu/main/misc.s:17058:  Info: macro invoked from here
asm/menu/main/misc.s:14: Warning: missing .end
asm/menu/main/misc.s:17273:  Info: macro invoked from here
asm/menu/main/misc.s:14: Warning: missing .end
asm/menu/main/misc.s:17374:  Info: macro invoked from here
asm/menu/main/misc.s:14: Warning: missing .end
asm/menu/main/misc.s:17412:  Info: macro invoked from here
asm/menu/main/misc.s:14: Warning: missing .end
asm/menu/main/misc.s:17529:  Info: macro invoked from here
asm/menu/main/misc.s:14: Warning: missing .end
asm/menu/main/misc.s:17598:  Info: macro invoked from here
asm/menu/main/misc.s:14: Warning: missing .end
asm/menu/main/misc.s:17726:  Info: macro invoked from here
asm/menu/main/misc.s:14: Warning: missing .end
asm/menu/main/misc.s:17854:  Info: macro invoked from here
asm/menu/main/misc.s:14: Warning: missing .end
asm/menu/main/misc.s:17981:  Info: macro invoked from here
asm/menu/main/misc.s:14: Warning: missing .end
asm/menu/main/misc.s:18165:  Info: macro invoked from here
asm/menu/main/misc.s:14: Warning: missing .end
asm/menu/main/misc.s:18256:  Info: macro invoked from here
asm/menu/main/misc.s:14: Warning: missing .end
asm/menu/main/misc.s:18346:  Info: macro invoked from here
asm/menu/main/misc.s:14: Warning: missing .end
asm/menu/main/misc.s:18471:  Info: macro invoked from here
asm/menu/main/misc.s:14: Warning: missing .end
asm/menu/main/misc.s:18654:  Info: macro invoked from here
asm/menu/main/misc.s:14: Warning: missing .end
asm/menu/main/misc.s:18766:  Info: macro invoked from here
asm/menu/main/misc.s:14: Warning: missing .end
asm/menu/main/misc.s:19092:  Info: macro invoked from here
asm/menu/main/misc.s:14: Warning: missing .end
asm/menu/main/misc.s:19423:  Info: macro invoked from here
asm/menu/main/misc.s:14: Warning: missing .end
asm/menu/main/misc.s:19714:  Info: macro invoked from here
asm/menu/main/misc.s:14: Warning: missing .end
asm/menu/main/misc.s:19955:  Info: macro invoked from here
asm/menu/main/misc.s:14: Warning: missing .end
asm/menu/main/misc.s:20196:  Info: macro invoked from here
asm/menu/main/misc.s:14: Warning: missing .end
asm/menu/main/misc.s:20445:  Info: macro invoked from here
asm/menu/main/misc.s:14: Warning: missing .end
asm/menu/main/misc.s:20496:  Info: macro invoked from here
asm/menu/main/misc.s:14: Warning: missing .end
asm/menu/main/misc.s:20650:  Info: macro invoked from here
asm/menu/main/misc.s:14: Warning: missing .end
asm/menu/main/misc.s:20862:  Info: macro invoked from here
asm/menu/main/misc.s:14: Warning: missing .end
asm/menu/main/misc.s:20950:  Info: macro invoked from here
asm/menu/main/misc.s:14: Warning: missing .end
asm/menu/main/misc.s:21028:  Info: macro invoked from here
asm/menu/main/misc.s:14: Warning: missing .end
asm/menu/main/misc.s:21107:  Info: macro invoked from here
asm/menu/main/misc.s:14: Warning: missing .end
asm/menu/main/misc.s:21140:  Info: macro invoked from here
asm/menu/main/misc.s:14: Warning: missing .end
asm/menu/main/misc.s:21647:  Info: macro invoked from here
asm/menu/main/misc.s:14: Warning: missing .end
asm/menu/main/misc.s:21699:  Info: macro invoked from here
asm/menu/main/misc.s:14: Warning: missing .end
asm/menu/main/misc.s:22266:  Info: macro invoked from here
asm/menu/main/misc.s:14: Warning: missing .end
asm/menu/main/misc.s:22343:  Info: macro invoked from here
asm/menu/main/misc.s:14: Warning: missing .end
asm/menu/main/misc.s:22560:  Info: macro invoked from here
asm/menu/main/misc.s:14: Warning: missing .end
asm/menu/main/misc.s:22658:  Info: macro invoked from here
asm/menu/main/misc.s:14: Warning: missing .end
asm/menu/main/misc.s:22775:  Info: macro invoked from here
asm/menu/main/misc.s:14: Warning: missing .end
asm/menu/main/misc.s:22841:  Info: macro invoked from here
asm/menu/main/misc.s:14: Warning: missing .end
asm/menu/main/misc.s:22871:  Info: macro invoked from here
asm/menu/main/misc.s:14: Warning: missing .end
asm/menu/main/misc.s:23219:  Info: macro invoked from here
asm/menu/main/misc.s:14: Warning: missing .end
asm/menu/main/misc.s:23250:  Info: macro invoked from here
asm/menu/main/misc.s:14: Warning: missing .end
asm/menu/main/misc.s:23294:  Info: macro invoked from here
asm/menu/main/misc.s:14: Warning: missing .end
asm/menu/main/misc.s:23557:  Info: macro invoked from here
asm/menu/main/misc.s:14: Warning: missing .end
asm/menu/main/misc.s:23981:  Info: macro invoked from here
asm/menu/main/misc.s:14: Warning: missing .end
asm/menu/main/misc.s:24015:  Info: macro invoked from here
asm/menu/main/misc.s:14: Warning: missing .end
asm/menu/main/misc.s:24195:  Info: macro invoked from here
asm/menu/main/misc.s:14: Warning: missing .end
asm/menu/main/misc.s:24221:  Info: macro invoked from here
asm/menu/main/misc.s:14: Warning: missing .end
asm/menu/main/misc.s:24374:  Info: macro invoked from here
asm/menu/main/misc.s:14: Warning: missing .end
asm/menu/main/misc.s:24595:  Info: macro invoked from here
asm/menu/main/misc.s:14: Warning: missing .end
asm/menu/main/misc.s:24887:  Info: macro invoked from here
asm/menu/main/misc.s:14: Warning: missing .end
asm/menu/main/misc.s:24916:  Info: macro invoked from here
asm/menu/main/misc.s:14: Warning: missing .end
asm/menu/main/misc.s:24963:  Info: macro invoked from here
asm/menu/main/misc.s:14: Warning: missing .end
asm/menu/main/misc.s:25213:  Info: macro invoked from here
asm/menu/main/misc.s:14: Warning: missing .end
asm/menu/main/misc.s:25284:  Info: macro invoked from here
asm/menu/main/misc.s:14: Warning: missing .end
asm/menu/main/misc.s:25360:  Info: macro invoked from here
asm/menu/main/misc.s:14: Warning: missing .end
asm/menu/main/misc.s:26070:  Info: macro invoked from here
asm/menu/main/misc.s:14: Warning: missing .end
asm/menu/main/misc.s:26571:  Info: macro invoked from here
asm/menu/main/misc.s:14: Warning: missing .end
asm/menu/main/misc.s:26683:  Info: macro invoked from here
asm/menu/main/misc.s:14: Warning: missing .end
asm/menu/main/misc.s:27204:  Info: macro invoked from here
asm/menu/main/misc.s:14: Warning: missing .end
asm/menu/main/misc.s:27444:  Info: macro invoked from here
asm/menu/main/misc.s:14: Warning: missing .end
asm/menu/main/misc.s:27458:  Info: macro invoked from here
asm/menu/main/misc.s:14: Warning: missing .end
asm/menu/main/misc.s:27502:  Info: macro invoked from here
asm/menu/main/misc.s:14: Warning: missing .end
asm/menu/main/misc.s:27542:  Info: macro invoked from here
asm/menu/main/misc.s:14: Warning: missing .end
asm/menu/main/misc.s:27574:  Info: macro invoked from here
asm/menu/main/misc.s:14: Warning: missing .end
asm/menu/main/misc.s:27669:  Info: macro invoked from here
asm/menu/main/misc.s:14: Warning: missing .end
asm/menu/main/misc.s:28419:  Info: macro invoked from here
asm/menu/main/misc.s:14: Warning: missing .end
asm/menu/main/misc.s:28769:  Info: macro invoked from here
asm/menu/main/misc.s:14: Warning: missing .end
asm/menu/main/misc.s:28953:  Info: macro invoked from here
asm/menu/main/misc.s:14: Warning: missing .end
asm/menu/main/misc.s:29144:  Info: macro invoked from here
asm/menu/main/misc.s:14: Warning: missing .end
asm/menu/main/misc.s:29331:  Info: macro invoked from here
asm/menu/main/misc.s:14: Warning: missing .end
asm/menu/main/misc.s:29410:  Info: macro invoked from here
asm/menu/main/misc.s:14: Warning: missing .end
asm/menu/main/misc.s:29739:  Info: macro invoked from here
asm/menu/main/misc.s:14: Warning: missing .end
asm/menu/main/misc.s:29853:  Info: macro invoked from here
asm/menu/main/misc.s:14: Warning: missing .end
asm/menu/main/misc.s:30514:  Info: macro invoked from here
asm/menu/main/misc.s:14: Warning: missing .end
asm/menu/main/misc.s:30556:  Info: macro invoked from here
asm/menu/main/misc.s:14: Warning: missing .end
asm/menu/main/misc.s:30791:  Info: macro invoked from here
asm/menu/main/misc.s:14: Warning: missing .end
asm/menu/main/misc.s:30826:  Info: macro invoked from here
asm/menu/main/misc.s:14: Warning: missing .end
asm/menu/main/misc.s:30911:  Info: macro invoked from here
asm/menu/main/misc.s:14: Warning: missing .end
asm/menu/main/misc.s:31277:  Info: macro invoked from here
asm/menu/main/misc.s:14: Warning: missing .end
asm/menu/main/misc.s:31673:  Info: macro invoked from here
asm/menu/main/misc.s:14: Warning: missing .end
asm/menu/main/misc.s:31784:  Info: macro invoked from here
asm/menu/main/misc.s:14: Warning: missing .end
asm/menu/main/misc.s:31842:  Info: macro invoked from here
asm/menu/main/misc.s:14: Warning: missing .end
asm/menu/main/misc.s:31862:  Info: macro invoked from here
asm/menu/main/misc.s:14: Warning: missing .end
asm/menu/main/misc.s:31890:  Info: macro invoked from here
asm/menu/main/misc.s:14: Warning: missing .end
asm/menu/main/misc.s:32368:  Info: macro invoked from here
asm/menu/main/misc.s:14: Warning: missing .end
asm/menu/main/misc.s:32411:  Info: macro invoked from here
asm/menu/main/misc.s:14: Warning: missing .end
asm/menu/main/misc.s:32439:  Info: macro invoked from here
asm/menu/main/misc.s:14: Warning: missing .end
asm/menu/main/misc.s:32761:  Info: macro invoked from here
asm/menu/main/misc.s:14: Warning: missing .end
asm/menu/main/misc.s:32849:  Info: macro invoked from here
asm/menu/main/misc.s:14: Warning: missing .end
asm/menu/main/misc.s:33134:  Info: macro invoked from here
asm/menu/main/misc.s:14: Warning: missing .end
asm/menu/main/misc.s:33209:  Info: macro invoked from here
asm/menu/main/misc.s:14: Warning: missing .end
asm/menu/main/misc.s:33467:  Info: macro invoked from here
asm/menu/main/misc.s:14: Warning: missing .end
asm/menu/main/misc.s:33586:  Info: macro invoked from here
asm/menu/main/misc.s:14: Warning: missing .end
asm/menu/main/misc.s:33762:  Info: macro invoked from here
asm/menu/main/misc.s:14: Warning: missing .end
asm/menu/main/misc.s:33950:  Info: macro invoked from here
asm/menu/main/misc.s:14: Warning: missing .end
asm/menu/main/misc.s:33973:  Info: macro invoked from here
asm/menu/main/misc.s:14: Warning: missing .end
asm/menu/main/misc.s:34015:  Info: macro invoked from here
asm/menu/main/misc.s:14: Warning: missing .end
asm/menu/main/misc.s:34039:  Info: macro invoked from here
asm/menu/main/misc.s:14: Warning: missing .end
asm/menu/main/misc.s:34079:  Info: macro invoked from here
asm/menu/main/misc.s:14: Warning: missing .end
asm/menu/main/misc.s:34367:  Info: macro invoked from here
asm/menu/main/misc.s:14: Warning: missing .end
asm/menu/main/misc.s:34490:  Info: macro invoked from here
asm/menu/main/misc.s:14: Warning: missing .end
asm/menu/main/misc.s:34522:  Info: macro invoked from here
asm/menu/main/misc.s:14: Warning: missing .end
asm/menu/main/misc.s:34561:  Info: macro invoked from here
asm/menu/main/misc.s:14: Warning: missing .end
asm/menu/main/misc.s:34758:  Info: macro invoked from here
asm/menu/main/misc.s:14: Warning: missing .end
asm/menu/main/misc.s:34979:  Info: macro invoked from here
asm/menu/main/misc.s:14: Warning: missing .end
asm/menu/main/misc.s:35059:  Info: macro invoked from here
asm/menu/main/misc.s:14: Warning: missing .end
asm/menu/main/misc.s:35211:  Info: macro invoked from here
asm/menu/main/misc.s:14: Warning: missing .end
asm/menu/main/misc.s:35415:  Info: macro invoked from here
asm/menu/main/misc.s:14: Warning: missing .end
asm/menu/main/misc.s:35562:  Info: macro invoked from here
asm/menu/main/misc.s:14: Warning: missing .end
asm/menu/main/misc.s:35672:  Info: macro invoked from here
asm/menu/main/misc.s:14: Warning: missing .end
asm/menu/main/misc.s:35704:  Info: macro invoked from here
asm/menu/main/misc.s:14: Warning: missing .end
asm/menu/main/misc.s:35727:  Info: macro invoked from here
asm/menu/main/misc.s:14: Warning: missing .end
asm/menu/main/misc.s:35910:  Info: macro invoked from here
asm/menu/main/misc.s:14: Warning: missing .end
asm/menu/main/misc.s:36131:  Info: macro invoked from here
asm/menu/main/misc.s:14: Warning: missing .end
asm/menu/main/misc.s:36305:  Info: macro invoked from here
asm/menu/main/misc.s:14: Warning: missing .end
asm/menu/main/misc.s:36327:  Info: macro invoked from here
asm/menu/main/misc.s:14: Warning: missing .end
asm/menu/main/misc.s:36347:  Info: macro invoked from here
asm/menu/main/misc.s:14: Warning: missing .end
asm/menu/main/misc.s:36375:  Info: macro invoked from here
asm/menu/main/misc.s:14: Warning: missing .end
asm/menu/main/misc.s:36419:  Info: macro invoked from here
asm/menu/main/misc.s:14: Warning: missing .end
asm/menu/main/misc.s:36457:  Info: macro invoked from here
asm/menu/main/misc.s:14: Warning: missing .end
asm/menu/main/misc.s:36616:  Info: macro invoked from here
asm/menu/main/misc.s:14: Warning: missing .end
asm/menu/main/misc.s:36763:  Info: macro invoked from here
asm/menu/main/misc.s:14: Warning: missing .end
asm/menu/main/misc.s:36800:  Info: macro invoked from here
asm/menu/main/misc.s:14: Warning: missing .end
asm/menu/main/misc.s:36904:  Info: macro invoked from here
asm/menu/main/misc.s:14: Warning: missing .end
asm/menu/main/misc.s:37063:  Info: macro invoked from here
asm/menu/main/misc.s:14: Warning: missing .end
asm/menu/main/misc.s:37220:  Info: macro invoked from here
asm/menu/main/misc.s:14: Warning: missing .end
asm/menu/main/misc.s:37324:  Info: macro invoked from here
asm/menu/main/misc.s:14: Warning: missing .end
asm/menu/main/misc.s:37564:  Info: macro invoked from here
asm/menu/main/misc.s:14: Warning: missing .end
asm/menu/main/misc.s:37646:  Info: macro invoked from here
asm/menu/main/misc.s:14: Warning: missing .end
asm/menu/main/misc.s:37695:  Info: macro invoked from here
asm/menu/main/misc.s:14: Warning: missing .end
asm/menu/main/misc.s:37934:  Info: macro invoked from here
asm/menu/main/misc.s:14: Warning: missing .end
asm/menu/main/misc.s:38078:  Info: macro invoked from here
asm/menu/main/misc.s:14: Warning: missing .end
asm/menu/main/misc.s:38192:  Info: macro invoked from here
asm/menu/main/misc.s:14: Warning: missing .end
asm/menu/main/misc.s:38206:  Info: macro invoked from here
asm/menu/main/misc.s:14: Warning: missing .end
asm/menu/main/misc.s:38222:  Info: macro invoked from here
asm/menu/main/misc.s:14: Warning: missing .end
asm/menu/main/misc.s:38492:  Info: macro invoked from here
asm/menu/main/misc.s:14: Warning: missing .end
asm/menu/main/misc.s:38653:  Info: macro invoked from here
asm/menu/main/misc.s:14: Warning: missing .end
asm/menu/main/misc.s:38840:  Info: macro invoked from here
asm/menu/main/misc.s:14: Warning: missing .end
asm/menu/main/misc.s:38964:  Info: macro invoked from here
asm/menu/main/misc.s:14: Warning: missing .end
asm/menu/main/misc.s:39122:  Info: macro invoked from here
asm/menu/main/misc.s:14: Warning: missing .end
asm/menu/main/misc.s:39191:  Info: macro invoked from here
asm/menu/main/misc.s:14: Warning: missing .end
asm/menu/main/misc.s:39245:  Info: macro invoked from here
asm/menu/main/misc.s:14: Warning: missing .end
asm/menu/main/misc.s:39408:  Info: macro invoked from here
asm/menu/main/misc.s:14: Warning: missing .end
asm/menu/main/misc.s:39429:  Info: macro invoked from here
asm/menu/main/misc.s:14: Warning: missing .end
asm/menu/main/misc.s:39460:  Info: macro invoked from here
asm/menu/main/misc.s:14: Warning: missing .end
asm/menu/main/misc.s:39483:  Info: macro invoked from here
asm/menu/main/misc.s:14: Warning: missing .end
asm/menu/main/misc.s:39517:  Info: macro invoked from here
asm/menu/main/misc.s:14: Warning: missing .end
asm/menu/main/misc.s:39544:  Info: macro invoked from here
asm/menu/main/misc.s: Warning: missing .end at end of assembly
[5/6] Assemble build/src/menu/main/misc.c.s (MASPSX)
[6/6] Linking  (LD)
