[vm-trace] actor=0 ip=0 op=BC args=fe 52 fe 50
[vm-trace] actor=0 ip=1 op=FE52 args=fe 50 2a fe
[vm-trace] actor=0 ip=3 op=FE50 args=2a fe 80 00
[vm-trace] actor=0 ip=5 op=2A args=fe 80 00 02
[vm-trace] actor=0 ip=6 op=FE80 args=00 02 00 00
[vm-trace] actor=0 ip=22 op=FE81 args=00 00 00 00
[vm-trace] actor=0 ip=31 op=FE82 args=00 80 00 80
[vm-trace] actor=0 ip=57 op=FEE0 args=01 00 99 9b
[vm-trace] actor=0 ip=60 op=00 args=99 9b 00 80
[vm-trace] actor=0 ip=61 op=99 args=9b 00 80 00
[vm-trace] actor=0 ip=62 op=9B args=00 80 00 80
[vm-trace] actor=0 ip=67 op=61 args=00 00 00 00
[vm-trace] actor=0 ip=75 op=63 args=00 00 00 00
[vm-trace] actor=0 ip=83 op=65 args=00 00 00 fc
[vm-trace] actor=0 ip=91 op=A3 args=00 00 00 fc
[vm-trace] actor=0 ip=99 op=AC args=80 00 80 ac
[vm-trace] actor=0 ip=103 op=AC args=81 00 80 26
[vm-trace] actor=0 ip=107 op=26 args=20 80 c6 fe
[vm-trace] actor=0 ip=110 op=C6 args=fe 86 00 31
[vm-trace] actor=0 ip=111 op=FE86 args=00 31 20 00
[vm-trace] actor=0 ip=114 op=31 args=20 00 7a 00
[vm-trace] actor=0 ip=122 op=3C args=04 04 02 04
[vm-trace] actor=0 ip=125 op=02 args=04 04 c0 03
[vm-trace] actor=0 ip=151 op=26 args=00 80 01 6e
[vm-trace] actor=0 ip=154 op=01 args=6e 00 37 04
[vm-trace] actor=0 ip=133 op=37 args=04 04 fe cd
[vm-trace] actor=0 ip=136 op=FECD args=08 04 02 08
[vm-trace] actor=0 ip=140 op=02 args=08 04 01 00
[vm-trace] actor=0 ip=148 op=01 args=ef 00 26 00
[vm-trace] actor=0 ip=239 op=FECD args=08 04 02 08
[vm-trace] actor=0 ip=243 op=02 args=08 04 01 00
[vm-trace] actor=0 ip=251 op=B4 args=10 80 26 10
[vm-trace] actor=0 ip=254 op=26 args=10 80 fe 86
[vm-trace] actor=0 ip=257 op=FE86 args=00 fe 60 0d
[vm-trace] actor=0 ip=260 op=FE60 args=0d 80 00 80
[vm-trace] actor=0 ip=270 op=FE61 args=fe 85 00 04
[vm-trace] actor=0 ip=272 op=FE85 args=00 04 02 00
[vm-trace] actor=0 ip=276 op=02 args=00 04 6e 11
[vm-trace] actor=0 ip=290 op=B3 args=10 80 26 10
[vm-trace] actor=0 ip=293 op=26 args=10 80 01 3a
[vm-trace] actor=0 ip=296 op=01 args=3a 01 b4 10
[vm-trace] actor=0 ip=314 op=01 args=6e 00 01 6b
[vm-trace] actor=0 ip=119 op=01 args=9d 00 3c 04
[vm-trace] actor=0 ip=157 op=37 args=04 04 fe 86
[vm-trace] actor=0 ip=160 op=FE86 args=01 37 46 00
[vm-trace] actor=0 ip=163 op=37 args=46 00 75 ff
[vm-trace] actor=0 ip=166 op=75 args=ff 80 fe 57
[vm-trace] actor=0 ip=169 op=FE57 args=fe 87 26 03
[vm-trace] actor=0 ip=363 op=00 args=00 00 12 02
[vm-trace] actor=0 ip=171 op=FE87 args=26 03 80 02
[vm-trace] actor=0 ip=173 op=26 args=03 80 02 46
[vm-trace] actor=0 ip=176 op=02 args=46 00 00 00
[vm-trace] actor=0 ip=184 op=02 args=02 04 00 00
[vm-trace] actor=0 ip=192 op=FE60 args=0d 80 00 80
[vm-trace] actor=0 ip=202 op=FE61 args=01 db 00 fe
[vm-trace] actor=0 ip=204 op=01 args=db 00 fe 60
[vm-trace] actor=0 ip=219 op=FE41 args=00 80 fe 83
[vm-trace] actor=0 ip=223 op=FE83 args=01 80 5b 01
[vm-trace] actor=0 ip=227 op=5B args=01 6b 01 02
[vm-trace] actor=0 ip=8 op=BC args=2a a0 00 80
[vm-trace] actor=0 ip=9 op=2A args=a0 00 80 1e
[vm-trace] actor=0 ip=10 op=A0 args=00 80 1e 80
[vm-trace] actor=0 ip=17 op=F1 args=02 80 ff 80
[vm-trace] actor=0 ip=28 op=75 args=29 80 00 fe
[vm-trace] actor=0 ip=31 op=00 args=fe 54 fe 0e
[vm-trace] actor=0 ip=32 op=FE54 args=fe 0e 7f 80
[vm-trace] actor=0 ip=34 op=FE0E args=7f 80 01 80
[vm-trace] actor=0 ip=40 op=99 args=35 0a 04 01
[vm-trace] actor=0 ip=41 op=35 args=0a 04 01 00
[vm-trace] actor=0 ip=47 op=63 args=e4 ff 6f fa
[vm-trace] actor=0 ip=55 op=A3 args=cd ff 6f f4
[vm-trace] actor=0 ip=63 op=05 args=53 14 26 3c
[vm-trace] actor=0 ip=5203 op=9B args=0c 80 0c 80
[vm-trace] actor=0 ip=5208 op=60 args=64 01 4b 16
[vm-trace] actor=0 ip=5209 op=64 args=01 4b 16 35
[vm-trace] actor=0 ip=5210 op=01 args=4b 16 35 0a
[vm-trace] actor=0 ip=5707 op=AC args=00 0a 04 ac
[vm-trace] actor=0 ip=5711 op=AC args=01 0a 04 ef
[vm-trace] actor=0 ip=5715 op=EF args=03 80 0d ac
[vm-trace] actor=0 ip=5718 op=0D args=ac 80 0a 04
[vm-trace] actor=0 ip=66 op=26 args=3c 80 08 0c
[vm-trace] actor=0 ip=69 op=08 args=0c 65 26 f0
[vm-trace] actor=0 ip=72 op=26 args=f0 80 26 d2
[vm-trace] actor=0 ip=75 op=26 args=d2 80 05 68
[vm-trace] actor=0 ip=78 op=05 args=68 16 b4 3c
[vm-trace] actor=0 ip=5736 op=31 args=20 00 70 16
[vm-trace] actor=0 ip=5744 op=01 args=68 16 0d fe
[vm-trace] actor=0 ip=5741 op=01 args=73 16 01 68
[vm-trace] actor=0 ip=5747 op=0D args=fe 0e 00 80
[vm-trace] actor=0 ip=81 op=B4 args=3c 80 26 64
[vm-trace] actor=0 ip=84 op=26 args=64 80 09 0c
[vm-trace] actor=0 ip=87 op=09 args=0c 64 b3 01
[vm-trace] actor=0 ip=90 op=B3 args=01 80 08 0c
[vm-trace] actor=0 ip=93 op=08 args=0c 66 26 f0
[vm-trace] actor=0 ip=96 op=26 args=f0 80 26 be
[vm-trace] actor=0 ip=99 op=26 args=be 80 05 68
[vm-trace] actor=0 ip=102 op=05 args=68 16 b4 3c
[vm-trace] actor=0 ip=105 op=B4 args=3c 80 26 64
[vm-trace] actor=0 ip=108 op=26 args=64 80 09 0c
[vm-trace] actor=0 ip=111 op=09 args=0c 64 b3 01
[vm-trace] actor=0 ip=114 op=B3 args=01 80 08 0c
[vm-trace] actor=0 ip=117 op=08 args=0c 67 26 a0
[vm-trace] actor=0 ip=120 op=26 args=a0 80 26 aa
[vm-trace] actor=0 ip=123 op=26 args=aa 80 05 68
[vm-trace] actor=0 ip=126 op=05 args=68 16 b4 3c
[vm-trace] actor=0 ip=129 op=B4 args=3c 80 26 64
[vm-trace] actor=0 ip=132 op=26 args=64 80 09 0c
[vm-trace] actor=0 ip=135 op=09 args=0c 64 b3 01
[vm-trace] actor=0 ip=138 op=B3 args=01 80 08 0c
[vm-trace] actor=0 ip=141 op=08 args=0c 68 26 f0
[vm-trace] actor=0 ip=144 op=26 args=f0 80 26 af
[vm-trace] actor=0 ip=147 op=26 args=af 80 05 68
[vm-trace] actor=0 ip=150 op=05 args=68 16 b4 3c
[vm-trace] actor=0 ip=153 op=B4 args=3c 80 26 64
[vm-trace] actor=0 ip=156 op=26 args=64 80 09 0c
[vm-trace] actor=0 ip=159 op=09 args=0c 64 b3 01
[vm-trace] actor=0 ip=162 op=B3 args=01 80 08 0c
[vm-trace] actor=0 ip=165 op=08 args=0c 69 26 a0
[vm-trace] actor=0 ip=168 op=26 args=a0 80 26 f0
[vm-trace] actor=0 ip=171 op=26 args=f0 80 05 68
[vm-trace] actor=0 ip=174 op=05 args=68 16 b4 3c
[vm-trace] actor=0 ip=177 op=B4 args=3c 80 26 64
[vm-trace] actor=0 ip=180 op=26 args=64 80 09 0c
[vm-trace] actor=0 ip=183 op=09 args=0c 64 b3 01
[vm-trace] actor=0 ip=186 op=B3 args=01 80 08 01
[vm-trace] actor=0 ip=189 op=08 args=01 64 f1 02
[vm-trace] actor=0 ip=192 op=F1 args=02 80 00 80
[vm-trace] actor=0 ip=203 op=26 args=78 80 d0 2c
[vm-trace] actor=0 ip=206 op=D0 args=2c 80 8c 80
[vm-trace] actor=0 ip=217 op=F5 args=00 00 41 9c
[vm-trace] actor=0 ip=221 op=9C args=26 8c 80 07
[vm-trace] actor=0 ip=222 op=26 args=8c 80 07 0b
[vm-trace] actor=0 ip=225 op=07 args=0b 24 26 46
[vm-trace] actor=0 ip=228 op=26 args=46 80 fe 0e
[vm-trace] actor=0 ip=231 op=FE0E args=00 80 f0 80
[vm-trace] actor=0 ip=237 op=D0 args=30 80 96 80
[vm-trace] actor=0 ip=248 op=F5 args=01 00 41 9c
[vm-trace] actor=0 ip=252 op=9C args=08 01 65 26
[vm-trace] actor=0 ip=253 op=08 args=01 65 26 28
[vm-trace] actor=0 ip=256 op=26 args=28 80 07 0b
[vm-trace] actor=0 ip=259 op=07 args=0b 25 87 03
[vm-trace] actor=0 ip=262 op=87 args=03 80 98 02
[vm-trace] actor=0 ip=265 op=98 args=02 80 00 80
[vm-trace] actor=0 ip=0 op=BC args=2a e7 28 80
[vm-trace] actor=0 ip=1 op=2A args=e7 28 80 30
[vm-trace] actor=0 ip=2 op=E7 args=28 80 30 80
[vm-trace] actor=0 ip=9 op=A0 args=04 80 1e 80
[vm-trace] actor=0 ip=16 op=9D args=58 92 01 f1
[vm-trace] actor=0 ip=20 op=F1 args=02 80 00 80
[vm-trace] actor=0 ip=31 op=E5 args=80 80 80 80
[vm-trace] actor=0 ip=48 op=84 args=06 80 56 00
[vm-trace] actor=0 ip=53 op=99 args=63 3a 02 23
[vm-trace] actor=0 ip=54 op=63 args=3a 02 23 fb
[vm-trace] actor=0 ip=62 op=A3 args=d6 fb a9 fd
[vm-trace] actor=0 ip=70 op=60 args=64 ac 00 00
[vm-trace] actor=0 ip=71 op=64 args=ac 00 00 80
[vm-trace] actor=0 ip=72 op=AC args=00 00 80 ac
[vm-trace] actor=0 ip=76 op=AC args=01 00 80 75
[vm-trace] actor=0 ip=80 op=75 args=0b 80 01 5f
[vm-trace] actor=0 ip=83 op=01 args=5f 00 fe 0e
[vm-trace] actor=0 ip=95 op=00 args=fe 54 fe 66
[vm-trace] actor=0 ip=96 op=FE54 args=fe 66 36 80
[vm-trace] actor=0 ip=98 op=FE66 args=36 80 40 80
[vm-trace] actor=0 ip=108 op=84 args=06 80 f6 01
[vm-trace] actor=0 ip=113 op=FE41 args=00 80 d6 01
[vm-trace] actor=0 ip=117 op=D6 args=01 80 fe 0c
[vm-trace] actor=0 ip=120 op=FE0C args=00 08 00 08
[vm-trace] actor=0 ip=134 op=08 args=19 2a 08 19
[vm-trace] actor=0 ip=137 op=08 args=19 45 08 1b
[vm-trace] actor=0 ip=140 op=08 args=1b 24 08 1c
[vm-trace] actor=0 ip=143 op=08 args=1c 24 08 1d
[vm-trace] actor=0 ip=146 op=08 args=1d 24 08 1e
[vm-trace] actor=0 ip=149 op=08 args=1e 24 08 1a
[vm-trace] actor=0 ip=152 op=08 args=1a 24 09 06
[vm-trace] actor=0 ip=155 op=09 args=06 25 26 06
[vm-trace] actor=0 ip=158 op=26 args=06 80 08 06
[vm-trace] actor=0 ip=161 op=08 args=06 25 08 1f
[vm-trace] actor=0 ip=164 op=08 args=1f 64 35 28
[vm-trace] actor=0 ip=167 op=35 args=28 04 12 00
[vm-trace] actor=0 ip=173 op=63 args=a9 02 aa fa
[vm-trace] actor=0 ip=181 op=A3 args=f3 fc 7c fe
[vm-trace] actor=0 ip=189 op=05 args=36 2b 26 18
[vm-trace] actor=0 ip=11062 op=9B args=0c 80 0c 80
[vm-trace] actor=0 ip=11067 op=60 args=64 01 2e 2d
[vm-trace] actor=0 ip=11068 op=64 args=01 2e 2d 35
[vm-trace] actor=0 ip=11069 op=01 args=2e 2d 35 28
[vm-trace] actor=0 ip=11566 op=AC args=00 28 04 ac
[vm-trace] actor=0 ip=11570 op=AC args=01 28 04 ef
[vm-trace] actor=0 ip=11574 op=EF args=03 80 0d ac
[vm-trace] actor=0 ip=11577 op=0D args=ac 80 28 04
[vm-trace] actor=0 ip=192 op=26 args=18 80 35 28
[vm-trace] actor=0 ip=195 op=35 args=28 04 00 00
[vm-trace] actor=0 ip=201 op=63 args=e2 fb 6d fd
[vm-trace] actor=0 ip=209 op=A3 args=37 00 b9 02
[vm-trace] actor=0 ip=217 op=05 args=36 2b 26 04
[vm-trace] actor=0 ip=220 op=26 args=04 80 28 07
[vm-trace] actor=0 ip=223 op=28 args=07 35 28 04
[vm-trace] actor=0 ip=225 op=35 args=28 04 82 00
[vm-trace] actor=0 ip=231 op=63 args=22 04 5e fd
[vm-trace] actor=0 ip=239 op=A3 args=f2 fe 9b 03
[vm-trace] actor=0 ip=247 op=05 args=36 2b 26 0a
[vm-trace] actor=0 ip=250 op=26 args=0a 80 09 06
[vm-trace] actor=0 ip=253 op=09 args=06 24 26 04
[vm-trace] actor=0 ip=256 op=26 args=04 80 09 04
[vm-trace] actor=0 ip=259 op=09 args=04 67 35 28
[vm-trace] actor=0 ip=262 op=35 args=28 04 00 00
[vm-trace] actor=0 ip=268 op=63 args=bb f9 bc 01
[vm-trace] actor=0 ip=276 op=A3 args=5f 00 85 03
[vm-trace] actor=0 ip=284 op=05 args=36 2b 09 19
[vm-trace] actor=0 ip=287 op=09 args=19 31 08 19
[vm-trace] actor=0 ip=290 op=08 args=19 4e 08 04
[vm-trace] actor=0 ip=293 op=08 args=04 69 fe 66
[vm-trace] actor=0 ip=296 op=FE66 args=8c 80 5a 80
[vm-trace] actor=0 ip=306 op=35 args=28 04 01 00
[vm-trace] actor=0 ip=312 op=63 args=98 f9 61 02
[vm-trace] actor=0 ip=320 op=A3 args=3c 00 27 04
[vm-trace] actor=0 ip=328 op=05 args=36 2b 26 0c
[vm-trace] actor=0 ip=331 op=26 args=0c 80 08 06
[vm-trace] actor=0 ip=334 op=08 args=06 44 26 05
[vm-trace] actor=0 ip=337 op=26 args=05 80 09 06
[vm-trace] actor=0 ip=340 op=09 args=06 25 26 02
[vm-trace] actor=0 ip=343 op=26 args=02 80 fe 66
[vm-trace] actor=0 ip=346 op=FE66 args=36 80 40 80
[vm-trace] actor=0 ip=356 op=28 args=0f 09 0f 24
[vm-trace] actor=0 ip=358 op=09 args=0f 24 08 09
[vm-trace] actor=0 ip=361 op=08 args=09 95 35 28
[vm-trace] actor=0 ip=364 op=35 args=28 04 00 00
[vm-trace] actor=0 ip=370 op=63 args=a9 ff cc fd
[vm-trace] actor=0 ip=378 op=A3 args=a3 04 66 f9
[vm-trace] actor=0 ip=386 op=05 args=36 2b 08 04
[vm-trace] actor=0 ip=389 op=08 args=04 6d 08 19
[vm-trace] actor=0 ip=392 op=08 args=19 2c 08 19
[vm-trace] actor=0 ip=395 op=08 args=19 47 26 02
[vm-trace] actor=0 ip=398 op=26 args=02 80 02 06
[vm-trace] actor=0 ip=401 op=02 args=06 04 00 00
[vm-trace] actor=0 ip=412 op=37 args=06 04 35 28
[vm-trace] actor=0 ip=415 op=35 args=28 04 50 00
[vm-trace] actor=0 ip=421 op=63 args=39 fd 0c fb
[vm-trace] actor=0 ip=429 op=A3 args=33 02 a6 f6
[vm-trace] actor=0 ip=437 op=05 args=36 2b 26 0a
[vm-trace] actor=0 ip=440 op=26 args=0a 80 08 1f
[vm-trace] actor=0 ip=443 op=08 args=1f 65 26 05
[vm-trace] actor=0 ip=446 op=26 args=05 80 09 06
[vm-trace] actor=0 ip=449 op=09 args=06 24 09 06
[vm-trace] actor=0 ip=452 op=09 args=06 24 26 1e
[vm-trace] actor=0 ip=455 op=26 args=1e 80 09 06
[vm-trace] actor=0 ip=458 op=09 args=06 25 02 06
[vm-trace] actor=0 ip=461 op=02 args=06 04 00 00
[vm-trace] actor=0 ip=469 op=01 args=cd 01 37 06
[vm-trace] actor=0 ip=472 op=37 args=06 04 08 09
[vm-trace] actor=0 ip=475 op=08 args=09 36 26 0e
[vm-trace] actor=0 ip=478 op=26 args=0e 80 09 06
[vm-trace] actor=0 ip=481 op=09 args=06 24 09 06
[vm-trace] actor=0 ip=484 op=09 args=06 25 26 0f
[vm-trace] actor=0 ip=487 op=26 args=0f 80 fe 84
[vm-trace] actor=0 ip=490 op=FE84 args=01 80 00 80
[vm-trace] actor=0 ip=15 op=BC args=2a a0 05 80
[vm-trace] actor=0 ip=16 op=2A args=a0 05 80 19
[vm-trace] actor=0 ip=17 op=A0 args=05 80 19 80
[vm-trace] actor=0 ip=24 op=84 args=06 80 71 00
[vm-trace] actor=0 ip=29 op=FE54 args=fe 26 04 80
[vm-trace] actor=0 ip=31 op=FE26 args=04 80 04 80
[vm-trace] actor=0 ip=47 op=F1 args=02 80 00 80
[vm-trace] actor=0 ip=58 op=FE19 args=02 bb 02 fe
[vm-trace] actor=0 ip=61 op=BB args=02 fe 42 00
[vm-trace] actor=0 ip=63 op=FE42 args=00 80 fe a1
[vm-trace] actor=0 ip=67 op=FEA1 args=00 80 ff 80
[vm-trace] actor=0 ip=73 op=75 args=ff 80 fe 0e
[vm-trace] actor=0 ip=76 op=FE0E args=00 80 00 80
[vm-trace] actor=0 ip=82 op=72 args=00 80 b7 99
[vm-trace] actor=0 ip=85 op=B7 args=99 63 17 00
[vm-trace] actor=0 ip=86 op=99 args=63 17 00 dc
[vm-trace] actor=0 ip=87 op=63 args=17 00 dc fd
[vm-trace] actor=0 ip=95 op=A3 args=8d 00 51 fe
[vm-trace] actor=0 ip=103 op=60 args=64 ac 00 00
[vm-trace] actor=0 ip=104 op=64 args=ac 00 00 80
[vm-trace] actor=0 ip=105 op=AC args=00 00 80 ac
[vm-trace] actor=0 ip=109 op=AC args=01 00 80 00
[vm-trace] actor=0 ip=113 op=00 args=5b 00 00 a4
[vm-trace] actor=0 ip=114 op=5B args=00 00 a4 1e
[vm-trace] actor=0 ip=131 op=A0 args=01 80 19 80
[vm-trace] actor=0 ip=138 op=9A args=14 80 00 16
[vm-trace] actor=0 ip=141 op=00 args=16 00 80 fe
