In file included from src/slus_006.64/system/animation_scripts.c:3:
include/system/memory.h:10:14: warning: conflicting types for built-in function ‘strlen’; expected ‘long unsigned int(const char *)’ [-Wbuiltin-declaration-mismatch]
   10 | extern u_int strlen(char* pString);
      |              ^~~~~~
include/system/memory.h:5:1: note: ‘strlen’ is declared in header ‘<string.h>’
    4 | #include "main/main.h"
  +++ |+#include <string.h>
    5 | 
src/slus_006.64/system/animation_scripts.c: In function ‘AnimationSoundBankSelector’:
src/slus_006.64/system/animation_scripts.c:136:5: warning: implicit declaration of function ‘memcpy’ [-Wimplicit-function-declaration]
  136 |     memcpy(&bank, PSX_ADDR(0x8005919C), sizeof(bank));
      |     ^~~~~~
src/slus_006.64/system/animation_scripts.c:134:1: note: include ‘<string.h>’ or provide a declaration of ‘memcpy’
  133 | #include "../../../pc_port/src/psx_memory.h"
  +++ |+#include <string.h>
  134 | static u32 AnimationSoundBankSelector(void) {
src/slus_006.64/system/animation_scripts.c:136:5: warning: incompatible implicit declaration of built-in function ‘memcpy’ [-Wbuiltin-declaration-mismatch]
  136 |     memcpy(&bank, PSX_ADDR(0x8005919C), sizeof(bank));
      |     ^~~~~~
src/slus_006.64/system/animation_scripts.c:136:5: note: include ‘<string.h>’ or provide a declaration of ‘memcpy’
src/slus_006.64/system/animation_scripts.c: In function ‘func_8001FBE4’:
src/slus_006.64/system/animation_scripts.c:563:13: warning: implicit declaration of function ‘func_8001F6B0’; did you mean ‘func_8001FB30’? [-Wimplicit-function-declaration]
  563 |             func_8001F6B0(p);
      |             ^~~~~~~~~~~~~
      |             func_8001FB30
src/slus_006.64/system/animation_scripts.c:1360:9: warning: incompatible implicit declaration of built-in function ‘memcpy’ [-Wbuiltin-declaration-mismatch]
 1360 |         memcpy((void*)(uintptr_t)*(u32*)(pBase + 0x30),
      |         ^~~~~~
src/slus_006.64/system/animation_scripts.c:1360:9: note: include ‘<string.h>’ or provide a declaration of ‘memcpy’
src/slus_006.64/system/animation_scripts.c: In function ‘func_80022038’:
src/slus_006.64/system/animation_scripts.c:1723:9: warning: implicit declaration of function ‘SpriteComputeTransformMatrix’ [-Wimplicit-function-declaration]
 1723 |         SpriteComputeTransformMatrix(pSpriteData);
      |         ^~~~~~~~~~~~~~~~~~~~~~~~~~~~
src/slus_006.64/system/animation_scripts.c: At top level:
src/slus_006.64/system/animation_scripts.c:1730:6: warning: conflicting types for ‘SpriteComputeTransformMatrix’; have ‘void(SpriteData *)’
 1730 | void SpriteComputeTransformMatrix(SpriteData* pSpriteData) {
      |      ^~~~~~~~~~~~~~~~~~~~~~~~~~~~
src/slus_006.64/system/animation_scripts.c:1723:9: note: previous implicit declaration of ‘SpriteComputeTransformMatrix’ with type ‘void(SpriteData *)’
 1723 |         SpriteComputeTransformMatrix(pSpriteData);
      |         ^~~~~~~~~~~~~~~~~~~~~~~~~~~~
src/slus_006.64/system/animation_scripts.c: In function ‘SpriteComputeTransformMatrix’:
src/slus_006.64/system/animation_scripts.c:1743:9: warning: implicit declaration of function ‘ScaleMatrixL’; did you mean ‘ScaleMatrix’? [-Wimplicit-function-declaration]
 1743 |         ScaleMatrixL((MATRIX*)(pBase + 0xC), &scale);
      |         ^~~~~~~~~~~~
      |         ScaleMatrix
In file included from src/slus_006.64/system/rendering.c:4:
include/system/memory.h:10:14: warning: conflicting types for built-in function ‘strlen’; expected ‘long unsigned int(const char *)’ [-Wbuiltin-declaration-mismatch]
   10 | extern u_int strlen(char* pString);
      |              ^~~~~~
include/system/memory.h:5:1: note: ‘strlen’ is declared in header ‘<string.h>’
    4 | #include "main/main.h"
  +++ |+#include <string.h>
    5 | 
src/slus_006.64/system/rendering.c: In function ‘func_8001E298’:
src/slus_006.64/system/rendering.c:570:5: warning: implicit declaration of function ‘func_8001E3D8’; did you mean ‘func_8001E298’? [-Wimplicit-function-declaration]
  570 |     func_8001E3D8(pData, ot);
      |     ^~~~~~~~~~~~~
      |     func_8001E298
src/slus_006.64/system/rendering.c: At top level:
src/slus_006.64/system/rendering.c:603:6: warning: conflicting types for ‘func_8001E3D8’; have ‘void(void *, void *)’
  603 | void func_8001E3D8(void* pSpriteData, void* ot) {
      |      ^~~~~~~~~~~~~
src/slus_006.64/system/rendering.c:570:5: note: previous implicit declaration of ‘func_8001E3D8’ with type ‘void(void *, void *)’
  570 |     func_8001E3D8(pData, ot);
      |     ^~~~~~~~~~~~~
src/slus_006.64/system/rendering.c: In function ‘func_8001E3D8’:
src/slus_006.64/system/rendering.c:717:21: warning: implicit declaration of function ‘SetMulMatrix’; did you mean ‘MulMatrix’? [-Wimplicit-function-declaration]
  717 |                     SetMulMatrix((MATRIX*)(pBase + 0x0C), &matrix);
      |                     ^~~~~~~~~~~~
      |                     MulMatrix
src/slus_006.64/system/rendering.c: In function ‘func_8001FB30’:
src/slus_006.64/system/rendering.c:1340:5: warning: implicit declaration of function ‘func_8002DDE4’; did you mean ‘func_8001DAE8’? [-Wimplicit-function-declaration]
 1340 |     func_8002DDE4(D_800592E4, 1, D_800592E8, D_800592EA, 0, 0, 0);
      |     ^~~~~~~~~~~~~
      |     func_8001DAE8
In file included from src/slus_006.64/system/temp1.c:31:
include/system/memory.h:10:14: warning: conflicting types for built-in function ‘strlen’; expected ‘long unsigned int(const char *)’ [-Wbuiltin-declaration-mismatch]
   10 | extern u_int strlen(char* pString);
      |              ^~~~~~
include/system/memory.h:5:1: note: ‘strlen’ is declared in header ‘<string.h>’
    4 | #include "main/main.h"
  +++ |+#include <string.h>
    5 | 
src/slus_006.64/system/temp1.c: In function ‘func_80022B2C’:
src/slus_006.64/system/temp1.c:46:19: warning: implicit declaration of function ‘func_80022CAC’; did you mean ‘func_80022B2C’? [-Wimplicit-function-declaration]
   46 |         curPos += func_80022CAC(pSprite, vel >> 4) << 4;
      |                   ^~~~~~~~~~~~~
      |                   func_80022B2C
src/slus_006.64/system/temp1.c: In function ‘func_80022E8C’:
src/slus_006.64/system/temp1.c:179:5: warning: implicit declaration of function ‘func_80022DF4’; did you mean ‘func_80022D44’? [-Wimplicit-function-declaration]
  179 |     func_80022DF4();
      |     ^~~~~~~~~~~~~
      |     func_80022D44
src/slus_006.64/system/temp1.c: In function ‘func_80022EB8’:
src/slus_006.64/system/temp1.c:193:13: warning: implicit declaration of function ‘func_80025180’; did you mean ‘func_80022E8C’? [-Wimplicit-function-declaration]
  193 |             func_80025180(pTask);
      |             ^~~~~~~~~~~~~
      |             func_80022E8C
src/slus_006.64/system/temp1.c:206:9: warning: implicit declaration of function ‘func_8001CE74’; did you mean ‘func_80022EB8’? [-Wimplicit-function-declaration]
  206 |         func_8001CE74(pWorkData);
      |         ^~~~~~~~~~~~~
      |         func_80022EB8
src/slus_006.64/system/temp1.c:210:9: warning: implicit declaration of function ‘func_8001D034’; did you mean ‘func_8001D2B0’? [-Wimplicit-function-declaration]
  210 |         func_8001D034(pWorkData);
      |         ^~~~~~~~~~~~~
      |         func_8001D2B0
src/slus_006.64/system/temp1.c:214:9: warning: implicit declaration of function ‘func_8001D3F4’; did you mean ‘func_8001D2B0’? [-Wimplicit-function-declaration]
  214 |         func_8001D3F4(pSprite);
      |         ^~~~~~~~~~~~~
      |         func_8001D2B0
src/slus_006.64/system/temp1.c:217:5: warning: implicit declaration of function ‘TimerWorkListRemoveTask’ [-Wimplicit-function-declaration]
  217 |     TimerWorkListRemoveTask(pWorkData);
      |     ^~~~~~~~~~~~~~~~~~~~~~~
src/slus_006.64/system/temp1.c:218:5: warning: implicit declaration of function ‘WorkListRemoveTask’ [-Wimplicit-function-declaration]
  218 |     WorkListRemoveTask(pWorkData + 0x1C);
      |     ^~~~~~~~~~~~~~~~~~
src/slus_006.64/system/temp1.c: In function ‘func_80022FC4’:
src/slus_006.64/system/temp1.c:224:24: warning: cast to pointer from integer of different size [-Wint-to-pointer-cast]
  224 |     void* pExisting = *(void**)(pSub + 0x2C);
      |                        ^
src/slus_006.64/system/temp1.c:231:10: warning: cast to pointer from integer of different size [-Wint-to-pointer-cast]
  231 |         *(void**)(pSub2 + 0x2C) = pNew;
      |          ^
src/slus_006.64/system/temp1.c:232:10: warning: cast to pointer from integer of different size [-Wint-to-pointer-cast]
  232 |         *(void**)(pSub2 + 0x30) = pNew;
      |          ^
src/slus_006.64/system/temp1.c: In function ‘func_800231E0’:
src/slus_006.64/system/temp1.c:302:10: warning: cast from pointer to integer of different size [-Wpointer-to-int-cast]
  302 |     p += (s32)a0;
      |          ^
src/slus_006.64/system/temp1.c:303:13: warning: cast to pointer from integer of different size [-Wint-to-pointer-cast]
  303 |     return *(s32*)p;
      |             ^
src/slus_006.64/system/temp1.c: In function ‘func_800231F8’:
src/slus_006.64/system/temp1.c:308:10: warning: cast from pointer to integer of different size [-Wpointer-to-int-cast]
  308 |     p += (s32)a0;
      |          ^
src/slus_006.64/system/temp1.c:309:13: warning: cast to pointer from integer of different size [-Wint-to-pointer-cast]
  309 |     return *(s32*)(p + 4) + 1;
      |             ^
src/slus_006.64/system/temp1.c: In function ‘func_80023290’:
src/slus_006.64/system/temp1.c:352:13: warning: implicit declaration of function ‘func_8001F6B0’; did you mean ‘func_8001D2B0’? [-Wimplicit-function-declaration]
  352 |             func_8001F6B0(pSprite);
      |             ^~~~~~~~~~~~~
      |             func_8001D2B0
src/slus_006.64/system/temp1.c: In function ‘func_80023538’:
src/slus_006.64/system/temp1.c:498:17: warning: implicit declaration of function ‘SpriteSetScale’ [-Wimplicit-function-declaration]
  498 |                 SpriteSetScale((SpriteData*)pData, D_800591A8);
      |                 ^~~~~~~~~~~~~~
src/slus_006.64/system/temp1.c: In function ‘func_800239F4’:
src/slus_006.64/system/temp1.c:615:12: warning: cast from pointer to integer of different size [-Wpointer-to-int-cast]
  615 |     pSub = (u32)(pSprite + 0xB4);
      |            ^
src/slus_006.64/system/temp1.c:617:19: warning: cast to pointer from integer of different size [-Wint-to-pointer-cast]
  617 |     func_8002393C((void*)pSub);
      |                   ^
src/slus_006.64/system/temp1.c:619:6: warning: cast to pointer from integer of different size [-Wint-to-pointer-cast]
  619 |     *(u32*)(pSub + 0x30) = (u32)(pSprite + 0xF4);
      |      ^
src/slus_006.64/system/temp1.c:619:28: warning: cast from pointer to integer of different size [-Wpointer-to-int-cast]
  619 |     *(u32*)(pSub + 0x30) = (u32)(pSprite + 0xF4);
      |                            ^
src/slus_006.64/system/temp1.c:620:6: warning: cast to pointer from integer of different size [-Wint-to-pointer-cast]
  620 |     *(u32*)(pSub + 0x34) = 0;
      |      ^
src/slus_006.64/system/temp1.c:621:6: warning: cast to pointer from integer of different size [-Wint-to-pointer-cast]
  621 |     *(u32*)(pSub + 0x38) = 0;
      |      ^
src/slus_006.64/system/temp1.c: In function ‘func_80023A48’:
src/slus_006.64/system/temp1.c:637:23: warning: implicit declaration of function ‘func_800233A4’; did you mean ‘func_80023A48’? [-Wimplicit-function-declaration]
  637 |             pResult = func_800233A4(pAnimData, extraSize);
      |                       ^~~~~~~~~~~~~
      |                       func_80023A48
src/slus_006.64/system/temp1.c:637:21: warning: assignment to ‘u8 *’ {aka ‘unsigned char *’} from ‘int’ makes pointer from integer without a cast [-Wint-conversion]
  637 |             pResult = func_800233A4(pAnimData, extraSize);
      |                     ^
src/slus_006.64/system/temp1.c:651:21: warning: assignment to ‘u8 *’ {aka ‘unsigned char *’} from ‘int’ makes pointer from integer without a cast [-Wint-conversion]
  651 |             pResult = func_800233A4(pAnimData, allocSize + extraSize);
      |                     ^
src/slus_006.64/system/temp1.c:657:21: warning: assignment to ‘u8 *’ {aka ‘unsigned char *’} from ‘int’ makes pointer from integer without a cast [-Wint-conversion]
  657 |             pResult = func_800233A4(pAnimData, 0x54 + extraSize);
      |                     ^
src/slus_006.64/system/temp1.c:667:32: warning: cast from pointer to integer of different size [-Wpointer-to-int-cast]
  667 |         *(u32*)(pSub + 0x6C) = (u32)pResult;
      |                                ^
src/slus_006.64/system/temp1.c:669:32: warning: cast from pointer to integer of different size [-Wpointer-to-int-cast]
  669 |         *(u32*)(pSub + 0x24) = (u32)pSource;
      |                                ^
src/slus_006.64/system/temp1.c: In function ‘func_80024F20’:
src/slus_006.64/system/temp1.c:1403:5: warning: implicit declaration of function ‘WorkListsReset’ [-Wimplicit-function-declaration]
 1403 |     WorkListsReset();
      |     ^~~~~~~~~~~~~~
src/slus_006.64/system/temp1.c:1404:5: warning: implicit declaration of function ‘func_8001D298’; did you mean ‘func_8001D2B0’? [-Wimplicit-function-declaration]
 1404 |     func_8001D298();
      |     ^~~~~~~~~~~~~
      |     func_8001D2B0
src/slus_006.64/system/temp1.c: At top level:
src/slus_006.64/system/temp1.c:1415:13: warning: conflicting types for ‘func_8001D298’; have ‘void(void)’
 1415 | extern void func_8001D298(void);
      |             ^~~~~~~~~~~~~
src/slus_006.64/system/temp1.c:1404:5: note: previous implicit declaration of ‘func_8001D298’ with type ‘void(void)’
 1404 |     func_8001D298();
      |     ^~~~~~~~~~~~~
src/slus_006.64/system/temp1.c: In function ‘func_80025258’:
src/slus_006.64/system/temp1.c:1757:37: warning: passing argument 2 of ‘RotTransPers’ from incompatible pointer type [-Wincompatible-pointer-types]
 1757 |     depth = (s32)RotTransPers(&pos, &pxy, &pxy, &flg) >> (D_80050100 & 31);
      |                                     ^~~~
      |                                     |
      |                                     long int *
In file included from pc_port/include_shim/psyq/libgte.h:4,
                 from include/field/actor.h:4,
                 from src/slus_006.64/system/temp1.c:28:
pc_port/extern/PsyCross/include/psx/libgte.h:51:43: note: expected ‘int *’ but argument is of type ‘long int *’
   51 | extern int RotTransPers(SVECTOR* v0, int* sxy, long* p, long* flag);
      |                                      ~~~~~^~~
src/slus_006.64/system/temp1.c:1767:9: warning: implicit declaration of function ‘func_80022038’; did you mean ‘func_80023538’? [-Wimplicit-function-declaration]
 1767 |         func_80022038(pSprite);
      |         ^~~~~~~~~~~~~
      |         func_80023538
src/slus_006.64/system/temp1.c: In function ‘func_80025718’:
src/slus_006.64/system/temp1.c:1945:35: warning: passing argument 2 of ‘TransMatrix’ from incompatible pointer type [-Wincompatible-pointer-types]
 1945 |     TransMatrix((MATRIX*)pMatrix, &trans);
      |                                   ^~~~~~
      |                                   |
      |                                   SVECTOR *
pc_port/extern/PsyCross/include/psx/libgte.h:72:47: note: expected ‘VECTOR *’ but argument is of type ‘SVECTOR *’
   72 | extern MATRIX* TransMatrix(MATRIX* m, VECTOR* v);
      |                                       ~~~~~~~~^
src/slus_006.64/system/temp1.c: In function ‘func_800273C4’:
src/slus_006.64/system/temp1.c:2686:5: warning: implicit declaration of function ‘VectorNormalS’; did you mean ‘VectorNormalSS’? [-Wimplicit-function-declaration]
 2686 |     VectorNormalS(&dir, &dirN);
      |     ^~~~~~~~~~~~~
      |     VectorNormalSS
src/slus_006.64/system/temp1.c:2696:23: warning: passing argument 2 of ‘RotTransPers’ from incompatible pointer type [-Wincompatible-pointer-types]
 2696 |     RotTransPers(&pt, &sxy, &p, &flag);
      |                       ^~~~
      |                       |
      |                       long int *
pc_port/extern/PsyCross/include/psx/libgte.h:51:43: note: expected ‘int *’ but argument is of type ‘long int *’
   51 | extern int RotTransPers(SVECTOR* v0, int* sxy, long* p, long* flag);
      |                                      ~~~~~^~~
src/slus_006.64/system/temp1.c:2771:23: warning: passing argument 2 of ‘RotTransPers’ from incompatible pointer type [-Wincompatible-pointer-types]
 2771 |     RotTransPers(&pt, &sxy, &p, &flag);
      |                       ^~~~
      |                       |
      |                       long int *
pc_port/extern/PsyCross/include/psx/libgte.h:51:43: note: expected ‘int *’ but argument is of type ‘long int *’
   51 | extern int RotTransPers(SVECTOR* v0, int* sxy, long* p, long* flag);
      |                                      ~~~~~^~~
SPRITE93 PASS cases=94208 actual allocator and direction initializer; frame boundary
In file included from src/slus_006.64/system/animation_scripts.c:3:
include/system/memory.h:10:14: warning: conflicting types for built-in function ‘strlen’; expected ‘long unsigned int(const char *)’ [-Wbuiltin-declaration-mismatch]
   10 | extern u_int strlen(char* pString);
      |              ^~~~~~
include/system/memory.h:5:1: note: ‘strlen’ is declared in header ‘<string.h>’
    4 | #include "main/main.h"
  +++ |+#include <string.h>
    5 | 
src/slus_006.64/system/animation_scripts.c: In function ‘AnimationSoundBankSelector’:
src/slus_006.64/system/animation_scripts.c:136:5: warning: implicit declaration of function ‘memcpy’ [-Wimplicit-function-declaration]
  136 |     memcpy(&bank, PSX_ADDR(0x8005919C), sizeof(bank));
      |     ^~~~~~
src/slus_006.64/system/animation_scripts.c:134:1: note: include ‘<string.h>’ or provide a declaration of ‘memcpy’
  133 | #include "../../../pc_port/src/psx_memory.h"
  +++ |+#include <string.h>
  134 | static u32 AnimationSoundBankSelector(void) {
src/slus_006.64/system/animation_scripts.c:136:5: warning: incompatible implicit declaration of built-in function ‘memcpy’ [-Wbuiltin-declaration-mismatch]
  136 |     memcpy(&bank, PSX_ADDR(0x8005919C), sizeof(bank));
      |     ^~~~~~
src/slus_006.64/system/animation_scripts.c:136:5: note: include ‘<string.h>’ or provide a declaration of ‘memcpy’
src/slus_006.64/system/animation_scripts.c: In function ‘func_8001FBE4’:
src/slus_006.64/system/animation_scripts.c:563:13: warning: implicit declaration of function ‘func_8001F6B0’; did you mean ‘func_8001FB30’? [-Wimplicit-function-declaration]
  563 |             func_8001F6B0(p);
      |             ^~~~~~~~~~~~~
      |             func_8001FB30
src/slus_006.64/system/animation_scripts.c:1360:9: warning: incompatible implicit declaration of built-in function ‘memcpy’ [-Wbuiltin-declaration-mismatch]
 1360 |         memcpy((void*)(uintptr_t)*(u32*)(pBase + 0x30),
      |         ^~~~~~
src/slus_006.64/system/animation_scripts.c:1360:9: note: include ‘<string.h>’ or provide a declaration of ‘memcpy’
src/slus_006.64/system/animation_scripts.c: In function ‘func_80022038’:
src/slus_006.64/system/animation_scripts.c:1723:9: warning: implicit declaration of function ‘SpriteComputeTransformMatrix’ [-Wimplicit-function-declaration]
 1723 |         SpriteComputeTransformMatrix(pSpriteData);
      |         ^~~~~~~~~~~~~~~~~~~~~~~~~~~~
src/slus_006.64/system/animation_scripts.c: At top level:
src/slus_006.64/system/animation_scripts.c:1730:6: warning: conflicting types for ‘SpriteComputeTransformMatrix’; have ‘void(SpriteData *)’
 1730 | void SpriteComputeTransformMatrix(SpriteData* pSpriteData) {
      |      ^~~~~~~~~~~~~~~~~~~~~~~~~~~~
src/slus_006.64/system/animation_scripts.c:1723:9: note: previous implicit declaration of ‘SpriteComputeTransformMatrix’ with type ‘void(SpriteData *)’
 1723 |         SpriteComputeTransformMatrix(pSpriteData);
      |         ^~~~~~~~~~~~~~~~~~~~~~~~~~~~
src/slus_006.64/system/animation_scripts.c: In function ‘SpriteComputeTransformMatrix’:
src/slus_006.64/system/animation_scripts.c:1743:9: warning: implicit declaration of function ‘ScaleMatrixL’; did you mean ‘ScaleMatrix’? [-Wimplicit-function-declaration]
 1743 |         ScaleMatrixL((MATRIX*)(pBase + 0xC), &scale);
      |         ^~~~~~~~~~~~
      |         ScaleMatrix
In file included from src/slus_006.64/system/rendering.c:4:
include/system/memory.h:10:14: warning: conflicting types for built-in function ‘strlen’; expected ‘long unsigned int(const char *)’ [-Wbuiltin-declaration-mismatch]
   10 | extern u_int strlen(char* pString);
      |              ^~~~~~
include/system/memory.h:5:1: note: ‘strlen’ is declared in header ‘<string.h>’
    4 | #include "main/main.h"
  +++ |+#include <string.h>
    5 | 
src/slus_006.64/system/rendering.c: In function ‘func_8001E298’:
src/slus_006.64/system/rendering.c:570:5: warning: implicit declaration of function ‘func_8001E3D8’; did you mean ‘func_8001E298’? [-Wimplicit-function-declaration]
  570 |     func_8001E3D8(pData, ot);
      |     ^~~~~~~~~~~~~
      |     func_8001E298
src/slus_006.64/system/rendering.c: At top level:
src/slus_006.64/system/rendering.c:603:6: warning: conflicting types for ‘func_8001E3D8’; have ‘void(void *, void *)’
  603 | void func_8001E3D8(void* pSpriteData, void* ot) {
      |      ^~~~~~~~~~~~~
src/slus_006.64/system/rendering.c:570:5: note: previous implicit declaration of ‘func_8001E3D8’ with type ‘void(void *, void *)’
  570 |     func_8001E3D8(pData, ot);
      |     ^~~~~~~~~~~~~
src/slus_006.64/system/rendering.c: In function ‘func_8001E3D8’:
src/slus_006.64/system/rendering.c:717:21: warning: implicit declaration of function ‘SetMulMatrix’; did you mean ‘MulMatrix’? [-Wimplicit-function-declaration]
  717 |                     SetMulMatrix((MATRIX*)(pBase + 0x0C), &matrix);
      |                     ^~~~~~~~~~~~
      |                     MulMatrix
src/slus_006.64/system/rendering.c: In function ‘func_8001FB30’:
src/slus_006.64/system/rendering.c:1340:5: warning: implicit declaration of function ‘func_8002DDE4’; did you mean ‘func_8001DAE8’? [-Wimplicit-function-declaration]
 1340 |     func_8002DDE4(D_800592E4, 1, D_800592E8, D_800592EA, 0, 0, 0);
      |     ^~~~~~~~~~~~~
      |     func_8001DAE8
In file included from src/slus_006.64/system/temp1.c:31:
include/system/memory.h:10:14: warning: conflicting types for built-in function ‘strlen’; expected ‘long unsigned int(const char *)’ [-Wbuiltin-declaration-mismatch]
   10 | extern u_int strlen(char* pString);
      |              ^~~~~~
include/system/memory.h:5:1: note: ‘strlen’ is declared in header ‘<string.h>’
    4 | #include "main/main.h"
  +++ |+#include <string.h>
    5 | 
src/slus_006.64/system/temp1.c: In function ‘func_80022B2C’:
src/slus_006.64/system/temp1.c:46:19: warning: implicit declaration of function ‘func_80022CAC’; did you mean ‘func_80022B2C’? [-Wimplicit-function-declaration]
   46 |         curPos += func_80022CAC(pSprite, vel >> 4) << 4;
      |                   ^~~~~~~~~~~~~
      |                   func_80022B2C
src/slus_006.64/system/temp1.c: In function ‘func_80022E8C’:
src/slus_006.64/system/temp1.c:179:5: warning: implicit declaration of function ‘func_80022DF4’; did you mean ‘func_80022D44’? [-Wimplicit-function-declaration]
  179 |     func_80022DF4();
      |     ^~~~~~~~~~~~~
      |     func_80022D44
src/slus_006.64/system/temp1.c: In function ‘func_80022EB8’:
src/slus_006.64/system/temp1.c:193:13: warning: implicit declaration of function ‘func_80025180’; did you mean ‘func_80022E8C’? [-Wimplicit-function-declaration]
  193 |             func_80025180(pTask);
      |             ^~~~~~~~~~~~~
      |             func_80022E8C
src/slus_006.64/system/temp1.c:206:9: warning: implicit declaration of function ‘func_8001CE74’; did you mean ‘func_80022EB8’? [-Wimplicit-function-declaration]
  206 |         func_8001CE74(pWorkData);
      |         ^~~~~~~~~~~~~
      |         func_80022EB8
src/slus_006.64/system/temp1.c:210:9: warning: implicit declaration of function ‘func_8001D034’; did you mean ‘func_8001D2B0’? [-Wimplicit-function-declaration]
  210 |         func_8001D034(pWorkData);
      |         ^~~~~~~~~~~~~
      |         func_8001D2B0
src/slus_006.64/system/temp1.c:214:9: warning: implicit declaration of function ‘func_8001D3F4’; did you mean ‘func_8001D2B0’? [-Wimplicit-function-declaration]
  214 |         func_8001D3F4(pSprite);
      |         ^~~~~~~~~~~~~
      |         func_8001D2B0
src/slus_006.64/system/temp1.c:217:5: warning: implicit declaration of function ‘TimerWorkListRemoveTask’ [-Wimplicit-function-declaration]
  217 |     TimerWorkListRemoveTask(pWorkData);
      |     ^~~~~~~~~~~~~~~~~~~~~~~
src/slus_006.64/system/temp1.c:218:5: warning: implicit declaration of function ‘WorkListRemoveTask’ [-Wimplicit-function-declaration]
  218 |     WorkListRemoveTask(pWorkData + 0x1C);
      |     ^~~~~~~~~~~~~~~~~~
src/slus_006.64/system/temp1.c: In function ‘func_80022FC4’:
src/slus_006.64/system/temp1.c:224:24: warning: cast to pointer from integer of different size [-Wint-to-pointer-cast]
  224 |     void* pExisting = *(void**)(pSub + 0x2C);
      |                        ^
src/slus_006.64/system/temp1.c:231:10: warning: cast to pointer from integer of different size [-Wint-to-pointer-cast]
  231 |         *(void**)(pSub2 + 0x2C) = pNew;
      |          ^
src/slus_006.64/system/temp1.c:232:10: warning: cast to pointer from integer of different size [-Wint-to-pointer-cast]
  232 |         *(void**)(pSub2 + 0x30) = pNew;
      |          ^
src/slus_006.64/system/temp1.c: In function ‘func_800231E0’:
src/slus_006.64/system/temp1.c:302:10: warning: cast from pointer to integer of different size [-Wpointer-to-int-cast]
  302 |     p += (s32)a0;
      |          ^
src/slus_006.64/system/temp1.c:303:13: warning: cast to pointer from integer of different size [-Wint-to-pointer-cast]
  303 |     return *(s32*)p;
      |             ^
src/slus_006.64/system/temp1.c: In function ‘func_800231F8’:
src/slus_006.64/system/temp1.c:308:10: warning: cast from pointer to integer of different size [-Wpointer-to-int-cast]
  308 |     p += (s32)a0;
      |          ^
src/slus_006.64/system/temp1.c:309:13: warning: cast to pointer from integer of different size [-Wint-to-pointer-cast]
  309 |     return *(s32*)(p + 4) + 1;
      |             ^
src/slus_006.64/system/temp1.c: In function ‘func_80023290’:
src/slus_006.64/system/temp1.c:352:13: warning: implicit declaration of function ‘func_8001F6B0’; did you mean ‘func_8001D2B0’? [-Wimplicit-function-declaration]
  352 |             func_8001F6B0(pSprite);
      |             ^~~~~~~~~~~~~
      |             func_8001D2B0
src/slus_006.64/system/temp1.c: In function ‘func_80023538’:
src/slus_006.64/system/temp1.c:498:17: warning: implicit declaration of function ‘SpriteSetScale’ [-Wimplicit-function-declaration]
  498 |                 SpriteSetScale((SpriteData*)pData, D_800591A8);
      |                 ^~~~~~~~~~~~~~
src/slus_006.64/system/temp1.c: In function ‘func_800239F4’:
src/slus_006.64/system/temp1.c:615:12: warning: cast from pointer to integer of different size [-Wpointer-to-int-cast]
  615 |     pSub = (u32)(pSprite + 0xB4);
      |            ^
src/slus_006.64/system/temp1.c:617:19: warning: cast to pointer from integer of different size [-Wint-to-pointer-cast]
  617 |     func_8002393C((void*)pSub);
      |                   ^
src/slus_006.64/system/temp1.c:619:6: warning: cast to pointer from integer of different size [-Wint-to-pointer-cast]
  619 |     *(u32*)(pSub + 0x30) = (u32)(pSprite + 0xF4);
      |      ^
src/slus_006.64/system/temp1.c:619:28: warning: cast from pointer to integer of different size [-Wpointer-to-int-cast]
  619 |     *(u32*)(pSub + 0x30) = (u32)(pSprite + 0xF4);
      |                            ^
src/slus_006.64/system/temp1.c:620:6: warning: cast to pointer from integer of different size [-Wint-to-pointer-cast]
  620 |     *(u32*)(pSub + 0x34) = 0;
      |      ^
src/slus_006.64/system/temp1.c:621:6: warning: cast to pointer from integer of different size [-Wint-to-pointer-cast]
  621 |     *(u32*)(pSub + 0x38) = 0;
      |      ^
src/slus_006.64/system/temp1.c: In function ‘func_80023A48’:
src/slus_006.64/system/temp1.c:637:23: warning: implicit declaration of function ‘func_800233A4’; did you mean ‘func_80023A48’? [-Wimplicit-function-declaration]
  637 |             pResult = func_800233A4(pAnimData, extraSize);
      |                       ^~~~~~~~~~~~~
      |                       func_80023A48
src/slus_006.64/system/temp1.c:637:21: warning: assignment to ‘u8 *’ {aka ‘unsigned char *’} from ‘int’ makes pointer from integer without a cast [-Wint-conversion]
  637 |             pResult = func_800233A4(pAnimData, extraSize);
      |                     ^
src/slus_006.64/system/temp1.c:651:21: warning: assignment to ‘u8 *’ {aka ‘unsigned char *’} from ‘int’ makes pointer from integer without a cast [-Wint-conversion]
  651 |             pResult = func_800233A4(pAnimData, allocSize + extraSize);
      |                     ^
src/slus_006.64/system/temp1.c:657:21: warning: assignment to ‘u8 *’ {aka ‘unsigned char *’} from ‘int’ makes pointer from integer without a cast [-Wint-conversion]
  657 |             pResult = func_800233A4(pAnimData, 0x54 + extraSize);
      |                     ^
src/slus_006.64/system/temp1.c:667:32: warning: cast from pointer to integer of different size [-Wpointer-to-int-cast]
  667 |         *(u32*)(pSub + 0x6C) = (u32)pResult;
      |                                ^
src/slus_006.64/system/temp1.c:669:32: warning: cast from pointer to integer of different size [-Wpointer-to-int-cast]
  669 |         *(u32*)(pSub + 0x24) = (u32)pSource;
      |                                ^
src/slus_006.64/system/temp1.c: In function ‘func_80024F20’:
src/slus_006.64/system/temp1.c:1403:5: warning: implicit declaration of function ‘WorkListsReset’ [-Wimplicit-function-declaration]
 1403 |     WorkListsReset();
      |     ^~~~~~~~~~~~~~
src/slus_006.64/system/temp1.c:1404:5: warning: implicit declaration of function ‘func_8001D298’; did you mean ‘func_8001D2B0’? [-Wimplicit-function-declaration]
 1404 |     func_8001D298();
      |     ^~~~~~~~~~~~~
      |     func_8001D2B0
src/slus_006.64/system/temp1.c: At top level:
src/slus_006.64/system/temp1.c:1415:13: warning: conflicting types for ‘func_8001D298’; have ‘void(void)’
 1415 | extern void func_8001D298(void);
      |             ^~~~~~~~~~~~~
src/slus_006.64/system/temp1.c:1404:5: note: previous implicit declaration of ‘func_8001D298’ with type ‘void(void)’
 1404 |     func_8001D298();
      |     ^~~~~~~~~~~~~
src/slus_006.64/system/temp1.c: In function ‘func_80025258’:
src/slus_006.64/system/temp1.c:1757:37: warning: passing argument 2 of ‘RotTransPers’ from incompatible pointer type [-Wincompatible-pointer-types]
 1757 |     depth = (s32)RotTransPers(&pos, &pxy, &pxy, &flg) >> (D_80050100 & 31);
      |                                     ^~~~
      |                                     |
      |                                     long int *
In file included from pc_port/include_shim/psyq/libgte.h:4,
                 from include/field/actor.h:4,
                 from src/slus_006.64/system/temp1.c:28:
pc_port/extern/PsyCross/include/psx/libgte.h:51:43: note: expected ‘int *’ but argument is of type ‘long int *’
   51 | extern int RotTransPers(SVECTOR* v0, int* sxy, long* p, long* flag);
      |                                      ~~~~~^~~
src/slus_006.64/system/temp1.c:1767:9: warning: implicit declaration of function ‘func_80022038’; did you mean ‘func_80023538’? [-Wimplicit-function-declaration]
 1767 |         func_80022038(pSprite);
      |         ^~~~~~~~~~~~~
      |         func_80023538
src/slus_006.64/system/temp1.c: In function ‘func_80025718’:
src/slus_006.64/system/temp1.c:1945:35: warning: passing argument 2 of ‘TransMatrix’ from incompatible pointer type [-Wincompatible-pointer-types]
 1945 |     TransMatrix((MATRIX*)pMatrix, &trans);
      |                                   ^~~~~~
      |                                   |
      |                                   SVECTOR *
pc_port/extern/PsyCross/include/psx/libgte.h:72:47: note: expected ‘VECTOR *’ but argument is of type ‘SVECTOR *’
   72 | extern MATRIX* TransMatrix(MATRIX* m, VECTOR* v);
      |                                       ~~~~~~~~^
src/slus_006.64/system/temp1.c: In function ‘func_800273C4’:
src/slus_006.64/system/temp1.c:2686:5: warning: implicit declaration of function ‘VectorNormalS’; did you mean ‘VectorNormalSS’? [-Wimplicit-function-declaration]
 2686 |     VectorNormalS(&dir, &dirN);
      |     ^~~~~~~~~~~~~
      |     VectorNormalSS
src/slus_006.64/system/temp1.c:2696:23: warning: passing argument 2 of ‘RotTransPers’ from incompatible pointer type [-Wincompatible-pointer-types]
 2696 |     RotTransPers(&pt, &sxy, &p, &flag);
      |                       ^~~~
      |                       |
      |                       long int *
pc_port/extern/PsyCross/include/psx/libgte.h:51:43: note: expected ‘int *’ but argument is of type ‘long int *’
   51 | extern int RotTransPers(SVECTOR* v0, int* sxy, long* p, long* flag);
      |                                      ~~~~~^~~
src/slus_006.64/system/temp1.c:2771:23: warning: passing argument 2 of ‘RotTransPers’ from incompatible pointer type [-Wincompatible-pointer-types]
 2771 |     RotTransPers(&pt, &sxy, &p, &flag);
      |                       ^~~~
      |                       |
      |                       long int *
pc_port/extern/PsyCross/include/psx/libgte.h:51:43: note: expected ‘int *’ but argument is of type ‘long int *’
   51 | extern int RotTransPers(SVECTOR* v0, int* sxy, long* p, long* flag);
      |                                      ~~~~~^~~
SPRITE93 PASS cases=94208 actual allocator and direction initializer; frame boundary
In file included from src/slus_006.64/system/animation_scripts.c:3:
include/system/memory.h:10:14: warning: conflicting types for built-in function ‘strlen’; expected ‘long unsigned int(const char *)’ [-Wbuiltin-declaration-mismatch]
   10 | extern u_int strlen(char* pString);
      |              ^~~~~~
include/system/memory.h:5:1: note: ‘strlen’ is declared in header ‘<string.h>’
    4 | #include "main/main.h"
  +++ |+#include <string.h>
    5 | 
src/slus_006.64/system/animation_scripts.c: In function ‘AnimationSoundBankSelector’:
src/slus_006.64/system/animation_scripts.c:136:5: warning: implicit declaration of function ‘memcpy’ [-Wimplicit-function-declaration]
  136 |     memcpy(&bank, PSX_ADDR(0x8005919C), sizeof(bank));
      |     ^~~~~~
src/slus_006.64/system/animation_scripts.c:134:1: note: include ‘<string.h>’ or provide a declaration of ‘memcpy’
  133 | #include "../../../pc_port/src/psx_memory.h"
  +++ |+#include <string.h>
  134 | static u32 AnimationSoundBankSelector(void) {
src/slus_006.64/system/animation_scripts.c:136:5: warning: incompatible implicit declaration of built-in function ‘memcpy’ [-Wbuiltin-declaration-mismatch]
  136 |     memcpy(&bank, PSX_ADDR(0x8005919C), sizeof(bank));
      |     ^~~~~~
src/slus_006.64/system/animation_scripts.c:136:5: note: include ‘<string.h>’ or provide a declaration of ‘memcpy’
src/slus_006.64/system/animation_scripts.c: In function ‘func_8001FBE4’:
src/slus_006.64/system/animation_scripts.c:563:13: warning: implicit declaration of function ‘func_8001F6B0’; did you mean ‘func_8001FB30’? [-Wimplicit-function-declaration]
  563 |             func_8001F6B0(p);
      |             ^~~~~~~~~~~~~
      |             func_8001FB30
src/slus_006.64/system/animation_scripts.c:1360:9: warning: incompatible implicit declaration of built-in function ‘memcpy’ [-Wbuiltin-declaration-mismatch]
 1360 |         memcpy((void*)(uintptr_t)*(u32*)(pBase + 0x30),
      |         ^~~~~~
src/slus_006.64/system/animation_scripts.c:1360:9: note: include ‘<string.h>’ or provide a declaration of ‘memcpy’
src/slus_006.64/system/animation_scripts.c: In function ‘func_80022038’:
src/slus_006.64/system/animation_scripts.c:1723:9: warning: implicit declaration of function ‘SpriteComputeTransformMatrix’ [-Wimplicit-function-declaration]
 1723 |         SpriteComputeTransformMatrix(pSpriteData);
      |         ^~~~~~~~~~~~~~~~~~~~~~~~~~~~
src/slus_006.64/system/animation_scripts.c: At top level:
src/slus_006.64/system/animation_scripts.c:1730:6: warning: conflicting types for ‘SpriteComputeTransformMatrix’; have ‘void(SpriteData *)’
 1730 | void SpriteComputeTransformMatrix(SpriteData* pSpriteData) {
      |      ^~~~~~~~~~~~~~~~~~~~~~~~~~~~
src/slus_006.64/system/animation_scripts.c:1723:9: note: previous implicit declaration of ‘SpriteComputeTransformMatrix’ with type ‘void(SpriteData *)’
 1723 |         SpriteComputeTransformMatrix(pSpriteData);
      |         ^~~~~~~~~~~~~~~~~~~~~~~~~~~~
src/slus_006.64/system/animation_scripts.c: In function ‘SpriteComputeTransformMatrix’:
src/slus_006.64/system/animation_scripts.c:1743:9: warning: implicit declaration of function ‘ScaleMatrixL’; did you mean ‘ScaleMatrix’? [-Wimplicit-function-declaration]
 1743 |         ScaleMatrixL((MATRIX*)(pBase + 0xC), &scale);
      |         ^~~~~~~~~~~~
      |         ScaleMatrix
In file included from src/slus_006.64/system/rendering.c:4:
include/system/memory.h:10:14: warning: conflicting types for built-in function ‘strlen’; expected ‘long unsigned int(const char *)’ [-Wbuiltin-declaration-mismatch]
   10 | extern u_int strlen(char* pString);
      |              ^~~~~~
include/system/memory.h:5:1: note: ‘strlen’ is declared in header ‘<string.h>’
    4 | #include "main/main.h"
  +++ |+#include <string.h>
    5 | 
src/slus_006.64/system/rendering.c: In function ‘func_8001E298’:
src/slus_006.64/system/rendering.c:570:5: warning: implicit declaration of function ‘func_8001E3D8’; did you mean ‘func_8001E298’? [-Wimplicit-function-declaration]
  570 |     func_8001E3D8(pData, ot);
      |     ^~~~~~~~~~~~~
      |     func_8001E298
src/slus_006.64/system/rendering.c: At top level:
src/slus_006.64/system/rendering.c:603:6: warning: conflicting types for ‘func_8001E3D8’; have ‘void(void *, void *)’
  603 | void func_8001E3D8(void* pSpriteData, void* ot) {
      |      ^~~~~~~~~~~~~
src/slus_006.64/system/rendering.c:570:5: note: previous implicit declaration of ‘func_8001E3D8’ with type ‘void(void *, void *)’
  570 |     func_8001E3D8(pData, ot);
      |     ^~~~~~~~~~~~~
src/slus_006.64/system/rendering.c: In function ‘func_8001E3D8’:
src/slus_006.64/system/rendering.c:717:21: warning: implicit declaration of function ‘SetMulMatrix’; did you mean ‘MulMatrix’? [-Wimplicit-function-declaration]
  717 |                     SetMulMatrix((MATRIX*)(pBase + 0x0C), &matrix);
      |                     ^~~~~~~~~~~~
      |                     MulMatrix
src/slus_006.64/system/rendering.c: In function ‘func_8001FB30’:
src/slus_006.64/system/rendering.c:1340:5: warning: implicit declaration of function ‘func_8002DDE4’; did you mean ‘func_8001DAE8’? [-Wimplicit-function-declaration]
 1340 |     func_8002DDE4(D_800592E4, 1, D_800592E8, D_800592EA, 0, 0, 0);
      |     ^~~~~~~~~~~~~
      |     func_8001DAE8
In file included from src/slus_006.64/system/temp1.c:31:
include/system/memory.h:10:14: warning: conflicting types for built-in function ‘strlen’; expected ‘long unsigned int(const char *)’ [-Wbuiltin-declaration-mismatch]
   10 | extern u_int strlen(char* pString);
      |              ^~~~~~
include/system/memory.h:5:1: note: ‘strlen’ is declared in header ‘<string.h>’
    4 | #include "main/main.h"
  +++ |+#include <string.h>
    5 | 
src/slus_006.64/system/temp1.c: In function ‘func_80022B2C’:
src/slus_006.64/system/temp1.c:46:19: warning: implicit declaration of function ‘func_80022CAC’; did you mean ‘func_80022B2C’? [-Wimplicit-function-declaration]
   46 |         curPos += func_80022CAC(pSprite, vel >> 4) << 4;
      |                   ^~~~~~~~~~~~~
      |                   func_80022B2C
src/slus_006.64/system/temp1.c: In function ‘func_80022E8C’:
src/slus_006.64/system/temp1.c:179:5: warning: implicit declaration of function ‘func_80022DF4’; did you mean ‘func_80022D44’? [-Wimplicit-function-declaration]
  179 |     func_80022DF4();
      |     ^~~~~~~~~~~~~
      |     func_80022D44
src/slus_006.64/system/temp1.c: In function ‘func_80022EB8’:
src/slus_006.64/system/temp1.c:193:13: warning: implicit declaration of function ‘func_80025180’; did you mean ‘func_80022E8C’? [-Wimplicit-function-declaration]
  193 |             func_80025180(pTask);
      |             ^~~~~~~~~~~~~
      |             func_80022E8C
src/slus_006.64/system/temp1.c:206:9: warning: implicit declaration of function ‘func_8001CE74’; did you mean ‘func_80022EB8’? [-Wimplicit-function-declaration]
  206 |         func_8001CE74(pWorkData);
      |         ^~~~~~~~~~~~~
      |         func_80022EB8
src/slus_006.64/system/temp1.c:210:9: warning: implicit declaration of function ‘func_8001D034’; did you mean ‘func_8001D2B0’? [-Wimplicit-function-declaration]
  210 |         func_8001D034(pWorkData);
      |         ^~~~~~~~~~~~~
      |         func_8001D2B0
src/slus_006.64/system/temp1.c:214:9: warning: implicit declaration of function ‘func_8001D3F4’; did you mean ‘func_8001D2B0’? [-Wimplicit-function-declaration]
  214 |         func_8001D3F4(pSprite);
      |         ^~~~~~~~~~~~~
      |         func_8001D2B0
src/slus_006.64/system/temp1.c:217:5: warning: implicit declaration of function ‘TimerWorkListRemoveTask’ [-Wimplicit-function-declaration]
  217 |     TimerWorkListRemoveTask(pWorkData);
      |     ^~~~~~~~~~~~~~~~~~~~~~~
src/slus_006.64/system/temp1.c:218:5: warning: implicit declaration of function ‘WorkListRemoveTask’ [-Wimplicit-function-declaration]
  218 |     WorkListRemoveTask(pWorkData + 0x1C);
      |     ^~~~~~~~~~~~~~~~~~
src/slus_006.64/system/temp1.c: In function ‘func_80022FC4’:
src/slus_006.64/system/temp1.c:224:24: warning: cast to pointer from integer of different size [-Wint-to-pointer-cast]
  224 |     void* pExisting = *(void**)(pSub + 0x2C);
      |                        ^
src/slus_006.64/system/temp1.c:231:10: warning: cast to pointer from integer of different size [-Wint-to-pointer-cast]
  231 |         *(void**)(pSub2 + 0x2C) = pNew;
      |          ^
src/slus_006.64/system/temp1.c:232:10: warning: cast to pointer from integer of different size [-Wint-to-pointer-cast]
  232 |         *(void**)(pSub2 + 0x30) = pNew;
      |          ^
src/slus_006.64/system/temp1.c: In function ‘func_800231E0’:
src/slus_006.64/system/temp1.c:302:10: warning: cast from pointer to integer of different size [-Wpointer-to-int-cast]
  302 |     p += (s32)a0;
      |          ^
src/slus_006.64/system/temp1.c:303:13: warning: cast to pointer from integer of different size [-Wint-to-pointer-cast]
  303 |     return *(s32*)p;
      |             ^
src/slus_006.64/system/temp1.c: In function ‘func_800231F8’:
src/slus_006.64/system/temp1.c:308:10: warning: cast from pointer to integer of different size [-Wpointer-to-int-cast]
  308 |     p += (s32)a0;
      |          ^
src/slus_006.64/system/temp1.c:309:13: warning: cast to pointer from integer of different size [-Wint-to-pointer-cast]
  309 |     return *(s32*)(p + 4) + 1;
      |             ^
src/slus_006.64/system/temp1.c: In function ‘func_80023290’:
src/slus_006.64/system/temp1.c:352:13: warning: implicit declaration of function ‘func_8001F6B0’; did you mean ‘func_8001D2B0’? [-Wimplicit-function-declaration]
  352 |             func_8001F6B0(pSprite);
      |             ^~~~~~~~~~~~~
      |             func_8001D2B0
src/slus_006.64/system/temp1.c: In function ‘func_80023538’:
src/slus_006.64/system/temp1.c:498:17: warning: implicit declaration of function ‘SpriteSetScale’ [-Wimplicit-function-declaration]
  498 |                 SpriteSetScale((SpriteData*)pData, D_800591A8);
      |                 ^~~~~~~~~~~~~~
src/slus_006.64/system/temp1.c: In function ‘func_800239F4’:
src/slus_006.64/system/temp1.c:615:12: warning: cast from pointer to integer of different size [-Wpointer-to-int-cast]
  615 |     pSub = (u32)(pSprite + 0xB4);
      |            ^
src/slus_006.64/system/temp1.c:617:19: warning: cast to pointer from integer of different size [-Wint-to-pointer-cast]
  617 |     func_8002393C((void*)pSub);
      |                   ^
src/slus_006.64/system/temp1.c:619:6: warning: cast to pointer from integer of different size [-Wint-to-pointer-cast]
  619 |     *(u32*)(pSub + 0x30) = (u32)(pSprite + 0xF4);
      |      ^
src/slus_006.64/system/temp1.c:619:28: warning: cast from pointer to integer of different size [-Wpointer-to-int-cast]
  619 |     *(u32*)(pSub + 0x30) = (u32)(pSprite + 0xF4);
      |                            ^
src/slus_006.64/system/temp1.c:620:6: warning: cast to pointer from integer of different size [-Wint-to-pointer-cast]
  620 |     *(u32*)(pSub + 0x34) = 0;
      |      ^
src/slus_006.64/system/temp1.c:621:6: warning: cast to pointer from integer of different size [-Wint-to-pointer-cast]
  621 |     *(u32*)(pSub + 0x38) = 0;
      |      ^
src/slus_006.64/system/temp1.c: In function ‘func_80023A48’:
src/slus_006.64/system/temp1.c:637:23: warning: implicit declaration of function ‘func_800233A4’; did you mean ‘func_80023A48’? [-Wimplicit-function-declaration]
  637 |             pResult = func_800233A4(pAnimData, extraSize);
      |                       ^~~~~~~~~~~~~
      |                       func_80023A48
src/slus_006.64/system/temp1.c:637:21: warning: assignment to ‘u8 *’ {aka ‘unsigned char *’} from ‘int’ makes pointer from integer without a cast [-Wint-conversion]
  637 |             pResult = func_800233A4(pAnimData, extraSize);
      |                     ^
src/slus_006.64/system/temp1.c:651:21: warning: assignment to ‘u8 *’ {aka ‘unsigned char *’} from ‘int’ makes pointer from integer without a cast [-Wint-conversion]
  651 |             pResult = func_800233A4(pAnimData, allocSize + extraSize);
      |                     ^
src/slus_006.64/system/temp1.c:657:21: warning: assignment to ‘u8 *’ {aka ‘unsigned char *’} from ‘int’ makes pointer from integer without a cast [-Wint-conversion]
  657 |             pResult = func_800233A4(pAnimData, 0x54 + extraSize);
      |                     ^
src/slus_006.64/system/temp1.c:667:32: warning: cast from pointer to integer of different size [-Wpointer-to-int-cast]
  667 |         *(u32*)(pSub + 0x6C) = (u32)pResult;
      |                                ^
src/slus_006.64/system/temp1.c:669:32: warning: cast from pointer to integer of different size [-Wpointer-to-int-cast]
  669 |         *(u32*)(pSub + 0x24) = (u32)pSource;
      |                                ^
src/slus_006.64/system/temp1.c: In function ‘func_80024F20’:
src/slus_006.64/system/temp1.c:1403:5: warning: implicit declaration of function ‘WorkListsReset’ [-Wimplicit-function-declaration]
 1403 |     WorkListsReset();
      |     ^~~~~~~~~~~~~~
src/slus_006.64/system/temp1.c:1404:5: warning: implicit declaration of function ‘func_8001D298’; did you mean ‘func_8001D2B0’? [-Wimplicit-function-declaration]
 1404 |     func_8001D298();
      |     ^~~~~~~~~~~~~
      |     func_8001D2B0
src/slus_006.64/system/temp1.c: At top level:
src/slus_006.64/system/temp1.c:1415:13: warning: conflicting types for ‘func_8001D298’; have ‘void(void)’
 1415 | extern void func_8001D298(void);
      |             ^~~~~~~~~~~~~
src/slus_006.64/system/temp1.c:1404:5: note: previous implicit declaration of ‘func_8001D298’ with type ‘void(void)’
 1404 |     func_8001D298();
      |     ^~~~~~~~~~~~~
src/slus_006.64/system/temp1.c: In function ‘func_80025258’:
src/slus_006.64/system/temp1.c:1757:37: warning: passing argument 2 of ‘RotTransPers’ from incompatible pointer type [-Wincompatible-pointer-types]
 1757 |     depth = (s32)RotTransPers(&pos, &pxy, &pxy, &flg) >> (D_80050100 & 31);
      |                                     ^~~~
      |                                     |
      |                                     long int *
In file included from pc_port/include_shim/psyq/libgte.h:4,
                 from include/field/actor.h:4,
                 from src/slus_006.64/system/temp1.c:28:
pc_port/extern/PsyCross/include/psx/libgte.h:51:43: note: expected ‘int *’ but argument is of type ‘long int *’
   51 | extern int RotTransPers(SVECTOR* v0, int* sxy, long* p, long* flag);
      |                                      ~~~~~^~~
src/slus_006.64/system/temp1.c:1767:9: warning: implicit declaration of function ‘func_80022038’; did you mean ‘func_80023538’? [-Wimplicit-function-declaration]
 1767 |         func_80022038(pSprite);
      |         ^~~~~~~~~~~~~
      |         func_80023538
src/slus_006.64/system/temp1.c: In function ‘func_80025718’:
src/slus_006.64/system/temp1.c:1945:35: warning: passing argument 2 of ‘TransMatrix’ from incompatible pointer type [-Wincompatible-pointer-types]
 1945 |     TransMatrix((MATRIX*)pMatrix, &trans);
      |                                   ^~~~~~
      |                                   |
      |                                   SVECTOR *
pc_port/extern/PsyCross/include/psx/libgte.h:72:47: note: expected ‘VECTOR *’ but argument is of type ‘SVECTOR *’
   72 | extern MATRIX* TransMatrix(MATRIX* m, VECTOR* v);
      |                                       ~~~~~~~~^
src/slus_006.64/system/temp1.c: In function ‘func_800273C4’:
src/slus_006.64/system/temp1.c:2686:5: warning: implicit declaration of function ‘VectorNormalS’; did you mean ‘VectorNormalSS’? [-Wimplicit-function-declaration]
 2686 |     VectorNormalS(&dir, &dirN);
      |     ^~~~~~~~~~~~~
      |     VectorNormalSS
src/slus_006.64/system/temp1.c:2696:23: warning: passing argument 2 of ‘RotTransPers’ from incompatible pointer type [-Wincompatible-pointer-types]
 2696 |     RotTransPers(&pt, &sxy, &p, &flag);
      |                       ^~~~
      |                       |
      |                       long int *
pc_port/extern/PsyCross/include/psx/libgte.h:51:43: note: expected ‘int *’ but argument is of type ‘long int *’
   51 | extern int RotTransPers(SVECTOR* v0, int* sxy, long* p, long* flag);
      |                                      ~~~~~^~~
src/slus_006.64/system/temp1.c:2771:23: warning: passing argument 2 of ‘RotTransPers’ from incompatible pointer type [-Wincompatible-pointer-types]
 2771 |     RotTransPers(&pt, &sxy, &p, &flag);
      |                       ^~~~
      |                       |
      |                       long int *
pc_port/extern/PsyCross/include/psx/libgte.h:51:43: note: expected ‘int *’ but argument is of type ‘long int *’
   51 | extern int RotTransPers(SVECTOR* v0, int* sxy, long* p, long* flag);
      |                                      ~~~~~^~~
SPRITE93 PASS cases=94208 actual allocator and direction initializer; frame boundary
SPRITE 93 O0/O2/UBSAN PASS
In file included from pc_port/build_native/sprite_dispatch_93_retail_test/mode-gate.c:3:
include/system/memory.h:10:14: warning: conflicting types for built-in function ‘strlen’; expected ‘long unsigned int(const char *)’ [-Wbuiltin-declaration-mismatch]
   10 | extern u_int strlen(char* pString);
      |              ^~~~~~
include/system/memory.h:5:1: note: ‘strlen’ is declared in header ‘<string.h>’
    4 | #include "main/main.h"
  +++ |+#include <string.h>
    5 | 
pc_port/build_native/sprite_dispatch_93_retail_test/mode-gate.c: In function ‘AnimationSoundBankSelector’:
pc_port/build_native/sprite_dispatch_93_retail_test/mode-gate.c:136:5: warning: implicit declaration of function ‘memcpy’ [-Wimplicit-function-declaration]
  136 |     memcpy(&bank, PSX_ADDR(0x8005919C), sizeof(bank));
      |     ^~~~~~
pc_port/build_native/sprite_dispatch_93_retail_test/mode-gate.c:134:1: note: include ‘<string.h>’ or provide a declaration of ‘memcpy’
  133 | #include "../../../pc_port/src/psx_memory.h"
  +++ |+#include <string.h>
  134 | static u32 AnimationSoundBankSelector(void) {
pc_port/build_native/sprite_dispatch_93_retail_test/mode-gate.c:136:5: warning: incompatible implicit declaration of built-in function ‘memcpy’ [-Wbuiltin-declaration-mismatch]
  136 |     memcpy(&bank, PSX_ADDR(0x8005919C), sizeof(bank));
      |     ^~~~~~
pc_port/build_native/sprite_dispatch_93_retail_test/mode-gate.c:136:5: note: include ‘<string.h>’ or provide a declaration of ‘memcpy’
pc_port/build_native/sprite_dispatch_93_retail_test/mode-gate.c: In function ‘func_8001FBE4’:
pc_port/build_native/sprite_dispatch_93_retail_test/mode-gate.c:563:13: warning: implicit declaration of function ‘func_8001F6B0’; did you mean ‘func_8001FB30’? [-Wimplicit-function-declaration]
  563 |             func_8001F6B0(p);
      |             ^~~~~~~~~~~~~
      |             func_8001FB30
pc_port/build_native/sprite_dispatch_93_retail_test/mode-gate.c:1360:9: warning: incompatible implicit declaration of built-in function ‘memcpy’ [-Wbuiltin-declaration-mismatch]
 1360 |         memcpy((void*)(uintptr_t)*(u32*)(pBase + 0x30),
      |         ^~~~~~
pc_port/build_native/sprite_dispatch_93_retail_test/mode-gate.c:1360:9: note: include ‘<string.h>’ or provide a declaration of ‘memcpy’
pc_port/build_native/sprite_dispatch_93_retail_test/mode-gate.c: In function ‘func_80022038’:
pc_port/build_native/sprite_dispatch_93_retail_test/mode-gate.c:1723:9: warning: implicit declaration of function ‘SpriteComputeTransformMatrix’ [-Wimplicit-function-declaration]
 1723 |         SpriteComputeTransformMatrix(pSpriteData);
      |         ^~~~~~~~~~~~~~~~~~~~~~~~~~~~
pc_port/build_native/sprite_dispatch_93_retail_test/mode-gate.c: At top level:
pc_port/build_native/sprite_dispatch_93_retail_test/mode-gate.c:1730:6: warning: conflicting types for ‘SpriteComputeTransformMatrix’; have ‘void(SpriteData *)’
 1730 | void SpriteComputeTransformMatrix(SpriteData* pSpriteData) {
      |      ^~~~~~~~~~~~~~~~~~~~~~~~~~~~
pc_port/build_native/sprite_dispatch_93_retail_test/mode-gate.c:1723:9: note: previous implicit declaration of ‘SpriteComputeTransformMatrix’ with type ‘void(SpriteData *)’
 1723 |         SpriteComputeTransformMatrix(pSpriteData);
      |         ^~~~~~~~~~~~~~~~~~~~~~~~~~~~
pc_port/build_native/sprite_dispatch_93_retail_test/mode-gate.c: In function ‘SpriteComputeTransformMatrix’:
pc_port/build_native/sprite_dispatch_93_retail_test/mode-gate.c:1743:9: warning: implicit declaration of function ‘ScaleMatrixL’; did you mean ‘ScaleMatrix’? [-Wimplicit-function-declaration]
 1743 |         ScaleMatrixL((MATRIX*)(pBase + 0xC), &scale);
      |         ^~~~~~~~~~~~
      |         ScaleMatrix
SPRITE93 MUTANT REJECTED mode-gate
In file included from pc_port/build_native/sprite_dispatch_93_retail_test/type-bits.c:3:
include/system/memory.h:10:14: warning: conflicting types for built-in function ‘strlen’; expected ‘long unsigned int(const char *)’ [-Wbuiltin-declaration-mismatch]
   10 | extern u_int strlen(char* pString);
      |              ^~~~~~
include/system/memory.h:5:1: note: ‘strlen’ is declared in header ‘<string.h>’
    4 | #include "main/main.h"
  +++ |+#include <string.h>
    5 | 
pc_port/build_native/sprite_dispatch_93_retail_test/type-bits.c: In function ‘AnimationSoundBankSelector’:
pc_port/build_native/sprite_dispatch_93_retail_test/type-bits.c:136:5: warning: implicit declaration of function ‘memcpy’ [-Wimplicit-function-declaration]
  136 |     memcpy(&bank, PSX_ADDR(0x8005919C), sizeof(bank));
      |     ^~~~~~
pc_port/build_native/sprite_dispatch_93_retail_test/type-bits.c:134:1: note: include ‘<string.h>’ or provide a declaration of ‘memcpy’
  133 | #include "../../../pc_port/src/psx_memory.h"
  +++ |+#include <string.h>
  134 | static u32 AnimationSoundBankSelector(void) {
pc_port/build_native/sprite_dispatch_93_retail_test/type-bits.c:136:5: warning: incompatible implicit declaration of built-in function ‘memcpy’ [-Wbuiltin-declaration-mismatch]
  136 |     memcpy(&bank, PSX_ADDR(0x8005919C), sizeof(bank));
      |     ^~~~~~
pc_port/build_native/sprite_dispatch_93_retail_test/type-bits.c:136:5: note: include ‘<string.h>’ or provide a declaration of ‘memcpy’
pc_port/build_native/sprite_dispatch_93_retail_test/type-bits.c: In function ‘func_8001FBE4’:
pc_port/build_native/sprite_dispatch_93_retail_test/type-bits.c:563:13: warning: implicit declaration of function ‘func_8001F6B0’; did you mean ‘func_8001FB30’? [-Wimplicit-function-declaration]
  563 |             func_8001F6B0(p);
      |             ^~~~~~~~~~~~~
      |             func_8001FB30
pc_port/build_native/sprite_dispatch_93_retail_test/type-bits.c:1360:9: warning: incompatible implicit declaration of built-in function ‘memcpy’ [-Wbuiltin-declaration-mismatch]
 1360 |         memcpy((void*)(uintptr_t)*(u32*)(pBase + 0x30),
      |         ^~~~~~
pc_port/build_native/sprite_dispatch_93_retail_test/type-bits.c:1360:9: note: include ‘<string.h>’ or provide a declaration of ‘memcpy’
pc_port/build_native/sprite_dispatch_93_retail_test/type-bits.c: In function ‘func_80022038’:
pc_port/build_native/sprite_dispatch_93_retail_test/type-bits.c:1723:9: warning: implicit declaration of function ‘SpriteComputeTransformMatrix’ [-Wimplicit-function-declaration]
 1723 |         SpriteComputeTransformMatrix(pSpriteData);
      |         ^~~~~~~~~~~~~~~~~~~~~~~~~~~~
pc_port/build_native/sprite_dispatch_93_retail_test/type-bits.c: At top level:
pc_port/build_native/sprite_dispatch_93_retail_test/type-bits.c:1730:6: warning: conflicting types for ‘SpriteComputeTransformMatrix’; have ‘void(SpriteData *)’
 1730 | void SpriteComputeTransformMatrix(SpriteData* pSpriteData) {
      |      ^~~~~~~~~~~~~~~~~~~~~~~~~~~~
pc_port/build_native/sprite_dispatch_93_retail_test/type-bits.c:1723:9: note: previous implicit declaration of ‘SpriteComputeTransformMatrix’ with type ‘void(SpriteData *)’
 1723 |         SpriteComputeTransformMatrix(pSpriteData);
      |         ^~~~~~~~~~~~~~~~~~~~~~~~~~~~
pc_port/build_native/sprite_dispatch_93_retail_test/type-bits.c: In function ‘SpriteComputeTransformMatrix’:
pc_port/build_native/sprite_dispatch_93_retail_test/type-bits.c:1743:9: warning: implicit declaration of function ‘ScaleMatrixL’; did you mean ‘ScaleMatrix’? [-Wimplicit-function-declaration]
 1743 |         ScaleMatrixL((MATRIX*)(pBase + 0xC), &scale);
      |         ^~~~~~~~~~~~
      |         ScaleMatrix
SPRITE93 MUTANT REJECTED type-bits
In file included from pc_port/build_native/sprite_dispatch_93_retail_test/copy-count.c:3:
include/system/memory.h:10:14: warning: conflicting types for built-in function ‘strlen’; expected ‘long unsigned int(const char *)’ [-Wbuiltin-declaration-mismatch]
   10 | extern u_int strlen(char* pString);
      |              ^~~~~~
include/system/memory.h:5:1: note: ‘strlen’ is declared in header ‘<string.h>’
    4 | #include "main/main.h"
  +++ |+#include <string.h>
    5 | 
pc_port/build_native/sprite_dispatch_93_retail_test/copy-count.c: In function ‘AnimationSoundBankSelector’:
pc_port/build_native/sprite_dispatch_93_retail_test/copy-count.c:136:5: warning: implicit declaration of function ‘memcpy’ [-Wimplicit-function-declaration]
  136 |     memcpy(&bank, PSX_ADDR(0x8005919C), sizeof(bank));
      |     ^~~~~~
pc_port/build_native/sprite_dispatch_93_retail_test/copy-count.c:134:1: note: include ‘<string.h>’ or provide a declaration of ‘memcpy’
  133 | #include "../../../pc_port/src/psx_memory.h"
  +++ |+#include <string.h>
  134 | static u32 AnimationSoundBankSelector(void) {
pc_port/build_native/sprite_dispatch_93_retail_test/copy-count.c:136:5: warning: incompatible implicit declaration of built-in function ‘memcpy’ [-Wbuiltin-declaration-mismatch]
  136 |     memcpy(&bank, PSX_ADDR(0x8005919C), sizeof(bank));
      |     ^~~~~~
pc_port/build_native/sprite_dispatch_93_retail_test/copy-count.c:136:5: note: include ‘<string.h>’ or provide a declaration of ‘memcpy’
pc_port/build_native/sprite_dispatch_93_retail_test/copy-count.c: In function ‘func_8001FBE4’:
pc_port/build_native/sprite_dispatch_93_retail_test/copy-count.c:563:13: warning: implicit declaration of function ‘func_8001F6B0’; did you mean ‘func_8001FB30’? [-Wimplicit-function-declaration]
  563 |             func_8001F6B0(p);
      |             ^~~~~~~~~~~~~
      |             func_8001FB30
pc_port/build_native/sprite_dispatch_93_retail_test/copy-count.c:1360:9: warning: incompatible implicit declaration of built-in function ‘memcpy’ [-Wbuiltin-declaration-mismatch]
 1360 |         memcpy((void*)(uintptr_t)*(u32*)(pBase + 0x30),
      |         ^~~~~~
pc_port/build_native/sprite_dispatch_93_retail_test/copy-count.c:1360:9: note: include ‘<string.h>’ or provide a declaration of ‘memcpy’
pc_port/build_native/sprite_dispatch_93_retail_test/copy-count.c: In function ‘func_80022038’:
pc_port/build_native/sprite_dispatch_93_retail_test/copy-count.c:1723:9: warning: implicit declaration of function ‘SpriteComputeTransformMatrix’ [-Wimplicit-function-declaration]
 1723 |         SpriteComputeTransformMatrix(pSpriteData);
      |         ^~~~~~~~~~~~~~~~~~~~~~~~~~~~
pc_port/build_native/sprite_dispatch_93_retail_test/copy-count.c: At top level:
pc_port/build_native/sprite_dispatch_93_retail_test/copy-count.c:1730:6: warning: conflicting types for ‘SpriteComputeTransformMatrix’; have ‘void(SpriteData *)’
 1730 | void SpriteComputeTransformMatrix(SpriteData* pSpriteData) {
      |      ^~~~~~~~~~~~~~~~~~~~~~~~~~~~
pc_port/build_native/sprite_dispatch_93_retail_test/copy-count.c:1723:9: note: previous implicit declaration of ‘SpriteComputeTransformMatrix’ with type ‘void(SpriteData *)’
 1723 |         SpriteComputeTransformMatrix(pSpriteData);
      |         ^~~~~~~~~~~~~~~~~~~~~~~~~~~~
pc_port/build_native/sprite_dispatch_93_retail_test/copy-count.c: In function ‘SpriteComputeTransformMatrix’:
pc_port/build_native/sprite_dispatch_93_retail_test/copy-count.c:1743:9: warning: implicit declaration of function ‘ScaleMatrixL’; did you mean ‘ScaleMatrix’? [-Wimplicit-function-declaration]
 1743 |         ScaleMatrixL((MATRIX*)(pBase + 0xC), &scale);
      |         ^~~~~~~~~~~~
      |         ScaleMatrix
SPRITE93 MUTANT REJECTED copy-count
In file included from pc_port/build_native/sprite_dispatch_93_retail_test/signed-frame.c:3:
include/system/memory.h:10:14: warning: conflicting types for built-in function ‘strlen’; expected ‘long unsigned int(const char *)’ [-Wbuiltin-declaration-mismatch]
   10 | extern u_int strlen(char* pString);
      |              ^~~~~~
include/system/memory.h:5:1: note: ‘strlen’ is declared in header ‘<string.h>’
    4 | #include "main/main.h"
  +++ |+#include <string.h>
    5 | 
pc_port/build_native/sprite_dispatch_93_retail_test/signed-frame.c: In function ‘AnimationSoundBankSelector’:
pc_port/build_native/sprite_dispatch_93_retail_test/signed-frame.c:136:5: warning: implicit declaration of function ‘memcpy’ [-Wimplicit-function-declaration]
  136 |     memcpy(&bank, PSX_ADDR(0x8005919C), sizeof(bank));
      |     ^~~~~~
pc_port/build_native/sprite_dispatch_93_retail_test/signed-frame.c:134:1: note: include ‘<string.h>’ or provide a declaration of ‘memcpy’
  133 | #include "../../../pc_port/src/psx_memory.h"
  +++ |+#include <string.h>
  134 | static u32 AnimationSoundBankSelector(void) {
pc_port/build_native/sprite_dispatch_93_retail_test/signed-frame.c:136:5: warning: incompatible implicit declaration of built-in function ‘memcpy’ [-Wbuiltin-declaration-mismatch]
  136 |     memcpy(&bank, PSX_ADDR(0x8005919C), sizeof(bank));
      |     ^~~~~~
pc_port/build_native/sprite_dispatch_93_retail_test/signed-frame.c:136:5: note: include ‘<string.h>’ or provide a declaration of ‘memcpy’
pc_port/build_native/sprite_dispatch_93_retail_test/signed-frame.c: In function ‘func_8001FBE4’:
pc_port/build_native/sprite_dispatch_93_retail_test/signed-frame.c:563:13: warning: implicit declaration of function ‘func_8001F6B0’; did you mean ‘func_8001FB30’? [-Wimplicit-function-declaration]
  563 |             func_8001F6B0(p);
      |             ^~~~~~~~~~~~~
      |             func_8001FB30
pc_port/build_native/sprite_dispatch_93_retail_test/signed-frame.c:1360:9: warning: incompatible implicit declaration of built-in function ‘memcpy’ [-Wbuiltin-declaration-mismatch]
 1360 |         memcpy((void*)(uintptr_t)*(u32*)(pBase + 0x30),
      |         ^~~~~~
pc_port/build_native/sprite_dispatch_93_retail_test/signed-frame.c:1360:9: note: include ‘<string.h>’ or provide a declaration of ‘memcpy’
pc_port/build_native/sprite_dispatch_93_retail_test/signed-frame.c: In function ‘func_80022038’:
pc_port/build_native/sprite_dispatch_93_retail_test/signed-frame.c:1723:9: warning: implicit declaration of function ‘SpriteComputeTransformMatrix’ [-Wimplicit-function-declaration]
 1723 |         SpriteComputeTransformMatrix(pSpriteData);
      |         ^~~~~~~~~~~~~~~~~~~~~~~~~~~~
pc_port/build_native/sprite_dispatch_93_retail_test/signed-frame.c: At top level:
pc_port/build_native/sprite_dispatch_93_retail_test/signed-frame.c:1730:6: warning: conflicting types for ‘SpriteComputeTransformMatrix’; have ‘void(SpriteData *)’
 1730 | void SpriteComputeTransformMatrix(SpriteData* pSpriteData) {
      |      ^~~~~~~~~~~~~~~~~~~~~~~~~~~~
pc_port/build_native/sprite_dispatch_93_retail_test/signed-frame.c:1723:9: note: previous implicit declaration of ‘SpriteComputeTransformMatrix’ with type ‘void(SpriteData *)’
 1723 |         SpriteComputeTransformMatrix(pSpriteData);
      |         ^~~~~~~~~~~~~~~~~~~~~~~~~~~~
pc_port/build_native/sprite_dispatch_93_retail_test/signed-frame.c: In function ‘SpriteComputeTransformMatrix’:
pc_port/build_native/sprite_dispatch_93_retail_test/signed-frame.c:1743:9: warning: implicit declaration of function ‘ScaleMatrixL’; did you mean ‘ScaleMatrix’? [-Wimplicit-function-declaration]
 1743 |         ScaleMatrixL((MATRIX*)(pBase + 0xC), &scale);
      |         ^~~~~~~~~~~~
      |         ScaleMatrix
SPRITE93 MUTANT REJECTED signed-frame
In file included from pc_port/build_native/sprite_dispatch_93_retail_test/heap-size.c:4:
include/system/memory.h:10:14: warning: conflicting types for built-in function ‘strlen’; expected ‘long unsigned int(const char *)’ [-Wbuiltin-declaration-mismatch]
   10 | extern u_int strlen(char* pString);
      |              ^~~~~~
include/system/memory.h:5:1: note: ‘strlen’ is declared in header ‘<string.h>’
    4 | #include "main/main.h"
  +++ |+#include <string.h>
    5 | 
pc_port/build_native/sprite_dispatch_93_retail_test/heap-size.c: In function ‘func_8001E298’:
pc_port/build_native/sprite_dispatch_93_retail_test/heap-size.c:570:5: warning: implicit declaration of function ‘func_8001E3D8’; did you mean ‘func_8001E298’? [-Wimplicit-function-declaration]
  570 |     func_8001E3D8(pData, ot);
      |     ^~~~~~~~~~~~~
      |     func_8001E298
pc_port/build_native/sprite_dispatch_93_retail_test/heap-size.c: At top level:
pc_port/build_native/sprite_dispatch_93_retail_test/heap-size.c:603:6: warning: conflicting types for ‘func_8001E3D8’; have ‘void(void *, void *)’
  603 | void func_8001E3D8(void* pSpriteData, void* ot) {
      |      ^~~~~~~~~~~~~
pc_port/build_native/sprite_dispatch_93_retail_test/heap-size.c:570:5: note: previous implicit declaration of ‘func_8001E3D8’ with type ‘void(void *, void *)’
  570 |     func_8001E3D8(pData, ot);
      |     ^~~~~~~~~~~~~
pc_port/build_native/sprite_dispatch_93_retail_test/heap-size.c: In function ‘func_8001E3D8’:
pc_port/build_native/sprite_dispatch_93_retail_test/heap-size.c:717:21: warning: implicit declaration of function ‘SetMulMatrix’; did you mean ‘MulMatrix’? [-Wimplicit-function-declaration]
  717 |                     SetMulMatrix((MATRIX*)(pBase + 0x0C), &matrix);
      |                     ^~~~~~~~~~~~
      |                     MulMatrix
pc_port/build_native/sprite_dispatch_93_retail_test/heap-size.c: In function ‘func_8001FB30’:
pc_port/build_native/sprite_dispatch_93_retail_test/heap-size.c:1340:5: warning: implicit declaration of function ‘func_8002DDE4’; did you mean ‘func_8001DAE8’? [-Wimplicit-function-declaration]
 1340 |     func_8002DDE4(D_800592E4, 1, D_800592E8, D_800592EA, 0, 0, 0);
      |     ^~~~~~~~~~~~~
      |     func_8001DAE8
SPRITE93 MUTANT REJECTED heap-size
In file included from pc_port/build_native/sprite_dispatch_93_retail_test/model-reload.c:4:
include/system/memory.h:10:14: warning: conflicting types for built-in function ‘strlen’; expected ‘long unsigned int(const char *)’ [-Wbuiltin-declaration-mismatch]
   10 | extern u_int strlen(char* pString);
      |              ^~~~~~
include/system/memory.h:5:1: note: ‘strlen’ is declared in header ‘<string.h>’
    4 | #include "main/main.h"
  +++ |+#include <string.h>
    5 | 
pc_port/build_native/sprite_dispatch_93_retail_test/model-reload.c: In function ‘func_8001E298’:
pc_port/build_native/sprite_dispatch_93_retail_test/model-reload.c:569:5: warning: implicit declaration of function ‘func_8001E3D8’; did you mean ‘func_8001E298’? [-Wimplicit-function-declaration]
  569 |     func_8001E3D8(pData, ot);
      |     ^~~~~~~~~~~~~
      |     func_8001E298
pc_port/build_native/sprite_dispatch_93_retail_test/model-reload.c: At top level:
pc_port/build_native/sprite_dispatch_93_retail_test/model-reload.c:602:6: warning: conflicting types for ‘func_8001E3D8’; have ‘void(void *, void *)’
  602 | void func_8001E3D8(void* pSpriteData, void* ot) {
      |      ^~~~~~~~~~~~~
pc_port/build_native/sprite_dispatch_93_retail_test/model-reload.c:569:5: note: previous implicit declaration of ‘func_8001E3D8’ with type ‘void(void *, void *)’
  569 |     func_8001E3D8(pData, ot);
      |     ^~~~~~~~~~~~~
pc_port/build_native/sprite_dispatch_93_retail_test/model-reload.c: In function ‘func_8001E3D8’:
pc_port/build_native/sprite_dispatch_93_retail_test/model-reload.c:716:21: warning: implicit declaration of function ‘SetMulMatrix’; did you mean ‘MulMatrix’? [-Wimplicit-function-declaration]
  716 |                     SetMulMatrix((MATRIX*)(pBase + 0x0C), &matrix);
      |                     ^~~~~~~~~~~~
      |                     MulMatrix
pc_port/build_native/sprite_dispatch_93_retail_test/model-reload.c: In function ‘func_8001FB30’:
pc_port/build_native/sprite_dispatch_93_retail_test/model-reload.c:1339:5: warning: implicit declaration of function ‘func_8002DDE4’; did you mean ‘func_8001DAE8’? [-Wimplicit-function-declaration]
 1339 |     func_8002DDE4(D_800592E4, 1, D_800592E8, D_800592EA, 0, 0, 0);
      |     ^~~~~~~~~~~~~
      |     func_8001DAE8
SPRITE93 MUTANT REJECTED model-reload
