In file included from src/slus_006.64/system/animation_scripts.c:3:
include/system/memory.h:10:14: warning: conflicting types for built-in function ‘strlen’; expected ‘long unsigned int(const char *)’ [-Wbuiltin-declaration-mismatch]
   10 | extern u_int strlen(char* pString);
      |              ^~~~~~
include/system/memory.h:5:1: note: ‘strlen’ is declared in header ‘<string.h>’
    4 | #include "main/main.h"
  +++ |+#include <string.h>
    5 | 
src/slus_006.64/system/animation_scripts.c: In function ‘AnimationSoundBankSelector’:
src/slus_006.64/system/animation_scripts.c:136:5: warning: implicit declaration of function ‘memcpy’ [-Wimplicit-function-declaration]
  136 |     memcpy(&bank, PSX_ADDR(0x8005919C), sizeof(bank));
      |     ^~~~~~
src/slus_006.64/system/animation_scripts.c:134:1: note: include ‘<string.h>’ or provide a declaration of ‘memcpy’
  133 | #include "../../../pc_port/src/psx_memory.h"
  +++ |+#include <string.h>
  134 | static u32 AnimationSoundBankSelector(void) {
src/slus_006.64/system/animation_scripts.c:136:5: warning: incompatible implicit declaration of built-in function ‘memcpy’ [-Wbuiltin-declaration-mismatch]
  136 |     memcpy(&bank, PSX_ADDR(0x8005919C), sizeof(bank));
      |     ^~~~~~
src/slus_006.64/system/animation_scripts.c:136:5: note: include ‘<string.h>’ or provide a declaration of ‘memcpy’
src/slus_006.64/system/animation_scripts.c: In function ‘func_8001FBE4’:
src/slus_006.64/system/animation_scripts.c:516:13: warning: implicit declaration of function ‘func_8001F6B0’; did you mean ‘func_8001FB30’? [-Wimplicit-function-declaration]
  516 |             func_8001F6B0(p);
      |             ^~~~~~~~~~~~~
      |             func_8001FB30
src/slus_006.64/system/animation_scripts.c:1313:9: warning: incompatible implicit declaration of built-in function ‘memcpy’ [-Wbuiltin-declaration-mismatch]
 1313 |         memcpy((void*)(uintptr_t)*(u32*)(pBase + 0x30),
      |         ^~~~~~
src/slus_006.64/system/animation_scripts.c:1313:9: note: include ‘<string.h>’ or provide a declaration of ‘memcpy’
src/slus_006.64/system/animation_scripts.c: In function ‘func_80022038’:
src/slus_006.64/system/animation_scripts.c:1676:9: warning: implicit declaration of function ‘SpriteComputeTransformMatrix’ [-Wimplicit-function-declaration]
 1676 |         SpriteComputeTransformMatrix(pSpriteData);
      |         ^~~~~~~~~~~~~~~~~~~~~~~~~~~~
src/slus_006.64/system/animation_scripts.c: At top level:
src/slus_006.64/system/animation_scripts.c:1683:6: warning: conflicting types for ‘SpriteComputeTransformMatrix’; have ‘void(SpriteData *)’
 1683 | void SpriteComputeTransformMatrix(SpriteData* pSpriteData) {
      |      ^~~~~~~~~~~~~~~~~~~~~~~~~~~~
src/slus_006.64/system/animation_scripts.c:1676:9: note: previous implicit declaration of ‘SpriteComputeTransformMatrix’ with type ‘void(SpriteData *)’
 1676 |         SpriteComputeTransformMatrix(pSpriteData);
      |         ^~~~~~~~~~~~~~~~~~~~~~~~~~~~
src/slus_006.64/system/animation_scripts.c: In function ‘SpriteComputeTransformMatrix’:
src/slus_006.64/system/animation_scripts.c:1696:9: warning: implicit declaration of function ‘ScaleMatrixL’; did you mean ‘ScaleMatrix’? [-Wimplicit-function-declaration]
 1696 |         ScaleMatrixL((MATRIX*)(pBase + 0xC), &scale);
      |         ^~~~~~~~~~~~
      |         ScaleMatrix
SPRITE BD PASS cases=262656 child-helper boundary only
In file included from src/slus_006.64/system/animation_scripts.c:3:
include/system/memory.h:10:14: warning: conflicting types for built-in function ‘strlen’; expected ‘long unsigned int(const char *)’ [-Wbuiltin-declaration-mismatch]
   10 | extern u_int strlen(char* pString);
      |              ^~~~~~
include/system/memory.h:5:1: note: ‘strlen’ is declared in header ‘<string.h>’
    4 | #include "main/main.h"
  +++ |+#include <string.h>
    5 | 
src/slus_006.64/system/animation_scripts.c: In function ‘AnimationSoundBankSelector’:
src/slus_006.64/system/animation_scripts.c:136:5: warning: implicit declaration of function ‘memcpy’ [-Wimplicit-function-declaration]
  136 |     memcpy(&bank, PSX_ADDR(0x8005919C), sizeof(bank));
      |     ^~~~~~
src/slus_006.64/system/animation_scripts.c:134:1: note: include ‘<string.h>’ or provide a declaration of ‘memcpy’
  133 | #include "../../../pc_port/src/psx_memory.h"
  +++ |+#include <string.h>
  134 | static u32 AnimationSoundBankSelector(void) {
src/slus_006.64/system/animation_scripts.c:136:5: warning: incompatible implicit declaration of built-in function ‘memcpy’ [-Wbuiltin-declaration-mismatch]
  136 |     memcpy(&bank, PSX_ADDR(0x8005919C), sizeof(bank));
      |     ^~~~~~
src/slus_006.64/system/animation_scripts.c:136:5: note: include ‘<string.h>’ or provide a declaration of ‘memcpy’
src/slus_006.64/system/animation_scripts.c: In function ‘func_8001FBE4’:
src/slus_006.64/system/animation_scripts.c:516:13: warning: implicit declaration of function ‘func_8001F6B0’; did you mean ‘func_8001FB30’? [-Wimplicit-function-declaration]
  516 |             func_8001F6B0(p);
      |             ^~~~~~~~~~~~~
      |             func_8001FB30
src/slus_006.64/system/animation_scripts.c:1313:9: warning: incompatible implicit declaration of built-in function ‘memcpy’ [-Wbuiltin-declaration-mismatch]
 1313 |         memcpy((void*)(uintptr_t)*(u32*)(pBase + 0x30),
      |         ^~~~~~
src/slus_006.64/system/animation_scripts.c:1313:9: note: include ‘<string.h>’ or provide a declaration of ‘memcpy’
src/slus_006.64/system/animation_scripts.c: In function ‘func_80022038’:
src/slus_006.64/system/animation_scripts.c:1676:9: warning: implicit declaration of function ‘SpriteComputeTransformMatrix’ [-Wimplicit-function-declaration]
 1676 |         SpriteComputeTransformMatrix(pSpriteData);
      |         ^~~~~~~~~~~~~~~~~~~~~~~~~~~~
src/slus_006.64/system/animation_scripts.c: At top level:
src/slus_006.64/system/animation_scripts.c:1683:6: warning: conflicting types for ‘SpriteComputeTransformMatrix’; have ‘void(SpriteData *)’
 1683 | void SpriteComputeTransformMatrix(SpriteData* pSpriteData) {
      |      ^~~~~~~~~~~~~~~~~~~~~~~~~~~~
src/slus_006.64/system/animation_scripts.c:1676:9: note: previous implicit declaration of ‘SpriteComputeTransformMatrix’ with type ‘void(SpriteData *)’
 1676 |         SpriteComputeTransformMatrix(pSpriteData);
      |         ^~~~~~~~~~~~~~~~~~~~~~~~~~~~
src/slus_006.64/system/animation_scripts.c: In function ‘SpriteComputeTransformMatrix’:
src/slus_006.64/system/animation_scripts.c:1696:9: warning: implicit declaration of function ‘ScaleMatrixL’; did you mean ‘ScaleMatrix’? [-Wimplicit-function-declaration]
 1696 |         ScaleMatrixL((MATRIX*)(pBase + 0xC), &scale);
      |         ^~~~~~~~~~~~
      |         ScaleMatrix
SPRITE BD PASS cases=262656 child-helper boundary only
In file included from src/slus_006.64/system/animation_scripts.c:3:
include/system/memory.h:10:14: warning: conflicting types for built-in function ‘strlen’; expected ‘long unsigned int(const char *)’ [-Wbuiltin-declaration-mismatch]
   10 | extern u_int strlen(char* pString);
      |              ^~~~~~
include/system/memory.h:5:1: note: ‘strlen’ is declared in header ‘<string.h>’
    4 | #include "main/main.h"
  +++ |+#include <string.h>
    5 | 
src/slus_006.64/system/animation_scripts.c: In function ‘AnimationSoundBankSelector’:
src/slus_006.64/system/animation_scripts.c:136:5: warning: implicit declaration of function ‘memcpy’ [-Wimplicit-function-declaration]
  136 |     memcpy(&bank, PSX_ADDR(0x8005919C), sizeof(bank));
      |     ^~~~~~
src/slus_006.64/system/animation_scripts.c:134:1: note: include ‘<string.h>’ or provide a declaration of ‘memcpy’
  133 | #include "../../../pc_port/src/psx_memory.h"
  +++ |+#include <string.h>
  134 | static u32 AnimationSoundBankSelector(void) {
src/slus_006.64/system/animation_scripts.c:136:5: warning: incompatible implicit declaration of built-in function ‘memcpy’ [-Wbuiltin-declaration-mismatch]
  136 |     memcpy(&bank, PSX_ADDR(0x8005919C), sizeof(bank));
      |     ^~~~~~
src/slus_006.64/system/animation_scripts.c:136:5: note: include ‘<string.h>’ or provide a declaration of ‘memcpy’
src/slus_006.64/system/animation_scripts.c: In function ‘func_8001FBE4’:
src/slus_006.64/system/animation_scripts.c:516:13: warning: implicit declaration of function ‘func_8001F6B0’; did you mean ‘func_8001FB30’? [-Wimplicit-function-declaration]
  516 |             func_8001F6B0(p);
      |             ^~~~~~~~~~~~~
      |             func_8001FB30
src/slus_006.64/system/animation_scripts.c:1313:9: warning: incompatible implicit declaration of built-in function ‘memcpy’ [-Wbuiltin-declaration-mismatch]
 1313 |         memcpy((void*)(uintptr_t)*(u32*)(pBase + 0x30),
      |         ^~~~~~
src/slus_006.64/system/animation_scripts.c:1313:9: note: include ‘<string.h>’ or provide a declaration of ‘memcpy’
src/slus_006.64/system/animation_scripts.c: In function ‘func_80022038’:
src/slus_006.64/system/animation_scripts.c:1676:9: warning: implicit declaration of function ‘SpriteComputeTransformMatrix’ [-Wimplicit-function-declaration]
 1676 |         SpriteComputeTransformMatrix(pSpriteData);
      |         ^~~~~~~~~~~~~~~~~~~~~~~~~~~~
src/slus_006.64/system/animation_scripts.c: At top level:
src/slus_006.64/system/animation_scripts.c:1683:6: warning: conflicting types for ‘SpriteComputeTransformMatrix’; have ‘void(SpriteData *)’
 1683 | void SpriteComputeTransformMatrix(SpriteData* pSpriteData) {
      |      ^~~~~~~~~~~~~~~~~~~~~~~~~~~~
src/slus_006.64/system/animation_scripts.c:1676:9: note: previous implicit declaration of ‘SpriteComputeTransformMatrix’ with type ‘void(SpriteData *)’
 1676 |         SpriteComputeTransformMatrix(pSpriteData);
      |         ^~~~~~~~~~~~~~~~~~~~~~~~~~~~
src/slus_006.64/system/animation_scripts.c: In function ‘SpriteComputeTransformMatrix’:
src/slus_006.64/system/animation_scripts.c:1696:9: warning: implicit declaration of function ‘ScaleMatrixL’; did you mean ‘ScaleMatrix’? [-Wimplicit-function-declaration]
 1696 |         ScaleMatrixL((MATRIX*)(pBase + 0xC), &scale);
      |         ^~~~~~~~~~~~
      |         ScaleMatrix
SPRITE BD PASS cases=262656 child-helper boundary only
SPRITE BD O0/O2/UBSAN PASS
In file included from pc_port/build_native/sprite_dispatch_bd_retail_test/index-stride.c:3:
include/system/memory.h:10:14: warning: conflicting types for built-in function ‘strlen’; expected ‘long unsigned int(const char *)’ [-Wbuiltin-declaration-mismatch]
   10 | extern u_int strlen(char* pString);
      |              ^~~~~~
include/system/memory.h:5:1: note: ‘strlen’ is declared in header ‘<string.h>’
    4 | #include "main/main.h"
  +++ |+#include <string.h>
    5 | 
pc_port/build_native/sprite_dispatch_bd_retail_test/index-stride.c: In function ‘AnimationSoundBankSelector’:
pc_port/build_native/sprite_dispatch_bd_retail_test/index-stride.c:136:5: warning: implicit declaration of function ‘memcpy’ [-Wimplicit-function-declaration]
  136 |     memcpy(&bank, PSX_ADDR(0x8005919C), sizeof(bank));
      |     ^~~~~~
pc_port/build_native/sprite_dispatch_bd_retail_test/index-stride.c:134:1: note: include ‘<string.h>’ or provide a declaration of ‘memcpy’
  133 | #include "../../../pc_port/src/psx_memory.h"
  +++ |+#include <string.h>
  134 | static u32 AnimationSoundBankSelector(void) {
pc_port/build_native/sprite_dispatch_bd_retail_test/index-stride.c:136:5: warning: incompatible implicit declaration of built-in function ‘memcpy’ [-Wbuiltin-declaration-mismatch]
  136 |     memcpy(&bank, PSX_ADDR(0x8005919C), sizeof(bank));
      |     ^~~~~~
pc_port/build_native/sprite_dispatch_bd_retail_test/index-stride.c:136:5: note: include ‘<string.h>’ or provide a declaration of ‘memcpy’
pc_port/build_native/sprite_dispatch_bd_retail_test/index-stride.c: In function ‘func_8001FBE4’:
pc_port/build_native/sprite_dispatch_bd_retail_test/index-stride.c:516:13: warning: implicit declaration of function ‘func_8001F6B0’; did you mean ‘func_8001FB30’? [-Wimplicit-function-declaration]
  516 |             func_8001F6B0(p);
      |             ^~~~~~~~~~~~~
      |             func_8001FB30
pc_port/build_native/sprite_dispatch_bd_retail_test/index-stride.c:1313:9: warning: incompatible implicit declaration of built-in function ‘memcpy’ [-Wbuiltin-declaration-mismatch]
 1313 |         memcpy((void*)(uintptr_t)*(u32*)(pBase + 0x30),
      |         ^~~~~~
pc_port/build_native/sprite_dispatch_bd_retail_test/index-stride.c:1313:9: note: include ‘<string.h>’ or provide a declaration of ‘memcpy’
pc_port/build_native/sprite_dispatch_bd_retail_test/index-stride.c: In function ‘func_80022038’:
pc_port/build_native/sprite_dispatch_bd_retail_test/index-stride.c:1676:9: warning: implicit declaration of function ‘SpriteComputeTransformMatrix’ [-Wimplicit-function-declaration]
 1676 |         SpriteComputeTransformMatrix(pSpriteData);
      |         ^~~~~~~~~~~~~~~~~~~~~~~~~~~~
pc_port/build_native/sprite_dispatch_bd_retail_test/index-stride.c: At top level:
pc_port/build_native/sprite_dispatch_bd_retail_test/index-stride.c:1683:6: warning: conflicting types for ‘SpriteComputeTransformMatrix’; have ‘void(SpriteData *)’
 1683 | void SpriteComputeTransformMatrix(SpriteData* pSpriteData) {
      |      ^~~~~~~~~~~~~~~~~~~~~~~~~~~~
pc_port/build_native/sprite_dispatch_bd_retail_test/index-stride.c:1676:9: note: previous implicit declaration of ‘SpriteComputeTransformMatrix’ with type ‘void(SpriteData *)’
 1676 |         SpriteComputeTransformMatrix(pSpriteData);
      |         ^~~~~~~~~~~~~~~~~~~~~~~~~~~~
pc_port/build_native/sprite_dispatch_bd_retail_test/index-stride.c: In function ‘SpriteComputeTransformMatrix’:
pc_port/build_native/sprite_dispatch_bd_retail_test/index-stride.c:1696:9: warning: implicit declaration of function ‘ScaleMatrixL’; did you mean ‘ScaleMatrix’? [-Wimplicit-function-declaration]
 1696 |         ScaleMatrixL((MATRIX*)(pBase + 0xC), &scale);
      |         ^~~~~~~~~~~~
      |         ScaleMatrix
BD MUTANT REJECTED index-stride
In file included from pc_port/build_native/sprite_dispatch_bd_retail_test/table-header.c:3:
include/system/memory.h:10:14: warning: conflicting types for built-in function ‘strlen’; expected ‘long unsigned int(const char *)’ [-Wbuiltin-declaration-mismatch]
   10 | extern u_int strlen(char* pString);
      |              ^~~~~~
include/system/memory.h:5:1: note: ‘strlen’ is declared in header ‘<string.h>’
    4 | #include "main/main.h"
  +++ |+#include <string.h>
    5 | 
pc_port/build_native/sprite_dispatch_bd_retail_test/table-header.c: In function ‘AnimationSoundBankSelector’:
pc_port/build_native/sprite_dispatch_bd_retail_test/table-header.c:136:5: warning: implicit declaration of function ‘memcpy’ [-Wimplicit-function-declaration]
  136 |     memcpy(&bank, PSX_ADDR(0x8005919C), sizeof(bank));
      |     ^~~~~~
pc_port/build_native/sprite_dispatch_bd_retail_test/table-header.c:134:1: note: include ‘<string.h>’ or provide a declaration of ‘memcpy’
  133 | #include "../../../pc_port/src/psx_memory.h"
  +++ |+#include <string.h>
  134 | static u32 AnimationSoundBankSelector(void) {
pc_port/build_native/sprite_dispatch_bd_retail_test/table-header.c:136:5: warning: incompatible implicit declaration of built-in function ‘memcpy’ [-Wbuiltin-declaration-mismatch]
  136 |     memcpy(&bank, PSX_ADDR(0x8005919C), sizeof(bank));
      |     ^~~~~~
pc_port/build_native/sprite_dispatch_bd_retail_test/table-header.c:136:5: note: include ‘<string.h>’ or provide a declaration of ‘memcpy’
pc_port/build_native/sprite_dispatch_bd_retail_test/table-header.c: In function ‘func_8001FBE4’:
pc_port/build_native/sprite_dispatch_bd_retail_test/table-header.c:516:13: warning: implicit declaration of function ‘func_8001F6B0’; did you mean ‘func_8001FB30’? [-Wimplicit-function-declaration]
  516 |             func_8001F6B0(p);
      |             ^~~~~~~~~~~~~
      |             func_8001FB30
pc_port/build_native/sprite_dispatch_bd_retail_test/table-header.c:1313:9: warning: incompatible implicit declaration of built-in function ‘memcpy’ [-Wbuiltin-declaration-mismatch]
 1313 |         memcpy((void*)(uintptr_t)*(u32*)(pBase + 0x30),
      |         ^~~~~~
pc_port/build_native/sprite_dispatch_bd_retail_test/table-header.c:1313:9: note: include ‘<string.h>’ or provide a declaration of ‘memcpy’
pc_port/build_native/sprite_dispatch_bd_retail_test/table-header.c: In function ‘func_80022038’:
pc_port/build_native/sprite_dispatch_bd_retail_test/table-header.c:1676:9: warning: implicit declaration of function ‘SpriteComputeTransformMatrix’ [-Wimplicit-function-declaration]
 1676 |         SpriteComputeTransformMatrix(pSpriteData);
      |         ^~~~~~~~~~~~~~~~~~~~~~~~~~~~
pc_port/build_native/sprite_dispatch_bd_retail_test/table-header.c: At top level:
pc_port/build_native/sprite_dispatch_bd_retail_test/table-header.c:1683:6: warning: conflicting types for ‘SpriteComputeTransformMatrix’; have ‘void(SpriteData *)’
 1683 | void SpriteComputeTransformMatrix(SpriteData* pSpriteData) {
      |      ^~~~~~~~~~~~~~~~~~~~~~~~~~~~
pc_port/build_native/sprite_dispatch_bd_retail_test/table-header.c:1676:9: note: previous implicit declaration of ‘SpriteComputeTransformMatrix’ with type ‘void(SpriteData *)’
 1676 |         SpriteComputeTransformMatrix(pSpriteData);
      |         ^~~~~~~~~~~~~~~~~~~~~~~~~~~~
pc_port/build_native/sprite_dispatch_bd_retail_test/table-header.c: In function ‘SpriteComputeTransformMatrix’:
pc_port/build_native/sprite_dispatch_bd_retail_test/table-header.c:1696:9: warning: implicit declaration of function ‘ScaleMatrixL’; did you mean ‘ScaleMatrix’? [-Wimplicit-function-declaration]
 1696 |         ScaleMatrixL((MATRIX*)(pBase + 0xC), &scale);
      |         ^~~~~~~~~~~~
      |         ScaleMatrix
BD MUTANT REJECTED table-header
In file included from pc_port/build_native/sprite_dispatch_bd_retail_test/signed-offset.c:3:
include/system/memory.h:10:14: warning: conflicting types for built-in function ‘strlen’; expected ‘long unsigned int(const char *)’ [-Wbuiltin-declaration-mismatch]
   10 | extern u_int strlen(char* pString);
      |              ^~~~~~
include/system/memory.h:5:1: note: ‘strlen’ is declared in header ‘<string.h>’
    4 | #include "main/main.h"
  +++ |+#include <string.h>
    5 | 
pc_port/build_native/sprite_dispatch_bd_retail_test/signed-offset.c: In function ‘AnimationSoundBankSelector’:
pc_port/build_native/sprite_dispatch_bd_retail_test/signed-offset.c:136:5: warning: implicit declaration of function ‘memcpy’ [-Wimplicit-function-declaration]
  136 |     memcpy(&bank, PSX_ADDR(0x8005919C), sizeof(bank));
      |     ^~~~~~
pc_port/build_native/sprite_dispatch_bd_retail_test/signed-offset.c:134:1: note: include ‘<string.h>’ or provide a declaration of ‘memcpy’
  133 | #include "../../../pc_port/src/psx_memory.h"
  +++ |+#include <string.h>
  134 | static u32 AnimationSoundBankSelector(void) {
pc_port/build_native/sprite_dispatch_bd_retail_test/signed-offset.c:136:5: warning: incompatible implicit declaration of built-in function ‘memcpy’ [-Wbuiltin-declaration-mismatch]
  136 |     memcpy(&bank, PSX_ADDR(0x8005919C), sizeof(bank));
      |     ^~~~~~
pc_port/build_native/sprite_dispatch_bd_retail_test/signed-offset.c:136:5: note: include ‘<string.h>’ or provide a declaration of ‘memcpy’
pc_port/build_native/sprite_dispatch_bd_retail_test/signed-offset.c: In function ‘func_8001FBE4’:
pc_port/build_native/sprite_dispatch_bd_retail_test/signed-offset.c:516:13: warning: implicit declaration of function ‘func_8001F6B0’; did you mean ‘func_8001FB30’? [-Wimplicit-function-declaration]
  516 |             func_8001F6B0(p);
      |             ^~~~~~~~~~~~~
      |             func_8001FB30
pc_port/build_native/sprite_dispatch_bd_retail_test/signed-offset.c:1313:9: warning: incompatible implicit declaration of built-in function ‘memcpy’ [-Wbuiltin-declaration-mismatch]
 1313 |         memcpy((void*)(uintptr_t)*(u32*)(pBase + 0x30),
      |         ^~~~~~
pc_port/build_native/sprite_dispatch_bd_retail_test/signed-offset.c:1313:9: note: include ‘<string.h>’ or provide a declaration of ‘memcpy’
pc_port/build_native/sprite_dispatch_bd_retail_test/signed-offset.c: In function ‘func_80022038’:
pc_port/build_native/sprite_dispatch_bd_retail_test/signed-offset.c:1676:9: warning: implicit declaration of function ‘SpriteComputeTransformMatrix’ [-Wimplicit-function-declaration]
 1676 |         SpriteComputeTransformMatrix(pSpriteData);
      |         ^~~~~~~~~~~~~~~~~~~~~~~~~~~~
pc_port/build_native/sprite_dispatch_bd_retail_test/signed-offset.c: At top level:
pc_port/build_native/sprite_dispatch_bd_retail_test/signed-offset.c:1683:6: warning: conflicting types for ‘SpriteComputeTransformMatrix’; have ‘void(SpriteData *)’
 1683 | void SpriteComputeTransformMatrix(SpriteData* pSpriteData) {
      |      ^~~~~~~~~~~~~~~~~~~~~~~~~~~~
pc_port/build_native/sprite_dispatch_bd_retail_test/signed-offset.c:1676:9: note: previous implicit declaration of ‘SpriteComputeTransformMatrix’ with type ‘void(SpriteData *)’
 1676 |         SpriteComputeTransformMatrix(pSpriteData);
      |         ^~~~~~~~~~~~~~~~~~~~~~~~~~~~
pc_port/build_native/sprite_dispatch_bd_retail_test/signed-offset.c: In function ‘SpriteComputeTransformMatrix’:
pc_port/build_native/sprite_dispatch_bd_retail_test/signed-offset.c:1696:9: warning: implicit declaration of function ‘ScaleMatrixL’; did you mean ‘ScaleMatrix’? [-Wimplicit-function-declaration]
 1696 |         ScaleMatrixL((MATRIX*)(pBase + 0xC), &scale);
      |         ^~~~~~~~~~~~
      |         ScaleMatrix
BD MUTANT REJECTED signed-offset
In file included from pc_port/build_native/sprite_dispatch_bd_retail_test/package.c:3:
include/system/memory.h:10:14: warning: conflicting types for built-in function ‘strlen’; expected ‘long unsigned int(const char *)’ [-Wbuiltin-declaration-mismatch]
   10 | extern u_int strlen(char* pString);
      |              ^~~~~~
include/system/memory.h:5:1: note: ‘strlen’ is declared in header ‘<string.h>’
    4 | #include "main/main.h"
  +++ |+#include <string.h>
    5 | 
pc_port/build_native/sprite_dispatch_bd_retail_test/package.c: In function ‘AnimationSoundBankSelector’:
pc_port/build_native/sprite_dispatch_bd_retail_test/package.c:136:5: warning: implicit declaration of function ‘memcpy’ [-Wimplicit-function-declaration]
  136 |     memcpy(&bank, PSX_ADDR(0x8005919C), sizeof(bank));
      |     ^~~~~~
pc_port/build_native/sprite_dispatch_bd_retail_test/package.c:134:1: note: include ‘<string.h>’ or provide a declaration of ‘memcpy’
  133 | #include "../../../pc_port/src/psx_memory.h"
  +++ |+#include <string.h>
  134 | static u32 AnimationSoundBankSelector(void) {
pc_port/build_native/sprite_dispatch_bd_retail_test/package.c:136:5: warning: incompatible implicit declaration of built-in function ‘memcpy’ [-Wbuiltin-declaration-mismatch]
  136 |     memcpy(&bank, PSX_ADDR(0x8005919C), sizeof(bank));
      |     ^~~~~~
pc_port/build_native/sprite_dispatch_bd_retail_test/package.c:136:5: note: include ‘<string.h>’ or provide a declaration of ‘memcpy’
pc_port/build_native/sprite_dispatch_bd_retail_test/package.c: In function ‘func_8001FBE4’:
pc_port/build_native/sprite_dispatch_bd_retail_test/package.c:516:13: warning: implicit declaration of function ‘func_8001F6B0’; did you mean ‘func_8001FB30’? [-Wimplicit-function-declaration]
  516 |             func_8001F6B0(p);
      |             ^~~~~~~~~~~~~
      |             func_8001FB30
pc_port/build_native/sprite_dispatch_bd_retail_test/package.c:1313:9: warning: incompatible implicit declaration of built-in function ‘memcpy’ [-Wbuiltin-declaration-mismatch]
 1313 |         memcpy((void*)(uintptr_t)*(u32*)(pBase + 0x30),
      |         ^~~~~~
pc_port/build_native/sprite_dispatch_bd_retail_test/package.c:1313:9: note: include ‘<string.h>’ or provide a declaration of ‘memcpy’
pc_port/build_native/sprite_dispatch_bd_retail_test/package.c: In function ‘func_80022038’:
pc_port/build_native/sprite_dispatch_bd_retail_test/package.c:1676:9: warning: implicit declaration of function ‘SpriteComputeTransformMatrix’ [-Wimplicit-function-declaration]
 1676 |         SpriteComputeTransformMatrix(pSpriteData);
      |         ^~~~~~~~~~~~~~~~~~~~~~~~~~~~
pc_port/build_native/sprite_dispatch_bd_retail_test/package.c: At top level:
pc_port/build_native/sprite_dispatch_bd_retail_test/package.c:1683:6: warning: conflicting types for ‘SpriteComputeTransformMatrix’; have ‘void(SpriteData *)’
 1683 | void SpriteComputeTransformMatrix(SpriteData* pSpriteData) {
      |      ^~~~~~~~~~~~~~~~~~~~~~~~~~~~
pc_port/build_native/sprite_dispatch_bd_retail_test/package.c:1676:9: note: previous implicit declaration of ‘SpriteComputeTransformMatrix’ with type ‘void(SpriteData *)’
 1676 |         SpriteComputeTransformMatrix(pSpriteData);
      |         ^~~~~~~~~~~~~~~~~~~~~~~~~~~~
pc_port/build_native/sprite_dispatch_bd_retail_test/package.c: In function ‘SpriteComputeTransformMatrix’:
pc_port/build_native/sprite_dispatch_bd_retail_test/package.c:1696:9: warning: implicit declaration of function ‘ScaleMatrixL’; did you mean ‘ScaleMatrix’? [-Wimplicit-function-declaration]
 1696 |         ScaleMatrixL((MATRIX*)(pBase + 0xC), &scale);
      |         ^~~~~~~~~~~~
      |         ScaleMatrix
BD MUTANT REJECTED package
