
This GDB supports auto-downloading debuginfo from the following URLs:
  <ima:enforcing>
  <https://debuginfod.fedoraproject.org/>
  <ima:ignore>
Enable debuginfod for this session? (y or [n]) [answered N; input not from terminal]
Debuginfod has been disabled.
To make this setting permanent, add 'set debuginfod enabled off' to .gdbinit.

warning: Can't open file /5c/b6087dbc57f4d08fa52e54dfce6421ac7c5b5a95bb221121fe3e3e5e1c5327.file during file-backed mapping note processing

warning: Can't open file /dc/31d3fa3ba4eb9012d9d8c360fca83318da882c96ee49a35f702901ebfb08f7.file during file-backed mapping note processing

warning: Can't open file /bc/d33b3c8c24cb8eff448bfbf434c51e480ac5f7b65769ccbc9c86cfe121908a.file during file-backed mapping note processing

warning: Can't open file /a6/87169e93a9ff463132de5637311f56bf258e6f7abfc78807b1092177923f9c.file during file-backed mapping note processing

warning: Can't open file /7a/707a0d70cddc96f28aa93db85fea05b7f7418f7ea744412a261c7feeb3daf2.file during file-backed mapping note processing

warning: Can't open file /95/7ecc7f891dcccce7497957f4f6616469647199a5f99c53765fe307d1feaccc.file during file-backed mapping note processing

warning: Can't open file /63/b176fd9f7b0620000e22f94c4a22ade772636d3fa92595e51abd8c844af6b8.file during file-backed mapping note processing

warning: Can't open file /52/0e692b112120415da956f0024f954f3d26a6e295586bd695ebe4b39c48d219.file during file-backed mapping note processing

warning: Can't open file /ec/e12906c3d024f0ff377d6fc441b02faf7d3d3e2b992a51615e8052049988d0.file during file-backed mapping note processing

warning: Can't open file /f4/04d19a1df5c6a2d5c432189517e4590ab8bae159073f1333475619147754e1.file during file-backed mapping note processing

warning: Can't open file /d4/6cbcb0a9bb2c0ea0dcbfb5495a7a36b30cb0288ec63cc27909cec1ed2cf5c7.file during file-backed mapping note processing

warning: Can't open file /6f/0efba61e5896c3d1353ec334ddd2f70e354ad26bb95c5dd60264e6e13064bf.file during file-backed mapping note processing

warning: Can't open file /79/abc20085f7ed3b53360fa4530d189edc4f4d565fc4581e243a7a4ef5458852.file during file-backed mapping note processing

warning: Can't open file /f3/bff1b23697996ead434d9dd6e6541cb86d6f300b9c82dcc136fbc2379fd2dc.file during file-backed mapping note processing

warning: Can't open file /02/4f5e0e5ec022421ef786730d1032d297ce52531265afdf0ad4960f199b5b8f.file during file-backed mapping note processing

warning: Can't open file /0c/fc74e00dd78f655c3aeb7cdfa50099658834b150126a05c656885fd368b2bc.file during file-backed mapping note processing

warning: Can't open file /ec/4e34d23285d7090f4007f1708135869a18d91b19a5c238f6d81f10ef0530c1.file during file-backed mapping note processing

warning: Can't open file /40/d6ddefd70421562181e45a8c3bf539277515e2463d2bb7dd21493d941eb50d.file during file-backed mapping note processing

warning: Can't open file /1d/b6e9304470537d65a30a6846a8acea59035ae3fdf4283ca12ffc9fed34098e.file during file-backed mapping note processing

warning: Can't open file /a2/f731053fd600e0e251e0ea4b2b73c2542da0c27d28d79e0377bccc86728eba.file during file-backed mapping note processing

warning: Can't open file /93/255bb084789c2467a200a95f8bd6e600b738c2160c73632fab6e716f30db72.file during file-backed mapping note processing

warning: Can't open file /73/3d3386f2d196cde7f7a991ab1423d9cf8d4b565cb01c566c0ee4591aff1a0a.file during file-backed mapping note processing

warning: Can't open file /9a/946f2bce9f79aa4e6fb7e15b91df848ba263a7988cc45aafa1cbd22c0e0087.file during file-backed mapping note processing

warning: Can't open file /2a/84d6a3b84746dcfc2add10377e7f8f67beb61b9a0cd32d09902a1c86c98714.file during file-backed mapping note processing

warning: Can't open file /ee/c3e319c7a17cb684a560dd6f202536946bc1b2e4d612fdbfddceaead5b4073.file during file-backed mapping note processing

warning: Can't open file /8b/bd510dc4cf9915be9499e16e0639db38d647ed3781487160bf0e2d5da9dbbc.file during file-backed mapping note processing

warning: Can't open file /04/d2168ade46521986ddb4a2731da957e23d973f786ffc41712c267913dc74ac.file during file-backed mapping note processing

warning: Can't open file /e3/7281d01f22d36447a33cf9fea18b40dda5230994390563cc5d436bd0efd5bc.file during file-backed mapping note processing

warning: Can't open file /24/949f65650abdb84fd388f698cf3b67881a7efd351450eaa0127735cd9e6f33.file during file-backed mapping note processing

warning: Can't open file /93/36c92c4662e7f2740ce3d52e75de005d1fc48c3e4da5eee6dc5e22d3c661e5.file during file-backed mapping note processing

warning: Can't open file /9a/a6e4812dacc78979c6e557130755588ccd462e6b6b93187e9f22a86d549df8.file during file-backed mapping note processing

warning: Can't open file /0f/05e80b1cf718e95703db46d3e28cfb26bc2190329238c6f27accdedaeb871f.file during file-backed mapping note processing

warning: Can't open file /c2/377709d11e3cf756a1e06bf54e620ca4cfcfae529a424e37f743ea5734cc68.file during file-backed mapping note processing

warning: Can't open file /1a/a271cc09abd1e9cabd4027412cb671be3af29db9ea689d40f2ba63ca4423ab.file during file-backed mapping note processing

warning: Can't open file /81/44efc13518db939f7812f9cb3cad3173d0e26e1ab93be0a79f78c044686eaf.file during file-backed mapping note processing

warning: Can't open file /a0/7e2daa316a3f9e8a46d80187259b9a5eb0a4acb6ed43fd2dd62048348439d9.file during file-backed mapping note processing

warning: Can't open file /e8/66fb16daed5f07cc14b5380bcefa8683a83d0ce35a75f4238397a78f49c23a.file during file-backed mapping note processing

warning: Can't open file /04/5fa840bbaf011343f6755015ba6022f30e2ded8063335998f4a69f7f2492c6.file during file-backed mapping note processing

warning: Can't open file /c5/901e5ad5cf5d65d7ec88ac806cc2fd4409f4e1f39cf4b5b905729bc40b57a3.file during file-backed mapping note processing

warning: Can't open file /f3/3f603fe1a8a3378d2de6b47392da5fb362dee103e161d45b03bd9453777328.file during file-backed mapping note processing

warning: Can't open file /f3/159a5d3a3115e1e0822c49c15e59f6a606037ddfe4496644661a867f3bc461.file during file-backed mapping note processing

warning: Can't open file /60/d152848d1703fc3325943f54f393ebf3ed9319dadaf040b03ef5efb4a94822.file during file-backed mapping note processing

warning: Can't open file /c2/92ace9d03c058f9b2342578b8fff81990e523d2985c8017ed5ea6be62e6cd1.file during file-backed mapping note processing

warning: Can't open file /0a/63abd36797a077744bb0833525352d9fb51eeaa2a41d727699a2d7f086c910.file during file-backed mapping note processing

warning: Can't open file /07/e5533cdceb5836c6baf420a967403c9205a3ec461cfa9fff4a4807cb799422.file during file-backed mapping note processing

warning: Can't open file /d4/31b327a07c16c2583b2a4db46980e543cb1b7a51941e5f73f03d0c95d86a0a.file during file-backed mapping note processing

warning: Can't open file /84/81c502f442b101062b8932ac65126e1a4bbc99d0639d38b3df87ee16fcf400.file during file-backed mapping note processing

warning: Can't open file /00/55e8530761c635f3f559c4422510cf6580d1125e50580cdd1d9bdde4f10174.file during file-backed mapping note processing

warning: Can't open file /4a/2fe6a80ab1b54a9149f41d086914d587e03383e8cd611c160c6fd8e83be57d.file during file-backed mapping note processing

warning: Can't open file /74/ba2d009fedfe4920baf495ab24739969297cfed6852bd74c0c9a25b2cfa009.file during file-backed mapping note processing

warning: Can't open file /43/3cf2483390d554d6d6ba781a99907f8527a250a292805bd0f3797187d26f54.file during file-backed mapping note processing

warning: Can't open file /26/4d0ec8b9ff9490fddf5efaac5079f82e6c94a4c21c43a0c5e901d3e0666a2d.file during file-backed mapping note processing

warning: Can't open file /42/5b5511effaca8db84b05153bb321953970c884ade8d5031ec98e58fecdf67b.file during file-backed mapping note processing

warning: Can't open file /d4/de9fa2f1c3225275db8879ad824d6290897207a764055c54266cb07f22f8c3.file during file-backed mapping note processing

warning: Can't open file /9e/d3e6f89aca4e482519344358cda48c1d7f4016a0dd5b0d19fd18edb1ad9232.file during file-backed mapping note processing

warning: Can't open file /7f/e3113f52e6ce1be4fba35aad875f0a700b41455fcffcde349cb43d21de4a09.file during file-backed mapping note processing

warning: Can't open file /20/fd368c6ef59a03052c894b0ee85762a3fb3d42e04f444ed01b3ab6eebccc5b.file during file-backed mapping note processing

warning: Can't open file /87/5087ffffad9b936a7b1887f352aaa784c4ef9f39bb562c473ce69f0adbad6b.file during file-backed mapping note processing

warning: Can't open file /e6/f9d13c30e9d25ad2ec0db3cedc82af57591b612f24ac2772fcffc74bc3a611.file during file-backed mapping note processing

warning: Can't open file /f0/67f105cd73610595dc06f348b042ae235c71eb7e5dc45680d3a8056d5e1bb4.file during file-backed mapping note processing

warning: Can't open file /de/4acfc21568317bf8553986a79cadd35937d0809c200727c2bff41087dfa00b.file during file-backed mapping note processing

warning: Can't open file /1f/f4095a65884d5dc812c84d75742d223db725e4ac3f093fe84239c6a46aa5ef.file during file-backed mapping note processing

warning: Can't open file /69/dab4d2d7bed4f786e6a56f1cc7238b013b78023aabc0e9c099f6d10b98a73c.file during file-backed mapping note processing

warning: Can't open file /5c/f6bf2fadd0d7c19e9e43c13484cae4ee4e1f43a5f4ea1b4628e7625edc2c2e.file during file-backed mapping note processing

warning: Can't open file /98/744399cab888a0dc263758b381074768c228d39ec16967908ea69fa5a72936.file during file-backed mapping note processing

warning: Can't open file /8d/b36f2dc50b2867b11921d3aeca3a268e61cdcc59176afdd8ffecebfd23fec7.file during file-backed mapping note processing

warning: Can't open file /08/de9a4b8b57368b31bfd73cab12f01f34eccbac3d3b91c918a96f966bb8424e.file during file-backed mapping note processing

warning: Can't open file /0b/cbd8b71d9606d7c930a5fa7b07edcc993d96e58ca7d96758c9978a671c2c93.file during file-backed mapping note processing

warning: Can't open file /35/93e93806c9f7a141fb2c6ab4e08f009b03393dc0ed71138bea66efa9a55581.file during file-backed mapping note processing

warning: Can't open file /ee/8d08fca8066484e4434c2e00b6d903eb990e468a1c1f8df8c776c6924fe466.file during file-backed mapping note processing

warning: Can't open file /fa/636b5d6a956db6f0fe5b70b2262342cdde1d7640774ad00ff28eca9b3f178d.file during file-backed mapping note processing

warning: Can't open file /15/63b7fba12f8d33ad610a412ada4899ab701805d8e988d7ad88017341902c29.file during file-backed mapping note processing

warning: Can't open file /26/830ed4aee427dfe77755968f232279bc21394188c23bdb95fa8bf207408551.file during file-backed mapping note processing

warning: Can't open file /3b/21a88aaeaaf00369957f8dafcfd4ea8093efec1e16b06508f3ce1d36588311.file during file-backed mapping note processing

warning: Can't open file /b3/eaa8f5e2206558f93db13015056ba29f19c0fa50f515e8de887a06ce5c4ba8.file during file-backed mapping note processing

warning: Can't open file /65/d60c154ef7ca66b8b5e9905bbe3db9fe1b6d15a1b7b329ea29832bbaf2a838.file during file-backed mapping note processing

warning: Can't open file /a9/a3c29997467649eb6c99c73872ae2e3e0822713e20477cea0369a05a71b84a.file during file-backed mapping note processing

warning: Can't open file /d9/e014c15f7680c3936e905674dd63a8c586d66f7ca5c46c998ecfb019120e8c.file during file-backed mapping note processing

warning: Can't open file /09/4c2fb5c6947472e3f17b5a1f7c430ee48943b3d540c7d963296d35ce2d2c6e.file during file-backed mapping note processing

warning: Can't open file /52/8ead37dee78919b9e103b658e7d7ca2661fc645e1f0e4bfe9698c9117d4779.file during file-backed mapping note processing

warning: Can't open file /75/f1e05d52b677f36fba0937930503919e76b210e61491aeda66712a56413168.file during file-backed mapping note processing

warning: Can't open file /b0/8d778dc8852c988ae43aa8574fe20a36e072581994f48dac47489fa2783552.file during file-backed mapping note processing

warning: Can't open file /8d/2d0a9862efedf84dcb2b6b18e4df1cc6b1bebf9e88adffe9b154b298778603.file during file-backed mapping note processing

warning: Can't open file /0d/3ccaa74c875992a2b0dcb3ddc02d66eade353cbd2368e9b43dde2e3ff676f6.file during file-backed mapping note processing
[Thread debugging using libthread_db enabled]
Using host libthread_db library "/usr/lib64/libthread_db.so.1".
Core was generated by `/var/home/blizz/Projects/xenogears-decomp-ai/scratchpad/lahan-natural-20260908-bind/xeno-port'.
Program terminated with signal SIGABRT, Aborted.
#0  0x00007f370d3bbccc in __pthread_kill_implementation () from /usr/lib64/libc.so.6
[Current thread is 1 (Thread 0x7f370d040640 (LWP 795042))]
0xa01e60 <D_8006BE10>:	0x00745ba8	0x00000380	0x01d10000	0x00746974
0xa01e70 <D_8006BE10+16>:	0x007447b0	0x00000000	0x00000000	0x00000000
