[New LWP 1019424]
[New LWP 1019423]
[New LWP 1019422]
[New LWP 1019421]
[New LWP 1019419]
[New LWP 1019296]
[New LWP 1019295]
[New LWP 1019293]
[New LWP 1019277]
[New LWP 1019276]
[New LWP 1019275]
[New LWP 1019274]
[New LWP 1019273]
[New LWP 1019272]
[New LWP 1019271]
[New LWP 1019270]
[New LWP 1019269]
[New LWP 1019268]
[New LWP 1019267]
[New LWP 1019266]
[New LWP 1019265]
[New LWP 1019264]
[New LWP 1019263]
[New LWP 1019262]
[New LWP 1019261]
[New LWP 1019260]
[New LWP 1019259]
[New LWP 1019258]
[New LWP 1019257]
[New LWP 1019256]
[New LWP 1019255]
[New LWP 1019254]
[New LWP 1019253]
[New LWP 1019252]
[New LWP 1019251]
[New LWP 1019250]
[New LWP 1019249]
[New LWP 1019248]
[New LWP 1019247]
[New LWP 1019246]
[New LWP 1019245]
[New LWP 1019244]
[New LWP 1019243]
[New LWP 1019242]
[New LWP 1019241]
[New LWP 1019240]
[New LWP 1019239]
[New LWP 1019238]
[New LWP 1019237]
[New LWP 1019236]
[New LWP 1019235]
[New LWP 1019234]
[New LWP 1019233]
[New LWP 1019232]
[New LWP 1019231]
[New LWP 1019230]
[New LWP 1019229]
[Thread debugging using libthread_db enabled]
Using host libthread_db library "/usr/lib64/libthread_db.so.1".
Vsync (mode=-1) at pc_port/src/psyq_compat.c:1462
1462	}
Temporary breakpoint 1 at 0x478091: file src/field/main/misc4.c, line 1636.

Thread 1 "xeno-port" hit Temporary breakpoint 1, func_8007BAC0 (pVec=0x7ffc274a5fa4, pActorData=0x74c3cc <g_PsxRam+1241868>, pOut=0x7ffc274a5fb0, angle=1243) at src/field/main/misc4.c:1636
1636	void* func_8007BAC0(s32* pVec, void* pActorData, s32* pOut, s16 angle) {
$1 = 1243
0x7ffc274a5fa4:	0xffffab70	0x00000000	0xffff0e00
Temporary breakpoint 2 at 0x4786f8: file src/field/main/misc4.c, line 1756.

Thread 1 "xeno-port" hit Temporary breakpoint 2, func_8007BEF4 (move=0x7ffc274a5e98, base=0x74c3ec <g_PsxRam+1241900>, actorData=0x74c3cc <g_PsxRam+1241868> "0D\002", outEdge=0x7ffc274a5fb0, outPoint=0x7ffc274a5eb0, mode=-1, outFlags=0x7ffc274a5e5c) at src/field/main/misc4.c:1756
1756	    s32 state = *(s16*)(actorData + 0x10);
0x7ffc274a5e98:	0xffffe570	0x00000000	0xfffb0fc0
$2 = -1
0x0000000000478168 in func_8007BAC0 (pVec=0x7ffc274a5fa4, pActorData=0x74c3cc <g_PsxRam+1241868>, pOut=0x7ffc274a5fb0, angle=1243) at src/field/main/misc4.c:1654
1654	    if (func_8007BEF4(move, (s32*)(actorData + 0x20), actorData,
Value returned is $3 = 0
$4 = 0
Temporary breakpoint 3 at 0x4786f8: file src/field/main/misc4.c, line 1756.

Thread 1 "xeno-port" hit Temporary breakpoint 3, func_8007BEF4 (move=0x7ffc274a5e98, base=0x74c3ec <g_PsxRam+1241900>, actorData=0x74c3cc <g_PsxRam+1241868> "0D\002", outEdge=0x7ffc274a5fb0, outPoint=0x7ffc274a5eb0, mode=-1, outFlags=0x7ffc274a5e5c) at src/field/main/misc4.c:1756
1756	    s32 state = *(s16*)(actorData + 0x10);
0x7ffc274a5e98:	0xfffd01b0	0x00000000	0xfffc1200
$5 = -1
0x0000000000478217 in func_8007BAC0 (pVec=0x7ffc274a5fa4, pActorData=0x74c3cc <g_PsxRam+1241868>, pOut=0x7ffc274a5fb0, angle=1243) at src/field/main/misc4.c:1660
1660	        if (func_8007BEF4(move, (s32*)(actorData + 0x20), actorData,
Value returned is $6 = -1
$7 = 4294967295
Temporary breakpoint 4 at 0x4786f8: file src/field/main/misc4.c, line 1756.

Thread 1 "xeno-port" hit Temporary breakpoint 4, func_8007BEF4 (move=0x7ffc274a5e98, base=0x74c3ec <g_PsxRam+1241900>, actorData=0x74c3cc <g_PsxRam+1241868> "0D\002", outEdge=0x7ffc274a5fb0, outPoint=0x7ffc274a5eb0, mode=0, outFlags=0x7ffc274a5e5c) at src/field/main/misc4.c:1756
1756	    s32 state = *(s16*)(actorData + 0x10);
0x7ffc274a5e98:	0xffffe163	0x00000000	0xfffef066
$8 = 0
0x0000000000478402 in func_8007BAC0 (pVec=0x7ffc274a5fa4, pActorData=0x74c3cc <g_PsxRam+1241868>, pOut=0x7ffc274a5fb0, angle=1243) at src/field/main/misc4.c:1690
1690	    if (func_8007BEF4(move, (s32*)(actorData + 0x20), actorData,
Value returned is $9 = -1
$10 = 4294967295
Temporary breakpoint 5 at 0x4786f8: file src/field/main/misc4.c, line 1756.

Thread 1 "xeno-port" hit Temporary breakpoint 5, func_8007BEF4 (move=0x7ffc274a5e98, base=0x74c3ec <g_PsxRam+1241900>, actorData=0x74c3cc <g_PsxRam+1241868> "0D\002", outEdge=0x7ffc274a5fb0, outPoint=0x7ffc274a5eb0, mode=-1, outFlags=0x7ffc274a5e5c) at src/field/main/misc4.c:1756
1756	    s32 state = *(s16*)(actorData + 0x10);
0x7ffc274a5e98:	0xfffe7840	0x00000000	0x0003b200
$11 = -1
0x0000000000478168 in func_8007BAC0 (pVec=0x7ffc274a5fa4, pActorData=0x74c3cc <g_PsxRam+1241868>, pOut=0x7ffc274a5fb0, angle=3072) at src/field/main/misc4.c:1654
1654	    if (func_8007BEF4(move, (s32*)(actorData + 0x20), actorData,
Value returned is $12 = -1
$13 = 4294967295
[Inferior 1 (process 1019197) detached]
