[New LWP 1019424]
[New LWP 1019423]
[New LWP 1019422]
[New LWP 1019421]
[New LWP 1019419]
[New LWP 1019296]
[New LWP 1019295]
[New LWP 1019293]
[New LWP 1019277]
[New LWP 1019276]
[New LWP 1019275]
[New LWP 1019274]
[New LWP 1019273]
[New LWP 1019272]
[New LWP 1019271]
[New LWP 1019270]
[New LWP 1019269]
[New LWP 1019268]
[New LWP 1019267]
[New LWP 1019266]
[New LWP 1019265]
[New LWP 1019264]
[New LWP 1019263]
[New LWP 1019262]
[New LWP 1019261]
[New LWP 1019260]
[New LWP 1019259]
[New LWP 1019258]
[New LWP 1019257]
[New LWP 1019256]
[New LWP 1019255]
[New LWP 1019254]
[New LWP 1019253]
[New LWP 1019252]
[New LWP 1019251]
[New LWP 1019250]
[New LWP 1019249]
[New LWP 1019248]
[New LWP 1019247]
[New LWP 1019246]
[New LWP 1019245]
[New LWP 1019244]
[New LWP 1019243]
[New LWP 1019242]
[New LWP 1019241]
[New LWP 1019240]
[New LWP 1019239]
[New LWP 1019238]
[New LWP 1019237]
[New LWP 1019236]
[New LWP 1019235]
[New LWP 1019234]
[New LWP 1019233]
[New LWP 1019232]
[New LWP 1019231]
[New LWP 1019230]
[New LWP 1019229]
[Thread debugging using libthread_db enabled]
Using host libthread_db library "/usr/lib64/libthread_db.so.1".
Vsync (mode=-1) at pc_port/src/psyq_compat.c:1374
1374	{
Temporary breakpoint 1 at 0x478091: file src/field/main/misc4.c, line 1636.

Thread 1 "xeno-port" hit Temporary breakpoint 1, func_8007BAC0 (pVec=0x7ffc274a5fa4, pActorData=0x74c3cc <g_PsxRam+1241868>, pOut=0x7ffc274a5fb0, angle=1243) at src/field/main/misc4.c:1636
1636	void* func_8007BAC0(s32* pVec, void* pActorData, s32* pOut, s16 angle) {
$1 = 1243
0x7ffc274a5fa4:	0xffffab70	0x00000000	0xffff0e00
$2 = 0x50000
0x000000000048c5a9 in func_80082BB8 (actorIndex=1, pFieldActor=0x749b3c <g_PsxRam+1231484>, pActorData=0x74c3cc <g_PsxRam+1241868>) at src/field/main/misc8.c:1396
1396	                result = func_8007BAC0(vec, actorData, out, angle);
Value returned is $3 = (void *) 0xffffffffffffffff
$4 = 0xffffffffffffffff
0x7ffc274a5fa4:	0xffffab70	0x00000000	0xffff0e00
0x7ffc274a5fb0:	0x011a	0xfe12	0x03a0	0x0401	0x0122	0xfd98	0x03e7	0x0000
0x74c3ec <g_PsxRam+1241900>:	0x012019bc	0xfdc18000	0x03d05cd5
$5 = 0x50000
[Inferior 1 (process 1019197) detached]
