[New LWP 1019424]
[New LWP 1019423]
[New LWP 1019422]
[New LWP 1019421]
[New LWP 1019419]
[New LWP 1019296]
[New LWP 1019295]
[New LWP 1019293]
[New LWP 1019277]
[New LWP 1019276]
[New LWP 1019275]
[New LWP 1019274]
[New LWP 1019273]
[New LWP 1019272]
[New LWP 1019271]
[New LWP 1019270]
[New LWP 1019269]
[New LWP 1019268]
[New LWP 1019267]
[New LWP 1019266]
[New LWP 1019265]
[New LWP 1019264]
[New LWP 1019263]
[New LWP 1019262]
[New LWP 1019261]
[New LWP 1019260]
[New LWP 1019259]
[New LWP 1019258]
[New LWP 1019257]
[New LWP 1019256]
[New LWP 1019255]
[New LWP 1019254]
[New LWP 1019253]
[New LWP 1019252]
[New LWP 1019251]
[New LWP 1019250]
[New LWP 1019249]
[New LWP 1019248]
[New LWP 1019247]
[New LWP 1019246]
[New LWP 1019245]
[New LWP 1019244]
[New LWP 1019243]
[New LWP 1019242]
[New LWP 1019241]
[New LWP 1019240]
[New LWP 1019239]
[New LWP 1019238]
[New LWP 1019237]
[New LWP 1019236]
[New LWP 1019235]
[New LWP 1019234]
[New LWP 1019233]
[New LWP 1019232]
[New LWP 1019231]
[New LWP 1019230]
[New LWP 1019229]

This GDB supports auto-downloading debuginfo from the following URLs:
  <ima:enforcing>
  <https://debuginfod.fedoraproject.org/>
  <ima:ignore>
Enable debuginfod for this session? (y or [n]) [answered N; input not from terminal]
Debuginfod has been disabled.
To make this setting permanent, add 'set debuginfod enabled off' to .gdbinit.
[Thread debugging using libthread_db enabled]
Using host libthread_db library "/usr/lib64/libthread_db.so.1".
Vsync (mode=-1) at pc_port/src/psyq_compat.c:1374
1374	{
Temporary breakpoint 1 at 0x48bfcf: file src/field/main/misc8.c, line 1261.

Thread 1 "xeno-port" hit Temporary breakpoint 1, func_80082BB8 (actorIndex=1, pFieldActor=0x749b3c <g_PsxRam+1231484>, pActorData=0x74c3cc <g_PsxRam+1241868>) at src/field/main/misc8.c:1261
1261	void func_80082BB8(s32 actorIndex, void* pFieldActor, void* pActorData) {
$1 = 0x30000
$2 = 0x400000
0x74c40c <g_PsxRam+1241932>:	0x00000000	0x00000000	0x00000000
0x0000000000489de4 in func_8008110C () at src/field/main/misc8.c:400
400	                    func_80082BB8(i, actor, actorData);
$3 = 0x30000
0x74c40c <g_PsxRam+1241932>:	0x00000000	0x00000000	0x00000000
[Inferior 1 (process 1019197) detached]
