[New LWP 1019424]
[New LWP 1019423]
[New LWP 1019422]
[New LWP 1019421]
[New LWP 1019419]
[New LWP 1019296]
[New LWP 1019295]
[New LWP 1019293]
[New LWP 1019277]
[New LWP 1019276]
[New LWP 1019275]
[New LWP 1019274]
[New LWP 1019273]
[New LWP 1019272]
[New LWP 1019271]
[New LWP 1019270]
[New LWP 1019269]
[New LWP 1019268]
[New LWP 1019267]
[New LWP 1019266]
[New LWP 1019265]
[New LWP 1019264]
[New LWP 1019263]
[New LWP 1019262]
[New LWP 1019261]
[New LWP 1019260]
[New LWP 1019259]
[New LWP 1019258]
[New LWP 1019257]
[New LWP 1019256]
[New LWP 1019255]
[New LWP 1019254]
[New LWP 1019253]
[New LWP 1019252]
[New LWP 1019251]
[New LWP 1019250]
[New LWP 1019249]
[New LWP 1019248]
[New LWP 1019247]
[New LWP 1019246]
[New LWP 1019245]
[New LWP 1019244]
[New LWP 1019243]
[New LWP 1019242]
[New LWP 1019241]
[New LWP 1019240]
[New LWP 1019239]
[New LWP 1019238]
[New LWP 1019237]
[New LWP 1019236]
[New LWP 1019235]
[New LWP 1019234]
[New LWP 1019233]
[New LWP 1019232]
[New LWP 1019231]
[New LWP 1019230]
[New LWP 1019229]
[Thread debugging using libthread_db enabled]
Using host libthread_db library "/usr/lib64/libthread_db.so.1".
Vsync (mode=-1) at pc_port/src/psyq_compat.c:1374
1374	{
Temporary breakpoint 1 at 0x4786f8: file src/field/main/misc4.c, line 1756.

Thread 1 "xeno-port" hit Temporary breakpoint 1, func_8007BEF4 (move=0x7ffc274a5e98, base=0x74c3ec <g_PsxRam+1241900>, actorData=0x74c3cc <g_PsxRam+1241868> "0D\002", outEdge=0x7ffc274a5fb0, outPoint=0x7ffc274a5eb0, mode=0, outFlags=0x7ffc274a5e5c) at src/field/main/misc4.c:1756
1756	    s32 state = *(s16*)(actorData + 0x10);
0x7ffc274a5e98:	0xffffe163	0x00000000	0xfffef066
0x74c3ec <g_PsxRam+1241900>:	0x012019bc	0xfdc18000	0x03d05cd5
$1 = 0
0x0000000000478402 in func_8007BAC0 (pVec=0x7ffc274a5fa4, pActorData=0x74c3cc <g_PsxRam+1241868>, pOut=0x7ffc274a5fb0, angle=1243) at src/field/main/misc4.c:1690
1690	    if (func_8007BEF4(move, (s32*)(actorData + 0x20), actorData,
Value returned is $2 = -1
$3 = 4294967295
0x7ffc274a5fb0:	0x011a	0xfe12	0x03a0	0x0401	0x0122	0xfd98	0x03e7	0x0000
0x7ffc274a5eb0:	0x0000011f	0x000003cf	0x0074c3e0	0x00000000
0x7ffc274a5ec0:	0x274a5fd0	0x00007ffc	0x0048ba99	0x00000000
0x7ffc274a5ed0:	0x0074c3cc	0x00000000	0x274a5fa4	0x00007ffc
0x7ffc274a5e5c:	0x00800000
[Inferior 1 (process 1019197) detached]
