In file included from src/slus_006.64/system/animation_scripts.c:3:
include/system/memory.h:10:14: warning: conflicting types for built-in function ‘strlen’; expected ‘long unsigned int(const char *)’ [-Wbuiltin-declaration-mismatch]
   10 | extern u_int strlen(char* pString);
      |              ^~~~~~
include/system/memory.h:5:1: note: ‘strlen’ is declared in header ‘<string.h>’
    4 | #include "main/main.h"
  +++ |+#include <string.h>
    5 | 
src/slus_006.64/system/animation_scripts.c: In function ‘AnimationSoundBankSelector’:
src/slus_006.64/system/animation_scripts.c:136:5: warning: implicit declaration of function ‘memcpy’ [-Wimplicit-function-declaration]
  136 |     memcpy(&bank, PSX_ADDR(0x8005919C), sizeof(bank));
      |     ^~~~~~
src/slus_006.64/system/animation_scripts.c:134:1: note: include ‘<string.h>’ or provide a declaration of ‘memcpy’
  133 | #include "../../../pc_port/src/psx_memory.h"
  +++ |+#include <string.h>
  134 | static u32 AnimationSoundBankSelector(void) {
src/slus_006.64/system/animation_scripts.c:136:5: warning: incompatible implicit declaration of built-in function ‘memcpy’ [-Wbuiltin-declaration-mismatch]
  136 |     memcpy(&bank, PSX_ADDR(0x8005919C), sizeof(bank));
      |     ^~~~~~
src/slus_006.64/system/animation_scripts.c:136:5: note: include ‘<string.h>’ or provide a declaration of ‘memcpy’
src/slus_006.64/system/animation_scripts.c: In function ‘func_8001FBE4’:
src/slus_006.64/system/animation_scripts.c:486:13: warning: implicit declaration of function ‘func_8001F6B0’; did you mean ‘func_8001FB30’? [-Wimplicit-function-declaration]
  486 |             func_8001F6B0(p);
      |             ^~~~~~~~~~~~~
      |             func_8001FB30
src/slus_006.64/system/animation_scripts.c:1283:9: warning: incompatible implicit declaration of built-in function ‘memcpy’ [-Wbuiltin-declaration-mismatch]
 1283 |         memcpy((void*)(uintptr_t)*(u32*)(pBase + 0x30),
      |         ^~~~~~
src/slus_006.64/system/animation_scripts.c:1283:9: note: include ‘<string.h>’ or provide a declaration of ‘memcpy’
src/slus_006.64/system/animation_scripts.c: In function ‘func_80022038’:
src/slus_006.64/system/animation_scripts.c:1646:9: warning: implicit declaration of function ‘SpriteComputeTransformMatrix’ [-Wimplicit-function-declaration]
 1646 |         SpriteComputeTransformMatrix(pSpriteData);
      |         ^~~~~~~~~~~~~~~~~~~~~~~~~~~~
src/slus_006.64/system/animation_scripts.c: At top level:
src/slus_006.64/system/animation_scripts.c:1653:6: warning: conflicting types for ‘SpriteComputeTransformMatrix’; have ‘void(SpriteData *)’
 1653 | void SpriteComputeTransformMatrix(SpriteData* pSpriteData) {
      |      ^~~~~~~~~~~~~~~~~~~~~~~~~~~~
src/slus_006.64/system/animation_scripts.c:1646:9: note: previous implicit declaration of ‘SpriteComputeTransformMatrix’ with type ‘void(SpriteData *)’
 1646 |         SpriteComputeTransformMatrix(pSpriteData);
      |         ^~~~~~~~~~~~~~~~~~~~~~~~~~~~
src/slus_006.64/system/animation_scripts.c: In function ‘SpriteComputeTransformMatrix’:
src/slus_006.64/system/animation_scripts.c:1666:9: warning: implicit declaration of function ‘ScaleMatrixL’; did you mean ‘ScaleMatrix’? [-Wimplicit-function-declaration]
 1666 |         ScaleMatrixL((MATRIX*)(pBase + 0xC), &scale);
      |         ^~~~~~~~~~~~
      |         ScaleMatrix
SPRITE E6 PASS 41472 cases: stack-relative and register-block slots, all value bytes, high opcode bits, aliased operands
In file included from src/slus_006.64/system/animation_scripts.c:3:
include/system/memory.h:10:14: warning: conflicting types for built-in function ‘strlen’; expected ‘long unsigned int(const char *)’ [-Wbuiltin-declaration-mismatch]
   10 | extern u_int strlen(char* pString);
      |              ^~~~~~
include/system/memory.h:5:1: note: ‘strlen’ is declared in header ‘<string.h>’
    4 | #include "main/main.h"
  +++ |+#include <string.h>
    5 | 
src/slus_006.64/system/animation_scripts.c: In function ‘AnimationSoundBankSelector’:
src/slus_006.64/system/animation_scripts.c:136:5: warning: implicit declaration of function ‘memcpy’ [-Wimplicit-function-declaration]
  136 |     memcpy(&bank, PSX_ADDR(0x8005919C), sizeof(bank));
      |     ^~~~~~
src/slus_006.64/system/animation_scripts.c:134:1: note: include ‘<string.h>’ or provide a declaration of ‘memcpy’
  133 | #include "../../../pc_port/src/psx_memory.h"
  +++ |+#include <string.h>
  134 | static u32 AnimationSoundBankSelector(void) {
src/slus_006.64/system/animation_scripts.c:136:5: warning: incompatible implicit declaration of built-in function ‘memcpy’ [-Wbuiltin-declaration-mismatch]
  136 |     memcpy(&bank, PSX_ADDR(0x8005919C), sizeof(bank));
      |     ^~~~~~
src/slus_006.64/system/animation_scripts.c:136:5: note: include ‘<string.h>’ or provide a declaration of ‘memcpy’
src/slus_006.64/system/animation_scripts.c: In function ‘func_8001FBE4’:
src/slus_006.64/system/animation_scripts.c:486:13: warning: implicit declaration of function ‘func_8001F6B0’; did you mean ‘func_8001FB30’? [-Wimplicit-function-declaration]
  486 |             func_8001F6B0(p);
      |             ^~~~~~~~~~~~~
      |             func_8001FB30
src/slus_006.64/system/animation_scripts.c:1283:9: warning: incompatible implicit declaration of built-in function ‘memcpy’ [-Wbuiltin-declaration-mismatch]
 1283 |         memcpy((void*)(uintptr_t)*(u32*)(pBase + 0x30),
      |         ^~~~~~
src/slus_006.64/system/animation_scripts.c:1283:9: note: include ‘<string.h>’ or provide a declaration of ‘memcpy’
src/slus_006.64/system/animation_scripts.c: In function ‘func_80022038’:
src/slus_006.64/system/animation_scripts.c:1646:9: warning: implicit declaration of function ‘SpriteComputeTransformMatrix’ [-Wimplicit-function-declaration]
 1646 |         SpriteComputeTransformMatrix(pSpriteData);
      |         ^~~~~~~~~~~~~~~~~~~~~~~~~~~~
src/slus_006.64/system/animation_scripts.c: At top level:
src/slus_006.64/system/animation_scripts.c:1653:6: warning: conflicting types for ‘SpriteComputeTransformMatrix’; have ‘void(SpriteData *)’
 1653 | void SpriteComputeTransformMatrix(SpriteData* pSpriteData) {
      |      ^~~~~~~~~~~~~~~~~~~~~~~~~~~~
src/slus_006.64/system/animation_scripts.c:1646:9: note: previous implicit declaration of ‘SpriteComputeTransformMatrix’ with type ‘void(SpriteData *)’
 1646 |         SpriteComputeTransformMatrix(pSpriteData);
      |         ^~~~~~~~~~~~~~~~~~~~~~~~~~~~
src/slus_006.64/system/animation_scripts.c: In function ‘SpriteComputeTransformMatrix’:
src/slus_006.64/system/animation_scripts.c:1666:9: warning: implicit declaration of function ‘ScaleMatrixL’; did you mean ‘ScaleMatrix’? [-Wimplicit-function-declaration]
 1666 |         ScaleMatrixL((MATRIX*)(pBase + 0xC), &scale);
      |         ^~~~~~~~~~~~
      |         ScaleMatrix
SPRITE E6 PASS 41472 cases: stack-relative and register-block slots, all value bytes, high opcode bits, aliased operands
In file included from src/slus_006.64/system/animation_scripts.c:3:
include/system/memory.h:10:14: warning: conflicting types for built-in function ‘strlen’; expected ‘long unsigned int(const char *)’ [-Wbuiltin-declaration-mismatch]
   10 | extern u_int strlen(char* pString);
      |              ^~~~~~
include/system/memory.h:5:1: note: ‘strlen’ is declared in header ‘<string.h>’
    4 | #include "main/main.h"
  +++ |+#include <string.h>
    5 | 
src/slus_006.64/system/animation_scripts.c: In function ‘AnimationSoundBankSelector’:
src/slus_006.64/system/animation_scripts.c:136:5: warning: implicit declaration of function ‘memcpy’ [-Wimplicit-function-declaration]
  136 |     memcpy(&bank, PSX_ADDR(0x8005919C), sizeof(bank));
      |     ^~~~~~
src/slus_006.64/system/animation_scripts.c:134:1: note: include ‘<string.h>’ or provide a declaration of ‘memcpy’
  133 | #include "../../../pc_port/src/psx_memory.h"
  +++ |+#include <string.h>
  134 | static u32 AnimationSoundBankSelector(void) {
src/slus_006.64/system/animation_scripts.c:136:5: warning: incompatible implicit declaration of built-in function ‘memcpy’ [-Wbuiltin-declaration-mismatch]
  136 |     memcpy(&bank, PSX_ADDR(0x8005919C), sizeof(bank));
      |     ^~~~~~
src/slus_006.64/system/animation_scripts.c:136:5: note: include ‘<string.h>’ or provide a declaration of ‘memcpy’
src/slus_006.64/system/animation_scripts.c: In function ‘func_8001FBE4’:
src/slus_006.64/system/animation_scripts.c:486:13: warning: implicit declaration of function ‘func_8001F6B0’; did you mean ‘func_8001FB30’? [-Wimplicit-function-declaration]
  486 |             func_8001F6B0(p);
      |             ^~~~~~~~~~~~~
      |             func_8001FB30
src/slus_006.64/system/animation_scripts.c:1283:9: warning: incompatible implicit declaration of built-in function ‘memcpy’ [-Wbuiltin-declaration-mismatch]
 1283 |         memcpy((void*)(uintptr_t)*(u32*)(pBase + 0x30),
      |         ^~~~~~
src/slus_006.64/system/animation_scripts.c:1283:9: note: include ‘<string.h>’ or provide a declaration of ‘memcpy’
src/slus_006.64/system/animation_scripts.c: In function ‘func_80022038’:
src/slus_006.64/system/animation_scripts.c:1646:9: warning: implicit declaration of function ‘SpriteComputeTransformMatrix’ [-Wimplicit-function-declaration]
 1646 |         SpriteComputeTransformMatrix(pSpriteData);
      |         ^~~~~~~~~~~~~~~~~~~~~~~~~~~~
src/slus_006.64/system/animation_scripts.c: At top level:
src/slus_006.64/system/animation_scripts.c:1653:6: warning: conflicting types for ‘SpriteComputeTransformMatrix’; have ‘void(SpriteData *)’
 1653 | void SpriteComputeTransformMatrix(SpriteData* pSpriteData) {
      |      ^~~~~~~~~~~~~~~~~~~~~~~~~~~~
src/slus_006.64/system/animation_scripts.c:1646:9: note: previous implicit declaration of ‘SpriteComputeTransformMatrix’ with type ‘void(SpriteData *)’
 1646 |         SpriteComputeTransformMatrix(pSpriteData);
      |         ^~~~~~~~~~~~~~~~~~~~~~~~~~~~
src/slus_006.64/system/animation_scripts.c: In function ‘SpriteComputeTransformMatrix’:
src/slus_006.64/system/animation_scripts.c:1666:9: warning: implicit declaration of function ‘ScaleMatrixL’; did you mean ‘ScaleMatrix’? [-Wimplicit-function-declaration]
 1666 |         ScaleMatrixL((MATRIX*)(pBase + 0xC), &scale);
      |         ^~~~~~~~~~~~
      |         ScaleMatrix
SPRITE E6 PASS 41472 cases: stack-relative and register-block slots, all value bytes, high opcode bits, aliased operands
SPRITE E6 O0/O2/UBSAN PASS
In file included from pc_port/build_native/sprite_dispatch_e6_retail_test/omit_high_clear.c:3:
include/system/memory.h:10:14: warning: conflicting types for built-in function ‘strlen’; expected ‘long unsigned int(const char *)’ [-Wbuiltin-declaration-mismatch]
   10 | extern u_int strlen(char* pString);
      |              ^~~~~~
include/system/memory.h:5:1: note: ‘strlen’ is declared in header ‘<string.h>’
    4 | #include "main/main.h"
  +++ |+#include <string.h>
    5 | 
pc_port/build_native/sprite_dispatch_e6_retail_test/omit_high_clear.c: In function ‘AnimationSoundBankSelector’:
pc_port/build_native/sprite_dispatch_e6_retail_test/omit_high_clear.c:136:5: warning: implicit declaration of function ‘memcpy’ [-Wimplicit-function-declaration]
  136 |     memcpy(&bank, PSX_ADDR(0x8005919C), sizeof(bank));
      |     ^~~~~~
pc_port/build_native/sprite_dispatch_e6_retail_test/omit_high_clear.c:134:1: note: include ‘<string.h>’ or provide a declaration of ‘memcpy’
  133 | #include "../../../pc_port/src/psx_memory.h"
  +++ |+#include <string.h>
  134 | static u32 AnimationSoundBankSelector(void) {
pc_port/build_native/sprite_dispatch_e6_retail_test/omit_high_clear.c:136:5: warning: incompatible implicit declaration of built-in function ‘memcpy’ [-Wbuiltin-declaration-mismatch]
  136 |     memcpy(&bank, PSX_ADDR(0x8005919C), sizeof(bank));
      |     ^~~~~~
pc_port/build_native/sprite_dispatch_e6_retail_test/omit_high_clear.c:136:5: note: include ‘<string.h>’ or provide a declaration of ‘memcpy’
pc_port/build_native/sprite_dispatch_e6_retail_test/omit_high_clear.c: In function ‘func_8001FBE4’:
pc_port/build_native/sprite_dispatch_e6_retail_test/omit_high_clear.c:486:13: warning: implicit declaration of function ‘func_8001F6B0’; did you mean ‘func_8001FB30’? [-Wimplicit-function-declaration]
  486 |             func_8001F6B0(p);
      |             ^~~~~~~~~~~~~
      |             func_8001FB30
pc_port/build_native/sprite_dispatch_e6_retail_test/omit_high_clear.c:1283:9: warning: incompatible implicit declaration of built-in function ‘memcpy’ [-Wbuiltin-declaration-mismatch]
 1283 |         memcpy((void*)(uintptr_t)*(u32*)(pBase + 0x30),
      |         ^~~~~~
pc_port/build_native/sprite_dispatch_e6_retail_test/omit_high_clear.c:1283:9: note: include ‘<string.h>’ or provide a declaration of ‘memcpy’
pc_port/build_native/sprite_dispatch_e6_retail_test/omit_high_clear.c: In function ‘func_80022038’:
pc_port/build_native/sprite_dispatch_e6_retail_test/omit_high_clear.c:1646:9: warning: implicit declaration of function ‘SpriteComputeTransformMatrix’ [-Wimplicit-function-declaration]
 1646 |         SpriteComputeTransformMatrix(pSpriteData);
      |         ^~~~~~~~~~~~~~~~~~~~~~~~~~~~
pc_port/build_native/sprite_dispatch_e6_retail_test/omit_high_clear.c: At top level:
pc_port/build_native/sprite_dispatch_e6_retail_test/omit_high_clear.c:1653:6: warning: conflicting types for ‘SpriteComputeTransformMatrix’; have ‘void(SpriteData *)’
 1653 | void SpriteComputeTransformMatrix(SpriteData* pSpriteData) {
      |      ^~~~~~~~~~~~~~~~~~~~~~~~~~~~
pc_port/build_native/sprite_dispatch_e6_retail_test/omit_high_clear.c:1646:9: note: previous implicit declaration of ‘SpriteComputeTransformMatrix’ with type ‘void(SpriteData *)’
 1646 |         SpriteComputeTransformMatrix(pSpriteData);
      |         ^~~~~~~~~~~~~~~~~~~~~~~~~~~~
pc_port/build_native/sprite_dispatch_e6_retail_test/omit_high_clear.c: In function ‘SpriteComputeTransformMatrix’:
pc_port/build_native/sprite_dispatch_e6_retail_test/omit_high_clear.c:1666:9: warning: implicit declaration of function ‘ScaleMatrixL’; did you mean ‘ScaleMatrix’? [-Wimplicit-function-declaration]
 1666 |         ScaleMatrixL((MATRIX*)(pBase + 0xC), &scale);
      |         ^~~~~~~~~~~~
      |         ScaleMatrix
In file included from pc_port/build_native/sprite_dispatch_e6_retail_test/late_operand_read.c:3:
include/system/memory.h:10:14: warning: conflicting types for built-in function ‘strlen’; expected ‘long unsigned int(const char *)’ [-Wbuiltin-declaration-mismatch]
   10 | extern u_int strlen(char* pString);
      |              ^~~~~~
include/system/memory.h:5:1: note: ‘strlen’ is declared in header ‘<string.h>’
    4 | #include "main/main.h"
  +++ |+#include <string.h>
    5 | 
pc_port/build_native/sprite_dispatch_e6_retail_test/late_operand_read.c: In function ‘AnimationSoundBankSelector’:
pc_port/build_native/sprite_dispatch_e6_retail_test/late_operand_read.c:136:5: warning: implicit declaration of function ‘memcpy’ [-Wimplicit-function-declaration]
  136 |     memcpy(&bank, PSX_ADDR(0x8005919C), sizeof(bank));
      |     ^~~~~~
pc_port/build_native/sprite_dispatch_e6_retail_test/late_operand_read.c:134:1: note: include ‘<string.h>’ or provide a declaration of ‘memcpy’
  133 | #include "../../../pc_port/src/psx_memory.h"
  +++ |+#include <string.h>
  134 | static u32 AnimationSoundBankSelector(void) {
pc_port/build_native/sprite_dispatch_e6_retail_test/late_operand_read.c:136:5: warning: incompatible implicit declaration of built-in function ‘memcpy’ [-Wbuiltin-declaration-mismatch]
  136 |     memcpy(&bank, PSX_ADDR(0x8005919C), sizeof(bank));
      |     ^~~~~~
pc_port/build_native/sprite_dispatch_e6_retail_test/late_operand_read.c:136:5: note: include ‘<string.h>’ or provide a declaration of ‘memcpy’
pc_port/build_native/sprite_dispatch_e6_retail_test/late_operand_read.c: In function ‘func_8001FBE4’:
pc_port/build_native/sprite_dispatch_e6_retail_test/late_operand_read.c:486:13: warning: implicit declaration of function ‘func_8001F6B0’; did you mean ‘func_8001FB30’? [-Wimplicit-function-declaration]
  486 |             func_8001F6B0(p);
      |             ^~~~~~~~~~~~~
      |             func_8001FB30
pc_port/build_native/sprite_dispatch_e6_retail_test/late_operand_read.c:1283:9: warning: incompatible implicit declaration of built-in function ‘memcpy’ [-Wbuiltin-declaration-mismatch]
 1283 |         memcpy((void*)(uintptr_t)*(u32*)(pBase + 0x30),
      |         ^~~~~~
pc_port/build_native/sprite_dispatch_e6_retail_test/late_operand_read.c:1283:9: note: include ‘<string.h>’ or provide a declaration of ‘memcpy’
pc_port/build_native/sprite_dispatch_e6_retail_test/late_operand_read.c: In function ‘func_80022038’:
pc_port/build_native/sprite_dispatch_e6_retail_test/late_operand_read.c:1647:9: warning: implicit declaration of function ‘SpriteComputeTransformMatrix’ [-Wimplicit-function-declaration]
 1647 |         SpriteComputeTransformMatrix(pSpriteData);
      |         ^~~~~~~~~~~~~~~~~~~~~~~~~~~~
pc_port/build_native/sprite_dispatch_e6_retail_test/late_operand_read.c: At top level:
pc_port/build_native/sprite_dispatch_e6_retail_test/late_operand_read.c:1654:6: warning: conflicting types for ‘SpriteComputeTransformMatrix’; have ‘void(SpriteData *)’
 1654 | void SpriteComputeTransformMatrix(SpriteData* pSpriteData) {
      |      ^~~~~~~~~~~~~~~~~~~~~~~~~~~~
pc_port/build_native/sprite_dispatch_e6_retail_test/late_operand_read.c:1647:9: note: previous implicit declaration of ‘SpriteComputeTransformMatrix’ with type ‘void(SpriteData *)’
 1647 |         SpriteComputeTransformMatrix(pSpriteData);
      |         ^~~~~~~~~~~~~~~~~~~~~~~~~~~~
pc_port/build_native/sprite_dispatch_e6_retail_test/late_operand_read.c: In function ‘SpriteComputeTransformMatrix’:
pc_port/build_native/sprite_dispatch_e6_retail_test/late_operand_read.c:1667:9: warning: implicit declaration of function ‘ScaleMatrixL’; did you mean ‘ScaleMatrix’? [-Wimplicit-function-declaration]
 1667 |         ScaleMatrixL((MATRIX*)(pBase + 0xC), &scale);
      |         ^~~~~~~~~~~~
      |         ScaleMatrix
In file included from pc_port/build_native/sprite_dispatch_e6_retail_test/wrong_high_byte.c:3:
include/system/memory.h:10:14: warning: conflicting types for built-in function ‘strlen’; expected ‘long unsigned int(const char *)’ [-Wbuiltin-declaration-mismatch]
   10 | extern u_int strlen(char* pString);
      |              ^~~~~~
include/system/memory.h:5:1: note: ‘strlen’ is declared in header ‘<string.h>’
    4 | #include "main/main.h"
  +++ |+#include <string.h>
    5 | 
pc_port/build_native/sprite_dispatch_e6_retail_test/wrong_high_byte.c: In function ‘AnimationSoundBankSelector’:
pc_port/build_native/sprite_dispatch_e6_retail_test/wrong_high_byte.c:136:5: warning: implicit declaration of function ‘memcpy’ [-Wimplicit-function-declaration]
  136 |     memcpy(&bank, PSX_ADDR(0x8005919C), sizeof(bank));
      |     ^~~~~~
pc_port/build_native/sprite_dispatch_e6_retail_test/wrong_high_byte.c:134:1: note: include ‘<string.h>’ or provide a declaration of ‘memcpy’
  133 | #include "../../../pc_port/src/psx_memory.h"
  +++ |+#include <string.h>
  134 | static u32 AnimationSoundBankSelector(void) {
pc_port/build_native/sprite_dispatch_e6_retail_test/wrong_high_byte.c:136:5: warning: incompatible implicit declaration of built-in function ‘memcpy’ [-Wbuiltin-declaration-mismatch]
  136 |     memcpy(&bank, PSX_ADDR(0x8005919C), sizeof(bank));
      |     ^~~~~~
pc_port/build_native/sprite_dispatch_e6_retail_test/wrong_high_byte.c:136:5: note: include ‘<string.h>’ or provide a declaration of ‘memcpy’
pc_port/build_native/sprite_dispatch_e6_retail_test/wrong_high_byte.c: In function ‘func_8001FBE4’:
pc_port/build_native/sprite_dispatch_e6_retail_test/wrong_high_byte.c:486:13: warning: implicit declaration of function ‘func_8001F6B0’; did you mean ‘func_8001FB30’? [-Wimplicit-function-declaration]
  486 |             func_8001F6B0(p);
      |             ^~~~~~~~~~~~~
      |             func_8001FB30
pc_port/build_native/sprite_dispatch_e6_retail_test/wrong_high_byte.c:1283:9: warning: incompatible implicit declaration of built-in function ‘memcpy’ [-Wbuiltin-declaration-mismatch]
 1283 |         memcpy((void*)(uintptr_t)*(u32*)(pBase + 0x30),
      |         ^~~~~~
pc_port/build_native/sprite_dispatch_e6_retail_test/wrong_high_byte.c:1283:9: note: include ‘<string.h>’ or provide a declaration of ‘memcpy’
pc_port/build_native/sprite_dispatch_e6_retail_test/wrong_high_byte.c: In function ‘func_80022038’:
pc_port/build_native/sprite_dispatch_e6_retail_test/wrong_high_byte.c:1646:9: warning: implicit declaration of function ‘SpriteComputeTransformMatrix’ [-Wimplicit-function-declaration]
 1646 |         SpriteComputeTransformMatrix(pSpriteData);
      |         ^~~~~~~~~~~~~~~~~~~~~~~~~~~~
pc_port/build_native/sprite_dispatch_e6_retail_test/wrong_high_byte.c: At top level:
pc_port/build_native/sprite_dispatch_e6_retail_test/wrong_high_byte.c:1653:6: warning: conflicting types for ‘SpriteComputeTransformMatrix’; have ‘void(SpriteData *)’
 1653 | void SpriteComputeTransformMatrix(SpriteData* pSpriteData) {
      |      ^~~~~~~~~~~~~~~~~~~~~~~~~~~~
pc_port/build_native/sprite_dispatch_e6_retail_test/wrong_high_byte.c:1646:9: note: previous implicit declaration of ‘SpriteComputeTransformMatrix’ with type ‘void(SpriteData *)’
 1646 |         SpriteComputeTransformMatrix(pSpriteData);
      |         ^~~~~~~~~~~~~~~~~~~~~~~~~~~~
pc_port/build_native/sprite_dispatch_e6_retail_test/wrong_high_byte.c: In function ‘SpriteComputeTransformMatrix’:
pc_port/build_native/sprite_dispatch_e6_retail_test/wrong_high_byte.c:1666:9: warning: implicit declaration of function ‘ScaleMatrixL’; did you mean ‘ScaleMatrix’? [-Wimplicit-function-declaration]
 1666 |         ScaleMatrixL((MATRIX*)(pBase + 0xC), &scale);
      |         ^~~~~~~~~~~~
      |         ScaleMatrix
SPRITE E6 negative controls PASS: omit_high_clear late_operand_read wrong_high_byte
