ALSA lib confmisc.c:855:(parse_card) cannot find card '0'
ALSA lib conf.c:5208:(_snd_config_evaluate) function snd_func_card_inum returned error: No such file or directory
ALSA lib confmisc.c:422:(snd_func_concat) error evaluating strings
ALSA lib conf.c:5208:(_snd_config_evaluate) function snd_func_concat returned error: No such file or directory
ALSA lib confmisc.c:1342:(snd_func_refer) error evaluating name
ALSA lib conf.c:5208:(_snd_config_evaluate) function snd_func_refer returned error: No such file or directory
ALSA lib conf.c:5731:(snd_config_expand) Evaluate error: No such file or directory
ALSA lib pcm.c:2721:(snd_pcm_open_noupdate) Unknown PCM default
[stub] SoundHandleError
[xeno-port] booting (Silent-Hill-style: PSX RAM emu + runtime dispatch table)
[xeno-port] PSX RAM emulation: 3072 KB at 0x615e40
[xeno-port] main-exe static data loaded from disc/SLUS_006.64: rodata [0x80010000,0x80019524) sdata [0x8004ea90,0x800576e4) (file offset 0x800 + vaddr - 0x80010000); .text and ._49AC0 island not copied
[xeno-port][boot] world state 3: retail native owner enabled (hasOverlay=1)
[Psy-X] Initialising Psy-X 2.8
[Psy-X] Build date: Sep  6 2026:17:50:45
[Psy-X] *Video adapter: llvmpipe (LLVM 20.1.2, 256 bits) by Mesa
[Psy-X] *OpenGL version: 4.5 (Core Profile) Mesa 25.2.8-0ubuntu0.24.04.2
[Psy-X] *GLSL version: 4.50
[Psy-X] Host toolbar enabled: Quick Save | Quick Load | Record | Speed (F11 cycles, Shift+F11 resets; hold Backspace for 5x)
[Psy-X] found sound device: OpenAL Soft
[Psy-X] [PsyX_SPUAL_InitSound] - alcOpenDevice: NULL DEVICE error: ALC_INVALID_VALUE
[xeno-port] CD image: disc/disc1.bin
[Psy-X] Using 'disc/disc1.bin' image, sector size: 2352, frames: 305586
[Psy-X] [CdControl] - Unhandled command 0x07!
[xeno-port] ArchiveInit done (archive index loaded from disc).
[xeno-port][sound] retail boot WDS banks 2..5 loaded
[xeno-port][field] XENO_FIELD_MAP=17
[xeno-port][field] XENO_FIELD_ENTRANCE=0 (D_8006F954 -> field-script var 2)
[xeno-port][field] camera approach octant=7 (D_8006F950 -> field-script var 8)
[xeno-port][field] font + party-skin init done
[xeno-port][boot] direct field-test route: state 1 (KernelMenu not rendered)
[xeno-port] entering decompiled MainLoop() (oracle)...
[FieldMain] entry. D_80010000=0xffffffff
[FieldMain] g_FieldSystemMode=1 (CD_ROM)
[FieldMain] FieldInitializeControllers
[FieldMain] g_pGameState=0x9c5a50 g_GameSceneMapNum=17
[FieldMain] FieldLoadUITextures
[field-diag] FieldLoad begin field=17 mapBuf=0x7e54bc
[field-diag] assets before VM: tim=0 clut=0 scripts=59 scriptData=0x7398c4
[field-diag] spawn marker=0xff modelsInPackage=68
[field-diag] spawn[0] x=26 z=-1706 wm=0 rot=255 face=0
[field-diag] spawn[1] x=-163 z=-450 wm=1 rot=255 face=4
[field-diag] spawn[2] x=-124 z=-1041 wm=0 rot=255 face=4
[field-diag] spawn[3] x=132 z=-472 wm=0 rot=255 face=1
[field-diag] spawn[4] x=-319 z=-845 wm=1 rot=255 face=0
[field-diag] spawn[5] x=-446 z=448 wm=0 rot=255 face=3
[field-diag] spawn[6] x=-116 z=-913 wm=2 rot=255 face=255
[field-diag] spawn[7] x=-126 z=-903 wm=2 rot=0 face=0
[field-diag] spawn[8] x=10940 z=1696 wm=128 rot=25 face=128
[field-diag] spawn[9] x=-32000 z=-25 wm=128 rot=255 face=128
[field-diag] spawn[10] x=-32513 z=4230 wm=128 rot=82 face=0
[field-diag] spawn[11] x=15358 z=-32766 wm=132 rot=24 face=128
[field-diag] sprite package loaded: spriteData=0x741da8
[field-diag] actors allocated: count=132 actorArray=0x745d80
[field-diag] func_8002C644: skip invalid pin base=0x72c1f0 end=0x106ffa8 hdrNext=0x0 (skips=1)
[field-diag] model-build actor=36 spriteId=57 groups=2 status=0280 faPos=(-72,-150,-1224)
[field-diag] model-build actor=37 spriteId=57 groups=2 status=0280 faPos=(215,-150,360)
[field-diag] func_8002C644: skip invalid pin base=0x72d02c end=0xd6ffa8 hdrNext=0x0 (skips=2)
[field-diag] model-build actor=38 spriteId=59 groups=2 status=0280 faPos=(72,-149,504)
[field-diag] func_8002C644: skip invalid pin base=0x736bcc end=0x106ffa8 hdrNext=0x0 (skips=3)
[field-diag] model-build actor=39 spriteId=63 groups=2 status=0280 faPos=(-1210,242,-584)
[field-diag] func_8002C644: skip invalid pin base=0x73776c end=0xd6ffa8 hdrNext=0x0 (skips=4)
[field-diag] model-build actor=40 spriteId=65 groups=2 status=0280 faPos=(-1357,260,-436)
[field-diag] model-build actor=41 spriteId=57 groups=2 status=0280 faPos=(647,-30,648)
[field-diag] model-build actor=42 spriteId=65 groups=2 status=0280 faPos=(1152,216,453)
[field-diag] model-build actor=43 spriteId=63 groups=2 status=0280 faPos=(962,169,631)
[field-diag] model-build actor=44 spriteId=65 groups=2 status=0280 faPos=(859,162,777)
[field-diag] model-build actor=45 spriteId=63 groups=2 status=0280 faPos=(682,120,836)
[field-diag] model-build actor=46 spriteId=65 groups=2 status=0280 faPos=(530,168,1184)
[field-diag] model-build actor=47 spriteId=0 groups=1 status=0290 faPos=(-182,-377,-403)
[field-diag] model-build actor=48 spriteId=0 groups=1 status=0290 faPos=(-164,-25,-977)
[field-diag] model-build actor=49 spriteId=0 groups=1 status=0290 faPos=(112,-26,-540)
[field-diag] model-build actor=50 spriteId=0 groups=1 status=0290 faPos=(-280,-566,-883)
[field-diag] model-build actor=51 spriteId=0 groups=1 status=0290 faPos=(-522,-25,468)
[field-diag] model-build actor=52 spriteId=0 groups=1 status=0290 faPos=(-106,-377,-569)
[field-diag] model-build actor=59 spriteId=1 groups=2 status=0000 faPos=(0,0,0)
[field-diag] model-build actor=60 spriteId=2 groups=2 status=0000 faPos=(0,0,0)
[field-diag] model-build actor=61 spriteId=3 groups=2 status=0000 faPos=(0,0,0)
[field-diag] model-build actor=62 spriteId=4 groups=2 status=0000 faPos=(0,0,0)
[field-diag] model-build actor=63 spriteId=5 groups=2 status=0000 faPos=(0,0,0)
[field-diag] model-build actor=64 spriteId=6 groups=2 status=0000 faPos=(0,0,0)
[field-diag] model-build actor=65 spriteId=7 groups=2 status=0000 faPos=(0,0,0)
[field-diag] model-build actor=66 spriteId=8 groups=2 status=0000 faPos=(0,0,0)
[field-diag] model-build actor=67 spriteId=9 groups=2 status=0010 faPos=(0,0,0)
[field-diag] model-build actor=68 spriteId=10 groups=2 status=0010 faPos=(0,0,0)
[field-diag] model-build actor=69 spriteId=11 groups=2 status=0010 faPos=(0,0,0)
[field-diag] model-build actor=70 spriteId=12 groups=2 status=0010 faPos=(0,0,0)
[field-diag] model-build actor=71 spriteId=13 groups=2 status=0010 faPos=(0,0,0)
[field-diag] model-build actor=72 spriteId=14 groups=2 status=0010 faPos=(0,0,0)
[field-diag] model-build actor=73 spriteId=15 groups=2 status=0010 faPos=(0,0,0)
[field-diag] model-build actor=74 spriteId=16 groups=2 status=0010 faPos=(0,0,0)
[field-diag] model-build actor=75 spriteId=17 groups=2 status=0010 faPos=(0,0,0)
[field-diag] model-build actor=76 spriteId=18 groups=2 status=0010 faPos=(0,0,0)
[field-diag] model-build actor=77 spriteId=19 groups=2 status=0010 faPos=(0,0,0)
[field-diag] model-build actor=78 spriteId=20 groups=2 status=0010 faPos=(0,0,0)
[field-diag] model-build actor=79 spriteId=21 groups=2 status=0000 faPos=(0,0,0)
[field-diag] model-build actor=80 spriteId=22 groups=2 status=0000 faPos=(0,0,0)
[field-diag] model-build actor=81 spriteId=23 groups=2 status=0000 faPos=(0,0,0)
[field-diag] model-build actor=82 spriteId=24 groups=2 status=0000 faPos=(0,0,0)
[field-diag] model-build actor=83 spriteId=25 groups=2 status=0000 faPos=(0,0,0)
[field-diag] model-build actor=84 spriteId=26 groups=2 status=0000 faPos=(0,0,0)
[field-diag] model-build actor=85 spriteId=27 groups=2 status=0010 faPos=(0,0,0)
[field-diag] model-build actor=86 spriteId=28 groups=2 status=0000 faPos=(0,0,0)
[field-diag] model-build actor=87 spriteId=29 groups=2 status=0010 faPos=(0,0,0)
[field-diag] model-build actor=88 spriteId=30 groups=2 status=0010 faPos=(0,0,0)
[field-diag] model-build actor=89 spriteId=31 groups=2 status=0010 faPos=(0,0,0)
[field-diag] model-build actor=90 spriteId=32 groups=2 status=0010 faPos=(0,0,0)
[field-diag] model-build actor=91 spriteId=33 groups=2 status=0010 faPos=(0,0,0)
[field-diag] model-build actor=92 spriteId=34 groups=1 status=0000 faPos=(0,0,0)
[field-diag] model-build actor=93 spriteId=35 groups=2 status=0010 faPos=(0,0,0)
[field-diag] model-build actor=94 spriteId=36 groups=2 status=0010 faPos=(0,0,0)
[field-diag] model-build actor=95 spriteId=37 groups=1 status=0010 faPos=(0,0,0)
[field-diag] model-build actor=96 spriteId=38 groups=2 status=0010 faPos=(0,0,0)
[field-diag] model-build actor=97 spriteId=39 groups=1 status=0010 faPos=(0,0,0)
[field-diag] model-build actor=98 spriteId=40 groups=1 status=0000 faPos=(0,0,-143)
[field-diag] model-build actor=99 spriteId=41 groups=1 status=0000 faPos=(0,0,-143)
[field-diag] model-build actor=100 spriteId=42 groups=1 status=0010 faPos=(0,0,-143)
[field-diag] model-build actor=101 spriteId=40 groups=1 status=0000 faPos=(0,0,0)
[field-diag] model-build actor=102 spriteId=41 groups=1 status=0000 faPos=(0,0,0)
[field-diag] model-build actor=103 spriteId=42 groups=1 status=0010 faPos=(0,0,0)
[field-diag] model-build actor=104 spriteId=43 groups=1 status=0010 faPos=(0,0,0)
[field-diag] model-build actor=105 spriteId=44 groups=2 status=0010 faPos=(0,0,0)
[field-diag] model-build actor=106 spriteId=45 groups=2 status=0000 faPos=(0,0,0)
[field-diag] model-build actor=107 spriteId=46 groups=2 status=0000 faPos=(0,0,0)
[field-diag] model-build actor=108 spriteId=47 groups=2 status=0000 faPos=(0,0,0)
[field-diag] model-build actor=109 spriteId=48 groups=1 status=0010 faPos=(0,0,0)
[field-diag] model-build actor=110 spriteId=49 groups=2 status=0010 faPos=(0,0,0)
[field-diag] model-build actor=111 spriteId=50 groups=1 status=0010 faPos=(0,0,0)
[field-diag] model-build actor=112 spriteId=51 groups=1 status=0010 faPos=(0,0,0)
[field-diag] model-build actor=113 spriteId=52 groups=1 status=0010 faPos=(0,0,0)
[field-diag] model-build actor=114 spriteId=53 groups=1 status=0010 faPos=(0,0,0)
[field-diag] model-build actor=115 spriteId=54 groups=2 status=0010 faPos=(0,0,0)
[field-diag] model-build actor=116 spriteId=55 groups=1 status=0000 faPos=(0,0,0)
[field-diag] model-build actor=117 spriteId=56 groups=2 status=0010 faPos=(0,0,0)
[field-diag] model-build actor=118 spriteId=58 groups=2 status=0010 faPos=(-72,-150,-1224)
[field-diag] model-build actor=119 spriteId=58 groups=2 status=0010 faPos=(215,-150,360)
[field-diag] model-build actor=120 spriteId=58 groups=2 status=0010 faPos=(647,-30,648)
[field-diag] model-build actor=121 spriteId=60 groups=2 status=0010 faPos=(72,-149,504)
[field-diag] model-build actor=122 spriteId=61 groups=2 status=0000 faPos=(0,0,0)
[field-diag] model-build actor=123 spriteId=62 groups=2 status=0010 faPos=(0,0,0)
[field-diag] model-build actor=124 spriteId=64 groups=1 status=0010 faPos=(-1210,242,-584)
[field-diag] model-build actor=125 spriteId=64 groups=1 status=0010 faPos=(682,120,836)
[field-diag] model-build actor=126 spriteId=64 groups=1 status=0010 faPos=(962,169,631)
[field-diag] model-build actor=127 spriteId=66 groups=1 status=0010 faPos=(-1357,260,-436)
[field-diag] model-build actor=128 spriteId=66 groups=1 status=0010 faPos=(530,168,1184)
[field-diag] model-build actor=129 spriteId=66 groups=1 status=0010 faPos=(859,162,777)
[field-diag] model-build actor=130 spriteId=66 groups=1 status=0010 faPos=(1152,216,453)
[field-diag] model-build actor=131 spriteId=67 groups=2 status=8010 faPos=(0,279,17)
[field-diag] model-build count=90 / actors=132
[field-diag] before VM: active=90 actorData=59/132 spriteData=0/132 D_800AFC74=0
[field-diag] func_80076AC0 first: actor=12 actorPtr=0x7461d0 actorSpriteSlot=0x7461d4 curSprite=(nil) args=(12,0,0x741dc0,0,0,128,0)
[field-diag] after VM: active=105 actorData=59/132 spriteData=59/132 D_800AFC74=1 objects=0 player=1
[field-diag] actor[0] status=01e0 flags4=04000800 faPos=(0,0,0) adPos=(0,0,0) model=(nil) sprite=0x7aee90 ip=165
[field-diag] actor[1] status=0240 flags4=04000400 faPos=(26,175,-1706) adPos=(26,175,-1706) model=(nil) sprite=0x7af064 ip=698
[field-diag] actor[2] status=0240 flags4=04000400 faPos=(26,175,-1706) adPos=(26,175,-1706) model=(nil) sprite=0x7af4d8 ip=882
[field-diag] actor[3] status=0260 flags4=04100c00 faPos=(0,0,0) adPos=(0,0,0) model=(nil) sprite=0x7af94c ip=893
[field-diag] actor[4] status=0260 flags4=04100c00 faPos=(0,0,0) adPos=(0,0,0) model=(nil) sprite=0x7afdc0 ip=908
[field-diag] actor[5] status=0260 flags4=04100c00 faPos=(0,0,0) adPos=(0,0,0) model=(nil) sprite=0x7b0234 ip=923
[field-diag] actor[6] status=0260 flags4=04100c00 faPos=(0,0,0) adPos=(0,0,0) model=(nil) sprite=0x7b06a8 ip=938
[field-diag] actor[7] status=0260 flags4=04100c00 faPos=(0,0,0) adPos=(0,0,0) model=(nil) sprite=0x7b0b1c ip=953
[field-diag] actor[8] status=0260 flags4=04100c00 faPos=(0,0,0) adPos=(0,0,0) model=(nil) sprite=0x7b0f90 ip=968
[field-diag] actor[9] status=0260 flags4=04100c00 faPos=(0,0,0) adPos=(0,0,0) model=(nil) sprite=0x7b1404 ip=983
[field-diag] actor[10] status=0260 flags4=04100c00 faPos=(0,0,0) adPos=(0,0,0) model=(nil) sprite=0x7b1878 ip=998
[field-diag] actor[11[xeno-port][opcode56] FE54 snapshot actor=0 lock_ip=0x00b2 pre_lock_control=0 pending=1
] status=0260 flags4=04100c00 faPos=(0,0,0) adPos=(0,0,0) model=(nil) sprite=0x7b1cec ip=1013
[field-diag] actor[12] status=01e0 flags4=00000800 faPos=(0,0,0) adPos=(0,0,0) model=(nil) sprite=0x7b2160 ip=1182
[field-diag] actor[13] status=01e0 flags4=00100800 faPos=(0,0,0) adPos=(0,0,0) model=(nil) sprite=0x7b2334 ip=1414
[field-diag] actor[14] status=0240 flags4=00000000 faPos=(-256,-323,-488) adPos=(-256,-323,-488) model=(nil) sprite=0x7b2508 ip=1637
[field-diag] actor[15] status=0240 flags4=00000000 faPos=(-266,-323,-460) adPos=(-266,-323,-460) model=(nil) sprite=0x7b26c4 ip=1857
[field-diag] actor[16] status=0240 flags4=00000000 faPos=(-345,-391,-691) adPos=(-345,-391,-691) model=(nil) sprite=0x7b2880 ip=2077
[field-diag] actor[17] status=0240 flags4=00000000 faPos=(-312,-462,-798) adPos=(-312,-462,-798) model=(nil) sprite=0x7b2a3c ip=2291
[field-diag] actor[18] status=0240 flags4=00000000 faPos=(-342,-435,-739) adPos=(-342,-435,-739) model=(nil) sprite=0x7b2bf8 ip=2505
[field-diag] actor[19] status=0240 flags4=00000000 faPos=(-323,-368,-669) adPos=(-323,-368,-669) model=(nil) sprite=0x7b2db4 ip=2719
[field-diag] actor[20] status=0240 flags4=00000000 faPos=(-288,-667,-910) adPos=(-288,-667,-910) model=(nil) sprite=0x7b2f70 ip=2973
[field-diag] actor[21] status=0240 flags4=00000000 faPos=(-343,-658,-956) adPos=(-343,-658,-956) model=(nil) sprite=0x7b312c ip=3178
[field-diag] actor[22] status=01e0 flags4=04000800 faPos=(0,0,0) adPos=(0,0,0) model=(nil) sprite=0x7b32e8 ip=3334
[field-diag] actor[23] status=0240 flags4=00000000 faPos=(-177,30,200) adPos=(-177,30,200) model=(nil) sprite=0x7b34bc ip=3506
[field-0bb] archive 0xdb: 395264 bytes read, draining to VRAM
[field-0bb] retail decoder: 193 sectors fed, sectionsLeft=0 stripsLeft=0 done=1
[FieldMain] entering main loop
[reg-flush] KON t=3.8s v2 voll=468 volr=1319 pitch=0xe15 addr=0x44700
[reg-flush] KON t=4.5s v3 voll=468 volr=1319 pitch=0x10bf addr=0x44700
[reg-flush] KON t=5.1s v4 voll=1442 volr=1318 pitch=0x8f1 addr=0x3f130
[reg-flush] KON t=5.7s v2 voll=468 volr=1319 pitch=0xe15 addr=0x44700
[reg-flush] KON t=5.7s v5 voll=1442 volr=1318 pitch=0x871 addr=0x3f130
---- LOG CLOSED ----
