[battle-ot] f=213 addr=007141fc len=9: 2dd12210 00870044 78400000 00870140 008700fb 00e70044 c7776000 00e70140 777060fb
[battle-ot] f=213 addr=007141d4 len=9: 2db84444 00870000 7840003c 00870044 0088007f 00e70000 0000603c 00e70044 55c0607f
[battle-ot] f=213 addr=000f018c len=7: 2723faaa 00a20087 78058a00 006d00ad 002b603f 00a200ad 77728a3f
[battle-ot] f=213 addr=000f012c len=7: 27223300 006d00ad 7805603f 00a20087 002b8a00 006d0087 29986000
[battle-ot] f=213 addr=000f01ac len=7: 27777770 00d700ad 7805b53f 010d0087 002bdf00 00d70087 0444b500
[battle-ot] f=213 addr=000f016c len=7: 27777823 00d70087 7805b500 00a200ad 002b8a3f 00d700ad 0000b53f
[battle-ot] f=213 addr=000f014c len=7: 27978230 00a200ad 78058a3f 00d70087 002bb500 00a20087 29778a00
[battle-ot] f=213 addr=000f010c len=7: 27ffd000 010d0087 7805df00 00d700ad 002bb53f 010d00ad 5523df3f
[battle-ot] f=213 addr=000f64f4 len=7: 27eeeeea fed50263 7806ff55 00a50144 0027c02a fed5013f aa00c055
[battle-ot] f=213 addr=00714540 len=2: e1000020 00000000
[battle-ot] f=213 addr=00714528 len=5: 2ac0c0c0 ffe0ffe0 ffe00140 00f0ffe0 00f00140
[battle-ot] f=213 addr=006f73c4 len=2: e100008f e20f0000
[battle-ot] f=213 addr=006f73dc len=2: e100008f e2000000
[battle-ot] f=213 addr=00141cc8 len=9: 2e04040c 03ff02cb 7303c0c0 03ff002a 004ec0fe 03ff0129 78c0fec0 03fffe72 0085fefe
[battle-ot] f=213 addr=0012f77c len=9: 2e04040c 03ff0049 7303c0c0 03fffe84 004ec0fe 03ff02b9 f600fec0 03ff0105 0c99fefe
[battle-ot] f=213 addr=00112750 len=9: 2e04040c 03ff02bf 7303c0c0 03ffff64 004ec0fe 03ff0215 2500fec0 03fffe7e 2500fefe
[battle-ot] frame=213 presented=892 packets=16 hist: 27=7 2a=1 2d=2 2e=3 e1=3
[battle-ot] f=214 addr=0071433c len=9: 2d12222e 00870044 78400000 00870140 008700fb 00e70044 3bbb6000 00e70140 883060fb
[battle-ot] f=214 addr=00714314 len=9: 2d000d14 00870000 7840003c 00870044 0088007f 00e70000 1122603c 00e70044 1db0607f
[battle-ot] f=214 addr=000f024c len=7: 2723faaa 00a20087 78058a00 006d00ad 002b603f 00a200ad 77728a3f
[battle-ot] f=214 addr=000f01ec len=7: 27223300 006d00ad 7805603f 00a20087 002b8a00 006d0087 29986000
[battle-ot] f=214 addr=000f026c len=7: 27777770 00d700ad 7805b53f 010d0087 002bdf00 00d70087 0444b500
[battle-ot] f=214 addr=000f022c len=7: 27777823 00d70087 7805b500 00a200ad 002b8a3f 00d700ad 0000b53f
[battle-ot] f=214 addr=000f020c len=7: 27978230 00a200ad 78058a3f 00d70087 002bb500 00a20087 29778a00
[battle-ot] f=214 addr=000f01cc len=7: 27ffd000 010d0087 7805df00 00d700ad 002bb53f 010d00ad 5523df3f
[battle-ot] f=214 addr=000f65b4 len=7: 27eeeeea fed50263 7806ff55 00a50144 0027c02a fed5013f aa00c055
[battle-ot] f=214 addr=00719540 len=2: e1000020 00000000
[battle-ot] f=214 addr=00719528 len=5: 2ac0c0c0 ffe0ffe0 ffe00140 00f0ffe0 00f00140
[battle-ot] f=214 addr=006f73d0 len=2: e100008f e20f0000
[battle-ot] f=214 addr=006f73e8 len=2: e100008f e2000000
[battle-ot] f=214 addr=00141cf0 len=9: 2e04040c 03ff02cb 7303c0c0 03ff002a 004ec0fe 03ff0129 0085fec0 03fffe72 0000fefe
[battle-ot] f=214 addr=0012f7a4 len=9: 2e04040c 03ff0049 7303c0c0 03fffe84 004ec0fe 03ff02b9 f500fec0 03ff0105 0cb7fefe
[battle-ot] f=214 addr=00112778 len=9: 2e04040c 03ff02bf 7303c0c0 03ffff64 004ec0fe 03ff0215 2500fec0 03fffe7e 2500fefe
[battle-ot] frame=214 presented=893 packets=16 hist: 27=7 2a=1 2d=2 2e=3 e1=3
