2026-09-07 22:55:45 painting-close-0 z 0.15 seconds
2026-09-07 22:55:47 painting-close-1 z 0.15 seconds
2026-09-07 22:55:50 painting-close-2 z 0.15 seconds
2026-09-07 22:55:52 painting-close-3 z 0.15 seconds
2026-09-07 22:55:55 easel-backoff Down+Right 0.7 seconds
2026-09-07 22:55:57 easel-side Up+Right 1.0 seconds
2026-09-07 22:56:03 stair-approach Up+Left 4.8 seconds
2026-09-07 22:56:29 stair-foot-adjust Down+Left 0.15 seconds
2026-09-07 22:56:31 stair-foot Up+Left 1.4 seconds
2026-09-07 22:56:34 stairs Up+Right 1.8 seconds
2026-09-07 22:56:45 house-story-trigger Up+Right 1.6 seconds
2026-09-07 22:56:55 dan-0 z 0.15 seconds
2026-09-07 22:56:58 dan-1 z 0.15 seconds
2026-09-07 22:57:00 dan-2 z 0.15 seconds
2026-09-07 22:57:03 dan-3 z 0.15 seconds
2026-09-07 22:57:05 dan-4 z 0.15 seconds
2026-09-07 22:57:08 dan-5 z 0.15 seconds
2026-09-07 22:57:11 dan-6 z 0.15 seconds
2026-09-07 22:57:13 dan-7 z 0.15 seconds
2026-09-07 22:57:16 dan-8 z 0.15 seconds
2026-09-07 22:57:19 dan-9 z 0.15 seconds
2026-09-07 22:57:21 dan-10 z 0.15 seconds
2026-09-07 22:57:24 dan-11 z 0.15 seconds
2026-09-07 22:57:27 dan-12 z 0.15 seconds
2026-09-07 22:57:29 dan-13 z 0.15 seconds
2026-09-07 22:57:32 dan-14 z 0.15 seconds
2026-09-07 22:57:35 dan-15 z 0.15 seconds
2026-09-07 22:57:37 dan-16 z 0.15 seconds
2026-09-07 22:57:40 dan-17 z 0.15 seconds
2026-09-07 22:57:42 dan-18 z 0.15 seconds
2026-09-07 22:57:45 dan-19 z 0.15 seconds
2026-09-07 22:57:48 dan-20 z 0.15 seconds
2026-09-07 22:57:50 dan-21 z 0.15 seconds
2026-09-07 22:57:53 dan-22 z 0.15 seconds
2026-09-07 22:57:56 dan-23 z 0.15 seconds
2026-09-07 22:57:58 dan-24 z 0.15 seconds
2026-09-07 22:58:01 dan-25 z 0.15 seconds
2026-09-07 22:58:04 dan-26 z 0.15 seconds
2026-09-07 22:58:06 dan-27 z 0.15 seconds
2026-09-07 22:58:09 dan-28 z 0.15 seconds
2026-09-07 22:58:12 dan-29 z 0.15 seconds
2026-09-07 22:58:26 door-approach Up+Right 0.85 seconds
2026-09-07 22:58:27 door-align Down+Right 0.2 seconds
2026-09-07 22:58:29 door-use z 0.15 seconds
2026-09-07 22:58:43 village-out Up+Right 2.0 seconds
2026-09-07 22:58:49 village-north Up+Left 5.0 seconds
2026-09-07 22:58:51 village-backoff Down+Right 1.0 seconds
2026-09-07 22:58:56 village-east Up+Right 4.0 seconds
2026-09-07 22:59:02 village-path Up+Left 5.0 seconds
2026-09-07 22:59:05 village-rock Down+Left 1.0 seconds
2026-09-07 22:59:15 village-exit Up+Left 9.0 seconds
2026-09-07 22:59:28 mountain-encounter Up+Left 12.0 seconds
2026-09-07 22:59:51 battle-command z 0.15 seconds
2026-09-07 22:59:52 battle-target z 0.15 seconds
2026-09-07 22:59:53 battle-strong c 0.15 seconds
2026-09-07 23:00:10 battle-continue z 0.15 seconds
2026-09-07 23:00:17 battle-hit c 0.15 seconds
2026-09-07 23:00:34 battle-next z 0.15 seconds
2026-09-07 23:01:01 battle-heavy c 0.5 seconds
2026-09-07 23:02:02 battle-end z 0.3 seconds
2026-09-07 23:02:03 battle-light v 0.3 seconds
2026-09-07 23:02:04 battle-light2 v 0.3 seconds
