2026-09-07 22:43:24 painting-close-0 z 0.15 seconds
2026-09-07 22:43:27 painting-close-1 z 0.15 seconds
2026-09-07 22:43:29 painting-close-2 z 0.15 seconds
2026-09-07 22:43:31 painting-close-3 z 0.15 seconds
2026-09-07 22:43:50 room-forward Up+Left 2.0 seconds
2026-09-07 22:43:52 room-stair-align Up+Right 0.5 seconds
2026-09-07 22:43:54 room-tread Up+Left 0.85 seconds
2026-09-07 22:43:56 room-stairs Up+Right 1.4 seconds
2026-09-07 22:44:19 room-around-easel Down+Left 1.0 seconds
2026-09-07 22:44:23 room-north Up+Left 2.5 seconds
2026-09-07 22:44:25 room-stair-base Up+Right 1.3 seconds
2026-09-07 22:44:51 easel-backoff Down+Right 0.7 seconds
2026-09-07 22:44:53 easel-side Up+Right 1.0 seconds
2026-09-07 22:44:58 easel-forward Up+Left 3.0 seconds
2026-09-07 22:45:20 stair-alignment Up+Left 1.4 seconds
2026-09-07 22:45:23 stair-climb Up+Right 1.6 seconds
2026-09-07 22:45:32 house-event Up+Right 0.9 seconds
2026-09-07 22:45:33 house-dialogue-0 z 0.15 seconds
2026-09-07 22:45:36 house-dialogue-1 z 0.15 seconds
2026-09-07 22:45:39 house-dialogue-2 z 0.15 seconds
2026-09-07 22:45:41 house-dialogue-3 z 0.15 seconds
2026-09-07 22:45:44 house-dialogue-4 z 0.15 seconds
2026-09-07 22:45:47 house-dialogue-5 z 0.15 seconds
2026-09-07 22:45:49 house-dialogue-6 z 0.15 seconds
2026-09-07 22:45:52 house-dialogue-7 z 0.15 seconds
2026-09-07 22:45:55 house-dialogue-8 z 0.15 seconds
2026-09-07 22:45:57 house-dialogue-9 z 0.15 seconds
2026-09-07 22:46:00 house-dialogue-10 z 0.15 seconds
2026-09-07 22:46:03 house-dialogue-11 z 0.15 seconds
2026-09-07 22:46:05 house-dialogue-12 z 0.15 seconds
2026-09-07 22:46:08 house-dialogue-13 z 0.15 seconds
2026-09-07 22:46:11 house-dialogue-14 z 0.15 seconds
2026-09-07 22:46:13 house-dialogue-15 z 0.15 seconds
2026-09-07 22:46:16 house-dialogue-16 z 0.15 seconds
2026-09-07 22:46:19 house-dialogue-17 z 0.15 seconds
2026-09-07 22:46:21 house-dialogue-18 z 0.15 seconds
2026-09-07 22:46:24 house-dialogue-19 z 0.15 seconds
2026-09-07 22:46:27 house-dialogue-20 z 0.15 seconds
2026-09-07 22:46:29 house-dialogue-21 z 0.15 seconds
2026-09-07 22:46:32 house-dialogue-22 z 0.15 seconds
2026-09-07 22:46:35 house-dialogue-23 z 0.15 seconds
2026-09-07 22:46:37 house-dialogue-24 z 0.15 seconds
2026-09-07 22:46:40 house-dialogue-25 z 0.15 seconds
2026-09-07 22:46:43 house-dialogue-26 z 0.15 seconds
2026-09-07 22:46:45 house-dialogue-27 z 0.15 seconds
2026-09-07 22:46:58 house-door-approach Up+Right 0.7 seconds
2026-09-07 22:47:00 house-door-align Down+Right 0.25 seconds
2026-09-07 22:47:01 house-door-open z 0.15 seconds
2026-09-07 22:47:09 dan-dialogue-0 z 0.15 seconds
2026-09-07 22:47:12 dan-dialogue-1 z 0.15 seconds
2026-09-07 22:47:14 dan-dialogue-2 z 0.15 seconds
2026-09-07 22:47:17 dan-dialogue-3 z 0.15 seconds
2026-09-07 22:47:19 dan-dialogue-4 z 0.15 seconds
2026-09-07 22:47:22 dan-dialogue-5 z 0.15 seconds
2026-09-07 22:47:25 dan-dialogue-6 z 0.15 seconds
2026-09-07 22:47:27 dan-dialogue-7 z 0.15 seconds
2026-09-07 22:47:30 dan-dialogue-8 z 0.15 seconds
2026-09-07 22:47:33 dan-dialogue-9 z 0.15 seconds
2026-09-07 22:47:35 dan-dialogue-10 z 0.15 seconds
2026-09-07 22:47:38 dan-dialogue-11 z 0.15 seconds
2026-09-07 22:47:41 dan-dialogue-12 z 0.15 seconds
2026-09-07 22:47:43 dan-dialogue-13 z 0.15 seconds
2026-09-07 22:47:46 dan-dialogue-14 z 0.15 seconds
2026-09-07 22:47:49 dan-dialogue-15 z 0.15 seconds
2026-09-07 22:47:51 dan-dialogue-16 z 0.15 seconds
2026-09-07 22:47:54 dan-dialogue-17 z 0.15 seconds
2026-09-07 22:47:57 dan-dialogue-18 z 0.15 seconds
2026-09-07 22:47:59 dan-dialogue-19 z 0.15 seconds
2026-09-07 22:48:02 dan-dialogue-20 z 0.15 seconds
2026-09-07 22:48:04 dan-dialogue-21 z 0.15 seconds
2026-09-07 22:48:07 dan-dialogue-22 z 0.15 seconds
2026-09-07 22:48:10 dan-dialogue-23 z 0.15 seconds
2026-09-07 22:48:12 dan-dialogue-24 z 0.15 seconds
2026-09-07 22:48:15 dan-dialogue-25 z 0.15 seconds
2026-09-07 22:48:18 dan-dialogue-26 z 0.15 seconds
2026-09-07 22:48:20 dan-dialogue-27 z 0.15 seconds
2026-09-07 22:48:24 door-approach2 Up+Right 0.55 seconds
2026-09-07 22:48:25 door-open2 z 0.15 seconds
2026-09-07 22:48:37 door-close2 Up+Right 0.3 seconds
2026-09-07 22:48:38 door-angle2 Down+Right 0.2 seconds
2026-09-07 22:48:40 door-use2 z 0.15 seconds
2026-09-07 22:48:54 village-out Up+Right 2.0 seconds
2026-09-07 22:49:00 village-north Up+Left 5.0 seconds
2026-09-07 22:49:02 village-backoff Down+Right 1.0 seconds
2026-09-07 22:49:07 village-east Up+Right 4.0 seconds
2026-09-07 22:49:13 village-path Up+Left 5.0 seconds
2026-09-07 22:49:16 village-rock Down+Left 1.0 seconds
2026-09-07 22:49:26 village-exit Up+Left 9.0 seconds
2026-09-07 22:49:51 mountain-encounter Up+Left 12.0 seconds
2026-09-07 22:50:06 battle-confirm z 0.15 seconds
2026-09-07 22:50:21 battle-target z 0.15 seconds
2026-09-07 22:50:22 battle-attack v 0.15 seconds
