Breakpoint 1 at 0x4ed606: file src/slus_006.64/system/temp1.c, line 2344.

Thread 1 "xeno-port" received signal SIGINT, Interrupt.
Vsync (mode=-1) at pc_port/src/psyq_compat.c:1462
1462	}
Missing rpms, try: dnf --enablerepo='*debug*' install coreutils-debuginfo-9.10-5.fc44.x86_64 sdl2-compat-debuginfo-2.32.70-1.fc44.x86_64 openal-soft-debuginfo-1.24.2-6.fc44.x86_64 glibc-debuginfo-2.43-8.fc44.x86_64 fmt-debuginfo-11.2.0-4.fc44.x86_64 libstdc++-debuginfo-16.2.1-2.fc44.x86_64 libgcc-debuginfo-16.2.1-2.fc44.x86_64 SDL3-debuginfo-3.4.14-1.fc44.x86_64 dbus-libs-debuginfo-1.16.2-1.fc44.x86_64 systemd-libs-debuginfo-259.8-1.fc44.x86_64 libX11-debuginfo-1.8.13-1.fc44.x86_64 libxcb-debuginfo-1.17.0-7.fc44.x86_64 libXau-debuginfo-1.0.12-4.fc44.x86_64 libXext-debuginfo-1.3.6-5.fc44.x86_64 libXcursor-debuginfo-1.2.3-4.fc44.x86_64 libXrender-debuginfo-0.9.12-4.fc44.x86_64 libXfixes-debuginfo-6.0.1-7.fc44.x86_64 libXi-debuginfo-1.8.3-1.fc44.x86_64 libXrandr-debuginfo-1.5.4-7.fc44.x86_64 libXScrnSaver-debuginfo-1.2.4-7.fc44.x86_64 libXtst-debuginfo-1.2.5-4.fc44.x86_64 libglvnd-glx-debuginfo-1.7.0-9.fc44.x86_64 libglvnd-debuginfo-1.7.0-9.fc44.x86_64 mesa-libGL-debuginfo-26.2.1-5.fc44.x86_64 mesa-dri-drivers-debuginfo-26.2.1-5.fc44.x86_64 libdrm-debuginfo-2.4.134-1.fc44.x86_64 libX11-xcb-debuginfo-1.8.13-1.fc44.x86_64 libXxf86vm-debuginfo-1.1.6-4.fc44.x86_64 expat-debuginfo-2.8.3-1.fc44.x86_64 llvm-libs-debuginfo-22.1.8-4.fc44.x86_64 zlib-ng-compat-debuginfo-2.3.3-3.fc44.x86_64 libzstd-debuginfo-1.5.7-5.fc44.x86_64 spirv-tools-libs-debuginfo-2026.1-1.fc44.x86_64 lm_sensors-libs-debuginfo-3.6.0-24.fc44.x86_64 libxshmfence-debuginfo-1.3.2-8.fc44.x86_64 elfutils-libelf-debuginfo-0.196-1.fc44.x86_64 libffi-debuginfo-3.5.2-2.fc44.x86_64 libedit-debuginfo-3.1-59.20260512cvs.fc44.x86_64 libxml2-debuginfo-2.12.10-6.fc44.x86_64 libpciaccess-debuginfo-0.16-17.fc44.x86_64 ncurses-libs-debuginfo-6.6-1.fc44.x86_64 xz-libs-debuginfo-5.8.2-2.fc44.x86_64 libusb1-debuginfo-1.0.30-1.fc44.x86_64 pipewire-libs-debuginfo-1.6.8-1.fc44.x86_64 libselinux-debuginfo-3.11-1.fc44.x86_64 pcre2-debuginfo-10.47-1.fc44.1.x86_64
$1 = {115, 0, -455}
Continuing.

Thread 1 "xeno-port" received signal SIGINT, Interrupt.
0x00007f0fab8ef312 in __syscall_cancel_arch () from /usr/lib64/libc.so.6
$2 = {112, 0, -409}
Continuing.

Thread 1 "xeno-port" received signal SIGINT, Interrupt.
PsyX_Sys_GetVBlankCount () at /home/blizz/Projects/xenogears-decomp/pc_port/extern/PsyCross/src/PsyX_main.cpp:159
warning: 159	/home/blizz/Projects/xenogears-decomp/pc_port/extern/PsyCross/src/PsyX_main.cpp: No such file or directory
$3 = {112, 0, -410}
$4 = -512
Continuing.

Thread 1 "xeno-port" received signal SIGINT, Interrupt.
0x000000000053a023 in Vsync (mode=-1) at pc_port/src/psyq_compat.c:1383
1383	    if (mode == 1 || mode < 0)
$5 = {194, 0, -239}
Continuing.
ATLAS_ENTRY
#0  func_80026BA4 (pTable=0x6fa18c <g_PsxRam+909516> <incomplete sequence \352>, index=129, ofsX=144, ofsY=42, ofsZ=19392, pPrimBuffer=0x6d6a20 <g_PsxRam+764256> "\022") at src/slus_006.64/system/temp1.c:2344
#1  0x00000000004fa822 in runtime_bridge_call (opaque=0x91d0c0 <g_BattleRuntime>, cpu=0x7ffd95515fd0, target=2147642276) at pc_port/src/battle_mips_runtime.c:914
#2  0x00000000004fa91f in runtime_bridge (opaque=0x91d0c0 <g_BattleRuntime>, cpu=0x7ffd95515fd0, target=2147642276) at pc_port/src/battle_mips_runtime.c:934
#3  0x00000000004f79fc in PcPortMipsRun (cpu=0x7ffd95515fd0, entry=2148261180, halt_pc=4294967292, max_steps=50000000) at pc_port/src/battle_mips_adapter.c:432
#4  0x00000000004fae9b in run_guest_callback (runtime=0x91d0c0 <g_BattleRuntime>, callback=2148261180, argument=0x6ef1c8 <g_PsxRam+864520>) at pc_port/src/battle_mips_runtime.c:1053
#5  0x00000000004faf47 in PcPort_BattleMipsDispatchCallback (callback=2148261180, argument=0x6ef1c8 <g_PsxRam+864520>) at pc_port/src/battle_mips_runtime.c:1069
#6  0x000000000053b1de in WorkListInvokeCallback (callback=0x800bdd3c, argument=0x6ef1c8 <g_PsxRam+864520>) at pc_port/src/work_list_port.c:26
pTable = 0x6fa18c <g_PsxRam+909516> <incomplete sequence \352>
index = 129
ofsX = 144
ofsY = 42
ofsZ = 19392
pPrimBuffer = 0x6d6a20 <g_PsxRam+764256> "\022"
$6 = 0x800bdd88
$7 = 0x1f800390
$8 = (void *) 0x726530 <g_PsxRam+1090672>
$9 = (void *) 0x72b4e0 <g_PsxRam+1111072>
0x91c450 <g_PsxScratchpad+912>:	0x800bdad8	0x800bda74	0x1f8003c0	0x00000000
0x91c460 <g_PsxScratchpad+928>:	0x006e4bc0	0x800ba960	0x00002000	0x00000000
Hardware watchpoint 2: *(unsigned int *)(g_PsxRam+0xba960)
Continuing.

Thread 1 "xeno-port" hit Hardware watchpoint 2: *(unsigned int *)(g_PsxRam+0xba960)

Old value = 2543976466
New value = 161611794
func_80026BA4 (pTable=0x6fa18c <g_PsxRam+909516> <incomplete sequence \352>, index=129, ofsX=144, ofsY=42, ofsZ=19392, pPrimBuffer=0x6d6a20 <g_PsxRam+764256> "\022") at src/slus_006.64/system/temp1.c:2382
warning: Source file is more recent than executable.
2382	        poly[29] = poly[37] = v + height;
   0x4ed762 <func_80026BA4+390>:	mov    $0xc0,%bh
   0x4ed764 <func_80026BA4+392>:	mov    %eax,-0x1c(%rbp)
   0x4ed767 <func_80026BA4+395>:	mov    -0x10(%rbp),%rax
   0x4ed76b <func_80026BA4+399>:	add    $0x3,%rax
   0x4ed76f <func_80026BA4+403>:	movb   $0x9,(%rax)
=> 0x4ed772 <func_80026BA4+406>:	mov    -0x10(%rbp),%rax
   0x4ed776 <func_80026BA4+410>:	add    $0x7,%rax
   0x4ed77a <func_80026BA4+414>:	movb   $0x2d,(%rax)
#0  func_80026BA4 (pTable=0x6fa18c <g_PsxRam+909516> <incomplete sequence \352>, index=129, ofsX=144, ofsY=42, ofsZ=19392, pPrimBuffer=0x6d6a20 <g_PsxRam+764256> "\022") at src/slus_006.64/system/temp1.c:2382
#1  0x00000000004fa822 in runtime_bridge_call (opaque=0x91d0c0 <g_BattleRuntime>, cpu=0x7ffd95515fd0, target=2147642276) at pc_port/src/battle_mips_runtime.c:914
#2  0x00000000004fa91f in runtime_bridge (opaque=0x91d0c0 <g_BattleRuntime>, cpu=0x7ffd95515fd0, target=2147642276) at pc_port/src/battle_mips_runtime.c:934
#3  0x00000000004f79fc in PcPortMipsRun (cpu=0x7ffd95515fd0, entry=2148261180, halt_pc=4294967292, max_steps=50000000) at pc_port/src/battle_mips_adapter.c:432
#4  0x00000000004fae9b in run_guest_callback (runtime=0x91d0c0 <g_BattleRuntime>, callback=2148261180, argument=0x6ef1c8 <g_PsxRam+864520>) at pc_port/src/battle_mips_runtime.c:1053
(More stack frames follow...)
[Inferior 1 (process 586760) killed]
