[worldmap-common-tail-p5] entry C894=0
[worldmap-common-tail-p5] C894=0 → calling wm_80075228
[worldmap-common-tail-p5] calling SystemTransferPaletteToVRAM(0x130, 0x1e0)
[worldmap-common-tail-p5] exit cut=0x8007299c
[worldmap-common-tail-p5] entry C894=0
[worldmap-common-tail-p5] C894=0 → calling wm_80075228
[worldmap-common-tail-p5] calling SystemTransferPaletteToVRAM(0x130, 0x1e0)
[worldmap-common-tail-p5] exit cut=0x8007299c
[worldmap-common-tail-p5] entry C894=0
[worldmap-common-tail-p5] C894=0 → calling wm_80075228
[worldmap-common-tail-p5] calling SystemTransferPaletteToVRAM(0x130, 0x1e0)
[worldmap-common-tail-p5] exit cut=0x8007299c
[worldmap-common-tail-p5] entry C894=1
[worldmap-common-tail-p5] C894!=0 → skip wm_80075228
[worldmap-common-tail-p5] calling SystemTransferPaletteToVRAM(0x130, 0x1e0)
[worldmap-common-tail-p5] exit cut=0x8007299c
[worldmap-common-tail-p5] entry C894=0
[worldmap-common-tail-p5] C894=0 → calling wm_80075228
[worldmap-common-tail-p5] calling SystemTransferPaletteToVRAM(0x130, 0x1e0)
[worldmap-common-tail-p5] exit cut=0x8007299c
[worldmap-common-tail-p5] entry C894=0
[worldmap-common-tail-p5] C894=0 → calling wm_80075228
[worldmap-common-tail-p5] calling SystemTransferPaletteToVRAM(0x130, 0x1e0)
[worldmap-common-tail-p5] exit cut=0x8007299c
[worldmap-common-tail-p5] entry C894=0
[worldmap-common-tail-p5] C894=0 → calling wm_80075228
[worldmap-common-tail-p5] calling SystemTransferPaletteToVRAM(0x130, 0x1e0)
[worldmap-common-tail-p5] exit cut=0x8007299c
[worldmap-common-tail-p0] entry C610=0
[worldmap-common-tail-p0] C610=0 → calling wm_80089160(14,0,0)
[wm-80089160] entry a0=14 a1=0x00000000 a2=0x00000000 table_base=0x00000000 record=0x000024c0
[wm-80089160] Path A t2=0
[wm-80089160] exit t2=0 iterations=8
[worldmap-common-tail-p0] exit cut=0x8007293c
[worldmap-common-tail-p1] calling wm_800978FC
[wm-800978FC] alloc ptr1=0x802f0000 ptr2=0x802e0000
[wm-800978FC] init+copy done
[worldmap-common-tail-p1] exit cut=0x80072944
[worldmap-common-tail-p2] calling wm_8008901C
[wm-8008901C] alloc ptr1=0x802dd800 ptr2=0x802db000
[wm-8008901C] tpage=0x00bd clut=0x7fd0
[wm-8008901C] init+copy done
[worldmap-common-tail-p2] exit cut=0x8007294c
[worldmap-common-tail-p3] calling wm_800865A0
[wm-800865A0] alloc ptr1=0x802d8300 ptr2=0x802d5600
[wm-800865A0] tpage=0x003f clut=0x7f93
[wm-800865A0] init+copy done
[worldmap-common-tail-p3] exit cut=0x80072954
[worldmap-common-tail-p4] calling wm_80085FE0
[wm-80085FE0] alloc ptr1=0x802d0600 ptr2=0x802cb600
[wm-80085FE0] init+copy done
[worldmap-common-tail-p4] exit cut=0x8007295c
[worldmap-common-tail-p5] entry C894=0
[worldmap-common-tail-p5] C894=0 → calling wm_80075228
[worldmap-common-tail-p5] calling SystemTransferPaletteToVRAM(0x130, 0x1e0)
[worldmap-common-tail-p5] exit cut=0x8007299c
[worldmap-common-tail-p5] entry C894=0
[worldmap-common-tail-p5] C894=0 → calling wm_80075228
[worldmap-common-tail-p5] calling SystemTransferPaletteToVRAM(0x130, 0x1e0)
[worldmap-common-tail-p5] exit cut=0x8007299c
[worldmap-common-tail-p5] entry C894=0
[worldmap-common-tail-p5] C894=0 → calling wm_80075228
[worldmap-common-tail-p5] calling SystemTransferPaletteToVRAM(0x130, 0x1e0)
[worldmap-common-tail-p5] exit cut=0x8007299c
[worldmap-common-tail-p0] entry C610=0
[worldmap-common-tail-p0] C610=0 → calling wm_80089160(14,0,0)
[wm-80089160] entry a0=14 a1=0x00000000 a2=0x00000000 table_base=0x00000000 record=0x000024c0
[wm-80089160] Path A t2=0
[wm-80089160] exit t2=0 iterations=8
[worldmap-common-tail-p0] exit cut=0x8007293c
[worldmap-common-tail-p1] calling wm_800978FC
[wm-800978FC] alloc ptr1=0x802f0000 ptr2=0x802e0000
[wm-800978FC] init+copy done
[worldmap-common-tail-p1] exit cut=0x80072944
[worldmap-common-tail-p2] calling wm_8008901C
[wm-8008901C] alloc ptr1=0x802dd800 ptr2=0x802db000
[wm-8008901C] tpage=0x00bd clut=0x7fd0
[wm-8008901C] init+copy done
[worldmap-common-tail-p2] exit cut=0x8007294c
[worldmap-common-tail-p3] calling wm_800865A0
[wm-800865A0] alloc ptr1=0x802d8300 ptr2=0x802d5600
[wm-800865A0] tpage=0x003f clut=0x7f93
[wm-800865A0] init+copy done
[worldmap-common-tail-p3] exit cut=0x80072954
[worldmap-common-tail-p4] calling wm_80085FE0
[wm-80085FE0] alloc ptr1=0x802d0600 ptr2=0x802cb600
[wm-80085FE0] init+copy done
[worldmap-common-tail-p4] exit cut=0x8007295c
[worldmap-common-tail-p5] entry C894=0
[worldmap-common-tail-p5] C894=0 → calling wm_80075228
[worldmap-common-tail-p5] calling SystemTransferPaletteToVRAM(0x130, 0x1e0)
[worldmap-common-tail-p5] exit cut=0x8007299c
[worldmap-common-tail-p5] entry C894=1
[worldmap-common-tail-p5] C894!=0 → skip wm_80075228
[worldmap-common-tail-p5] calling SystemTransferPaletteToVRAM(0x130, 0x1e0)
[worldmap-common-tail-p5] exit cut=0x8007299c
[worldmap-common-tail-p5] entry C894=255
[worldmap-common-tail-p5] C894!=0 → skip wm_80075228
[worldmap-common-tail-p5] calling SystemTransferPaletteToVRAM(0x130, 0x1e0)
[worldmap-common-tail-p5] exit cut=0x8007299c
=== W34B5F P5 routing test ===

Test 1: P5 gate OFF
  PASS: P5 entry == 0 (gate OFF)
  PASS: P5 75228_calls == 0
  PASS: P5 palette_calls == 0
  PASS: palette stub calls == 0

Test 2: P5 gate ON, C894=0 (natural path)
  PASS: P5 entry == 1
  PASS: P5 c894_zero == 1
  PASS: P5 c894_nonzero == 0
  PASS: P5 75228_calls == 1
  PASS: P5 palette_calls == 1
  PASS: palette stub calls == 1
  PASS: palette x == 0x130
  PASS: palette y == 0x1E0
  PASS: P5 sentinel == 0x8007299C (slot-2 entry)
  PASS: P5 real return PC == 0x80071064

Test 3: P5 C894=0, cross button set
  PASS: 75228_calls == 1
  PASS: D_8009BE40 == 768 (cross)

Test 4: P5 C894=0, no cross button
  PASS: D_8009BE40 == 384 (no cross)

Test 5: P5 C894!=0 (alternate path)
  PASS: P5 entry == 1
  PASS: P5 c894_zero == 0
  PASS: P5 c894_nonzero == 1
  PASS: P5 75228_calls == 0 (skipped)
  PASS: P5 palette_calls == 1
  PASS: palette stub calls == 1
  PASS: P5 sentinel == 0x8007299C (slot-2 entry)
  PASS: P5 real return PC == 0x80071064

Test 6: wm_80075228 global writes
  PASS: D_8009C872 == 0 after zero
  PASS: D_8009C870 == 0 after zero
  PASS: D_8009C860 == 0 after zero
  PASS: D_8009D64C == 1
  PASS: D_8009BE40 == 384 (no cross)
  PASS: D_8009BCC4 == 1
  PASS: D_8009D80C == 0

Test 7: Repeated entry count
  PASS: P5 entry == 3
  PASS: P5 75228_calls == 3
  PASS: P5 palette_calls == 3

Test 8: Reset clears counters
  PASS: entry == 0 after reset
  PASS: c894_zero == 0 after reset
  PASS: c894_nonzero == 0 after reset
  PASS: 75228_calls == 0 after reset
  PASS: palette_calls == 0 after reset
  PASS: last_cut == 0 after reset

Test 9: Full chain returns exact cuts
  PASS: P5 sentinel == 0x8007299C (slot-2 entry)
  PASS: P5 real return PC == 0x80071064
  PASS: 75228 called once
  PASS: palette called once

Test 10: Forbidden path guards
  PASS: forbidden scheduler == 0
  PASS: forbidden world_loop == 0
  PASS: forbidden drawotag == 0

Test 11: First excluded / next helper ZERO
  PASS: slot-2 sentinel = 0x8007299C
  PASS: real return PC = 0x80071064
  PASS: scheduler ZERO
  PASS: world_loop ZERO
  PASS: drawotag ZERO

Test 12: Prior state preservation
  PASS: C610 preserved
  PASS: C618 preserved
  PASS: BCDC preserved
  PASS: P1 ptr1 still valid
  PASS: P1 ptr2 still valid
  PASS: P2 ptr1 still valid
  PASS: P2 ptr2 still valid
  PASS: P3 ptr1 valid
  PASS: P3 ptr2 valid
  PASS: P4 ptr1 valid
  PASS: P4 ptr2 valid

Test 13: C894 edge value (1)
  PASS: c894_nonzero == 1
  PASS: c894_zero == 0
  PASS: 75228_calls == 0
  PASS: palette_calls == 1

Test 14: C894 edge value (0xFF)
  PASS: c894_nonzero == 1
  PASS: 75228_calls == 0
  PASS: palette_calls == 1

=== Results: 71/71 PASS ===
