[Thread debugging using libthread_db enabled]
Using host libthread_db library "/usr/lib64/libthread_db.so.1".
0x00007f5cebe06312 in __syscall_cancel_arch () from /usr/lib64/libc.so.6
$1 = 35
$2 = 1
$3 = (void *) 0x5000f18000010
$4 = (ScriptsFile *) 0x73db30 <g_PsxRam+1182288>
actor0 $5 = 0x2d36
actor1 $6 = 0xd7b
actor2 $7 = 0xf17
actor3 $8 = 0x10ea
actor4 $9 = 0x1167
actor5 $10 = 0x152e
actor6 $11 = 0x15ce
actor7 $12 = 0x1719
actor8 $13 = 0x17f9
actor9 $14 = 0x182e
actor10 $15 = 0x1b36
actor11 $16 = 0x1d27
actor12 $17 = 0x1db0
actor13 $18 = 0x1f50
actor14 $19 = 0x1f5b
actor15 $20 = 0x1f6f
actor16 $21 = 0x1f81
actor17 $22 = 0x1fa1
actor18 $23 = 0x1faf
actor19 $24 = 0x1fbc
actor20 $25 = 0x1fc7
actor21 $26 = 0x1fd7
actor22 $27 = 0x1fe2
actor23 $28 = 0x1ff0
actor24 $29 = 0x2004
actor25 $30 = 0x2017
actor26 $31 = 0x2394
actor27 $32 = 0x2451
actor28 $33 = 0x2601
actor29 $34 = 0x2768
actor30 $35 = 0x27db
actor31 $36 = 0x294e
actor32 $37 = 0x2b19
actor33 $38 = 0x2b1f
actor34 $39 = 0x2b2f
[Inferior 1 (process 3438797) detached]
